Component: ARM Compiler 5.06 update 6 (build 750) Tool: armlink [4d35ed]

==============================================================================

Section Cross References

    sysinit.o(i.SystemInit) refers to fpu_init.o(i.fpuInit) for fpuInit
    sysinit.o(i.SystemInit) refers to board_sysinit.o(i.Board_SystemInit) for Board_SystemInit
    sysinit.o(i.SystemInit) refers to keil_startup_lpc18xx43xx.o(RESET) for __Vectors
    uart.o(i.App_DMA_Test) refers to gpdma_18xx_43xx.o(i.Chip_GPDMA_Init) for Chip_GPDMA_Init
    uart.o(i.App_DMA_Test) refers to uart.o(i.NVIC_DisableIRQ) for NVIC_DisableIRQ
    uart.o(i.App_DMA_Test) refers to uart.o(i.NVIC_SetPriority) for NVIC_SetPriority
    uart.o(i.App_DMA_Test) refers to uart.o(i.NVIC_EnableIRQ) for NVIC_EnableIRQ
    uart.o(i.App_DMA_Test) refers to gpdma_18xx_43xx.o(i.Chip_GPDMA_GetFreeChannel) for Chip_GPDMA_GetFreeChannel
    uart.o(i.App_DMA_Test) refers to gpdma_18xx_43xx.o(i.Chip_GPDMA_Transfer) for Chip_GPDMA_Transfer
    uart.o(i.App_DMA_Test) refers to gpdma_18xx_43xx.o(i.Chip_GPDMA_Stop) for Chip_GPDMA_Stop
    uart.o(i.App_DMA_Test) refers to uart.o(.data) for .data
    uart.o(i.App_Interrupt_Test) refers to ring_buffer.o(i.RingBuffer_Init) for RingBuffer_Init
    uart.o(i.App_Interrupt_Test) refers to uart.o(i.NVIC_SetPriority) for NVIC_SetPriority
    uart.o(i.App_Interrupt_Test) refers to uart.o(i.NVIC_EnableIRQ) for NVIC_EnableIRQ
    uart.o(i.App_Interrupt_Test) refers to uart_18xx_43xx.o(i.Chip_UART_ReadRB) for Chip_UART_ReadRB
    uart.o(i.App_Interrupt_Test) refers to uart.o(i.NVIC_DisableIRQ) for NVIC_DisableIRQ
    uart.o(i.App_Interrupt_Test) refers to uart_18xx_43xx.o(i.Chip_UART_SendRB) for Chip_UART_SendRB
    uart.o(i.App_Interrupt_Test) refers to uart.o(.bss) for .bss
    uart.o(i.App_Interrupt_Test) refers to uart.o(.data) for .data
    uart.o(i.DMA_IRQHandler) refers to gpdma_18xx_43xx.o(i.Chip_GPDMA_Interrupt) for Chip_GPDMA_Interrupt
    uart.o(i.DMA_IRQHandler) refers to uart.o(.data) for .data
    uart.o(i.Print_Menu_Polling) refers to uart_18xx_43xx.o(i.Chip_UART_SendBlocking) for Chip_UART_SendBlocking
    uart.o(i.Print_Menu_Polling) refers to uart.o(.data) for .data
    uart.o(i.UART2_IRQHandler) refers to uart_18xx_43xx.o(i.Chip_UART_IRQRBHandler) for Chip_UART_IRQRBHandler
    uart.o(i.UART2_IRQHandler) refers to uart.o(.bss) for .bss
    uart.o(i.main) refers to chip_18xx_43xx.o(i.SystemCoreClockUpdate) for SystemCoreClockUpdate
    uart.o(i.main) refers to board.o(i.Board_Init) for Board_Init
    uart.o(i.main) refers to board.o(i.Board_UART_Init) for Board_UART_Init
    uart.o(i.main) refers to uart_18xx_43xx.o(i.Chip_UART_Init) for Chip_UART_Init
    uart.o(i.main) refers to uart_18xx_43xx.o(i.Chip_UART_SetBaud) for Chip_UART_SetBaud
    uart.o(i.main) refers to uart.o(i.NVIC_SetPriority) for NVIC_SetPriority
    uart.o(i.main) refers to uart.o(i.NVIC_EnableIRQ) for NVIC_EnableIRQ
    uart.o(i.main) refers to uart_18xx_43xx.o(i.Chip_UART_SendBlocking) for Chip_UART_SendBlocking
    uart.o(i.main) refers to uart_18xx_43xx.o(i.Chip_UART_ABCmd) for Chip_UART_ABCmd
    uart.o(i.main) refers to uart_18xx_43xx.o(i.Chip_UART_GetABEOStatus) for Chip_UART_GetABEOStatus
    uart.o(i.main) refers to uart.o(i.NVIC_DisableIRQ) for NVIC_DisableIRQ
    uart.o(i.main) refers to uart_18xx_43xx.o(i.Chip_UART_Read) for Chip_UART_Read
    uart.o(i.main) refers to uart.o(i.App_DMA_Test) for App_DMA_Test
    uart.o(i.main) refers to uart_18xx_43xx.o(i.Chip_UART_CheckBusy) for Chip_UART_CheckBusy
    uart.o(i.main) refers to uart_18xx_43xx.o(i.Chip_UART_DeInit) for Chip_UART_DeInit
    uart.o(i.main) refers to uart.o(i.App_Interrupt_Test) for App_Interrupt_Test
    uart.o(i.main) refers to uart.o(i.Print_Menu_Polling) for Print_Menu_Polling
    uart.o(i.main) refers to uart.o(.data) for .data
    keil_startup_lpc18xx43xx.o(STACK) refers (Special) to heapauxi.o(.text) for __use_two_region_memory
    keil_startup_lpc18xx43xx.o(HEAP) refers (Special) to heapauxi.o(.text) for __use_two_region_memory
    keil_startup_lpc18xx43xx.o(RESET) refers (Special) to heapauxi.o(.text) for __use_two_region_memory
    keil_startup_lpc18xx43xx.o(RESET) refers to keil_startup_lpc18xx43xx.o(STACK) for __initial_sp
    keil_startup_lpc18xx43xx.o(RESET) refers to keil_startup_lpc18xx43xx.o(.text) for Reset_Handler
    keil_startup_lpc18xx43xx.o(RESET) refers to uart.o(i.DMA_IRQHandler) for DMA_IRQHandler
    keil_startup_lpc18xx43xx.o(RESET) refers to uart.o(i.UART2_IRQHandler) for UART2_IRQHandler
    keil_startup_lpc18xx43xx.o(.text) refers (Special) to heapauxi.o(.text) for __use_two_region_memory
    keil_startup_lpc18xx43xx.o(.text) refers to sysinit.o(i.SystemInit) for SystemInit
    keil_startup_lpc18xx43xx.o(.text) refers to __main.o(!!!main) for __main
    keil_startup_lpc18xx43xx.o(.text) refers to keil_startup_lpc18xx43xx.o(HEAP) for Heap_Mem
    keil_startup_lpc18xx43xx.o(.text) refers to keil_startup_lpc18xx43xx.o(STACK) for Stack_Mem
[...]
    aeabi_ldiv0_sigfpe.o(.text) refers to rt_div0.o(.text) for __rt_div0
    __rtentry2.o(.ARM.Collect$$rtentry$$00000008) refers to boardinit2.o(.text) for _platform_post_stackheap_init
    __rtentry2.o(.ARM.Collect$$rtentry$$0000000A) refers to libinit.o(.ARM.Collect$$libinit$$00000000) for __rt_lib_init
    __rtentry2.o(.ARM.Collect$$rtentry$$0000000B) refers to boardinit3.o(.text) for _platform_post_lib_init
    __rtentry2.o(.ARM.Collect$$rtentry$$0000000D) refers to uart.o(i.main) for main
    __rtentry2.o(.ARM.Collect$$rtentry$$0000000D) refers to exit.o(.text) for exit
    __rtentry2.o(.ARM.exidx) refers to __rtentry2.o(.ARM.Collect$$rtentry$$00000001) for .ARM.Collect$$rtentry$$00000001
    __rtentry2.o(.ARM.exidx) refers to __rtentry2.o(.ARM.Collect$$rtentry$$00000008) for .ARM.Collect$$rtentry$$00000008
    __rtentry2.o(.ARM.exidx) refers to __rtentry2.o(.ARM.Collect$$rtentry$$0000000A) for .ARM.Collect$$rtentry$$0000000A
    __rtentry2.o(.ARM.exidx) refers to __rtentry2.o(.ARM.Collect$$rtentry$$0000000B) for .ARM.Collect$$rtentry$$0000000B
    __rtentry2.o(.ARM.exidx) refers to __rtentry2.o(.ARM.Collect$$rtentry$$0000000D) for .ARM.Collect$$rtentry$$0000000D
    __rtentry4.o(.ARM.Collect$$rtentry$$00000004) refers to sys_stackheap_outer.o(.text) for __user_setup_stackheap
    __rtentry4.o(.ARM.exidx) refers to __rtentry4.o(.ARM.Collect$$rtentry$$00000004) for .ARM.Collect$$rtentry$$00000004
    rt_div0.o(.text) refers to defsig_fpe_outer.o(.text) for __rt_SIGFPE
    sys_stackheap_outer.o(.text) refers to libspace.o(.text) for __user_perproc_libspace
    sys_stackheap_outer.o(.text) refers to keil_startup_lpc18xx43xx.o(.text) for __user_initial_stackheap
    exit.o(.text) refers to rtexit.o(.ARM.Collect$$rtexit$$00000000) for __rt_exit
    defsig_fpe_outer.o(.text) refers to defsig_fpe_inner.o(.text) for __rt_SIGFPE_inner
    defsig_fpe_outer.o(.text) refers to defsig_exit.o(.text) for __sig_exit
    defsig_fpe_formal.o(.text) refers to rt_raise.o(.text) for __rt_raise
    libinit.o(.ARM.Collect$$libinit$$00000000) refers (Special) to libinit2.o(.ARM.Collect$$libinit$$0000002E) for __rt_lib_init_alloca_1
    libinit.o(.ARM.Collect$$libinit$$00000000) refers (Special) to libinit2.o(.ARM.Collect$$libinit$$0000002C) for __rt_lib_init_argv_1
    libinit.o(.ARM.Collect$$libinit$$00000000) refers (Special) to libinit2.o(.ARM.Collect$$libinit$$0000001B) for __rt_lib_init_atexit_1
    libinit.o(.ARM.Collect$$libinit$$00000000) refers (Special) to libinit2.o(.ARM.Collect$$libinit$$00000021) for __rt_lib_init_clock_1
    libinit.o(.ARM.Collect$$libinit$$00000000) refers (Special) to libinit2.o(.ARM.Collect$$libinit$$00000032) for __rt_lib_init_cpp_1
    libinit.o(.ARM.Collect$$libinit$$00000000) refers (Special) to libinit2.o(.ARM.Collect$$libinit$$00000030) for __rt_lib_init_exceptions_1
    libinit.o(.ARM.Collect$$libinit$$00000000) refers (Special) to libinit2.o(.ARM.Collect$$libinit$$00000001) for __rt_lib_init_fp_1
    libinit.o(.ARM.Collect$$libinit$$00000000) refers (Special) to libinit2.o(.ARM.Collect$$libinit$$0000001F) for __rt_lib_init_fp_trap_1
    libinit.o(.ARM.Collect$$libinit$$00000000) refers (Special) to libinit2.o(.ARM.Collect$$libinit$$00000023) for __rt_lib_init_getenv_1
    libinit.o(.ARM.Collect$$libinit$$00000000) refers (Special) to libinit2.o(.ARM.Collect$$libinit$$0000000A) for __rt_lib_init_heap_1
    libinit.o(.ARM.Collect$$libinit$$00000000) refers (Special) to libinit2.o(.ARM.Collect$$libinit$$00000011) for __rt_lib_init_lc_collate_1
    libinit.o(.ARM.Collect$$libinit$$00000000) refers (Special) to libinit2.o(.ARM.Collect$$libinit$$00000013) for __rt_lib_init_lc_ctype_1
    libinit.o(.ARM.Collect$$libinit$$00000000) refers (Special) to libinit2.o(.ARM.Collect$$libinit$$00000015) for __rt_lib_init_lc_monetary_1
    libinit.o(.ARM.Collect$$libinit$$00000000) refers (Special) to libinit2.o(.ARM.Collect$$libinit$$00000017) for __rt_lib_init_lc_numeric_1
    libinit.o(.ARM.Collect$$libinit$$00000000) refers (Special) to libinit2.o(.ARM.Collect$$libinit$$00000019) for __rt_lib_init_lc_time_1
    libinit.o(.ARM.Collect$$libinit$$00000000) refers (Special) to libinit2.o(.ARM.Collect$$libinit$$00000004) for __rt_lib_init_preinit_1
    libinit.o(.ARM.Collect$$libinit$$00000000) refers (Special) to libinit2.o(.ARM.Collect$$libinit$$0000000E) for __rt_lib_init_rand_1
    libinit.o(.ARM.Collect$$libinit$$00000000) refers (Special) to libinit2.o(.ARM.Collect$$libinit$$00000033) for __rt_lib_init_return
    libinit.o(.ARM.Collect$$libinit$$00000000) refers (Special) to libinit2.o(.ARM.Collect$$libinit$$0000001D) for __rt_lib_init_signal_1
    libinit.o(.ARM.Collect$$libinit$$00000000) refers (Special) to libinit2.o(.ARM.Collect$$libinit$$00000025) for __rt_lib_init_stdio_1
    libinit.o(.ARM.Collect$$libinit$$00000000) refers (Special) to libinit2.o(.ARM.Collect$$libinit$$0000000C) for __rt_lib_init_user_alloc_1
    libspace.o(.text) refers to libspace.o(.bss) for __libspace_start
    rtexit.o(.ARM.Collect$$rtexit$$00000000) refers (Special) to rtexit2.o(.ARM.Collect$$rtexit$$00000004) for __rt_exit_exit
    rtexit.o(.ARM.Collect$$rtexit$$00000000) refers (Special) to rtexit2.o(.ARM.Collect$$rtexit$$00000003) for __rt_exit_ls
    rtexit.o(.ARM.Collect$$rtexit$$00000000) refers (Special) to rtexit2.o(.ARM.Collect$$rtexit$$00000002) for __rt_exit_prels_1
    rtexit.o(.ARM.exidx) refers (Special) to rtexit2.o(.ARM.Collect$$rtexit$$00000004) for __rt_exit_exit
    rtexit.o(.ARM.exidx) refers (Special) to rtexit2.o(.ARM.Collect$$rtexit$$00000003) for __rt_exit_ls
    rtexit.o(.ARM.exidx) refers (Special) to rtexit2.o(.ARM.Collect$$rtexit$$00000002) for __rt_exit_prels_1
    rtexit.o(.ARM.exidx) refers to rtexit.o(.ARM.Collect$$rtexit$$00000000) for .ARM.Collect$$rtexit$$00000000
    rt_raise.o(.text) refers to __raise.o(.text) for __raise
    rt_raise.o(.text) refers to board.o(i._sys_exit) for _sys_exit
    defsig_exit.o(.text) refers to board.o(i._sys_exit) for _sys_exit
    defsig_fpe_inner.o(.text) refers to defsig_general.o(.text) for __default_signal_display
    libinit2.o(.ARM.Collect$$libinit$$00000001) refers to fpinit.o(x$fpl$fpinit) for _fp_init
    libinit2.o(.ARM.Collect$$libinit$$00000010) refers to libinit2.o(.ARM.Collect$$libinit$$0000000F) for .ARM.Collect$$libinit$$0000000F
    libinit2.o(.ARM.Collect$$libinit$$00000012) refers to libinit2.o(.ARM.Collect$$libinit$$0000000F) for .ARM.Collect$$libinit$$0000000F
    libinit2.o(.ARM.Collect$$libinit$$00000014) refers to libinit2.o(.ARM.Collect$$libinit$$0000000F) for .ARM.Collect$$libinit$$0000000F
    libinit2.o(.ARM.Collect$$libinit$$00000016) refers to libinit2.o(.ARM.Collect$$libinit$$0000000F) for .ARM.Collect$$libinit$$0000000F
    libinit2.o(.ARM.Collect$$libinit$$00000018) refers to libinit2.o(.ARM.Collect$$libinit$$0000000F) for .ARM.Collect$$libinit$$0000000F
    libinit2.o(.ARM.Collect$$libinit$$00000026) refers to argv_veneer.o(.emb_text) for __ARM_argv_veneer
    libinit2.o(.ARM.Collect$$libinit$$00000027) refers to argv_veneer.o(.emb_text) for __ARM_argv_veneer
    rtexit2.o(.ARM.Collect$$rtexit$$00000003) refers to libshutdown.o(.ARM.Collect$$libshutdown$$00000000) for __rt_lib_shutdown
    rtexit2.o(.ARM.Collect$$rtexit$$00000004) refers to board.o(i._sys_exit) for _sys_exit
    rtexit2.o(.ARM.exidx) refers to rtexit2.o(.ARM.Collect$$rtexit$$00000001) for .ARM.Collect$$rtexit$$00000001
    rtexit2.o(.ARM.exidx) refers to rtexit2.o(.ARM.Collect$$rtexit$$00000003) for .ARM.Collect$$rtexit$$00000003
    rtexit2.o(.ARM.exidx) refers to rtexit2.o(.ARM.Collect$$rtexit$$00000004) for .ARM.Collect$$rtexit$$00000004
    __raise.o(.text) refers to defsig.o(CL$$defsig) for __default_signal_handler
    defsig_general.o(.text) refers to sys_wrch.o(.text) for _ttywrch
    argv_veneer.o(.emb_text) refers to no_argv.o(.text) for __ARM_get_argv
    sys_wrch.o(.text) refers (Special) to use_no_semi.o(.text) for __I$use$semihosting
    sys_wrch.o(.text) refers (Special) to indicate_semi.o(.text) for __semihosting_library_function
    defsig.o(CL$$defsig) refers to defsig_fpe_inner.o(.text) for __rt_SIGFPE_inner
    defsig.o(CL$$defsig) refers to defsig_rtmem_inner.o(.text) for __rt_SIGRTMEM_inner
    _get_argv_nomalloc.o(.text) refers (Special) to hrguard.o(.text) for __heap_region$guard
    _get_argv_nomalloc.o(.text) refers to defsig_rtmem_outer.o(.text) for __rt_SIGRTMEM
    _get_argv_nomalloc.o(.text) refers to sys_command.o(.text) for _sys_command_string
    libshutdown.o(.ARM.Collect$$libshutdown$$00000000) refers (Special) to libshutdown2.o(.ARM.Collect$$libshutdown$$00000002) for __rt_lib_shutdown_cpp_1
    libshutdown.o(.ARM.Collect$$libshutdown$$00000000) refers (Special) to libshutdown2.o(.ARM.Collect$$libshutdown$$00000007) for __rt_lib_shutdown_fp_trap_1
    libshutdown.o(.ARM.Collect$$libshutdown$$00000000) refers (Special) to libshutdown2.o(.ARM.Collect$$libshutdown$$0000000F) for __rt_lib_shutdown_heap_1
    libshutdown.o(.ARM.Collect$$libshutdown$$00000000) refers (Special) to libshutdown2.o(.ARM.Collect$$libshutdown$$00000010) for __rt_lib_shutdown_return
    libshutdown.o(.ARM.Collect$$libshutdown$$00000000) refers (Special) to libshutdown2.o(.ARM.Collect$$libshutdown$$0000000A) for __rt_lib_shutdown_signal_1
    libshutdown.o(.ARM.Collect$$libshutdown$$00000000) refers (Special) to libshutdown2.o(.ARM.Collect$$libshutdown$$00000004) for __rt_lib_shutdown_stdio_1
    libshutdown.o(.ARM.Collect$$libshutdown$$00000000) refers (Special) to libshutdown2.o(.ARM.Collect$$libshutdown$$0000000C) for __rt_lib_shutdown_user_alloc_1
    sys_command.o(.text) refers (Special) to use_no_semi.o(.text) for __I$use$semihosting
    sys_command.o(.text) refers (Special) to indicate_semi.o(.text) for __semihosting_library_function
    defsig_abrt_inner.o(.text) refers to defsig_general.o(.text) for __default_signal_display
    defsig_rtred_inner.o(.text) refers to defsig_general.o(.text) for __default_signal_display
    defsig_rtmem_inner.o(.text) refers to defsig_general.o(.text) for __default_signal_display
    defsig_rtmem_outer.o(.text) refers to defsig_rtmem_inner.o(.text) for __rt_SIGRTMEM_inner
    defsig_rtmem_outer.o(.text) refers to defsig_exit.o(.text) for __sig_exit
    defsig_rtmem_formal.o(.text) refers to rt_raise.o(.text) for __rt_raise
    defsig_stak_inner.o(.text) refers to defsig_general.o(.text) for __default_signal_display
    defsig_pvfn_inner.o(.text) refers to defsig_general.o(.text) for __default_signal_display
    defsig_cppl_inner.o(.text) refers to defsig_general.o(.text) for __default_signal_display
    defsig_segv_inner.o(.text) refers to defsig_general.o(.text) for __default_signal_display
    defsig_other.o(.text) refers to defsig_general.o(.text) for __default_signal_display


==============================================================================

Removing Unused input sections from the image.

    Removing sysinit.o(.rev16_text), (4 bytes).
    Removing sysinit.o(.revsh_text), (4 bytes).
    Removing uart.o(.rev16_text), (4 bytes).
    Removing uart.o(.revsh_text), (4 bytes).
    Removing chip_18xx_43xx.o(.rev16_text), (4 bytes).
    Removing chip_18xx_43xx.o(.revsh_text), (4 bytes).
    Removing chip_18xx_43xx.o(i.Chip_USB0_Init), (52 bytes).
    Removing chip_18xx_43xx.o(i.Chip_USB1_Init), (68 bytes).
    Removing chip_18xx_43xx.o(i.Chip_USB_PllSetup), (52 bytes).
    Removing chip_18xx_43xx.o(.constdata), (20 bytes).
    Removing gpdma_18xx_43xx.o(.rev16_text), (4 bytes).
    Removing gpdma_18xx_43xx.o(.revsh_text), (4 bytes).
    Removing gpdma_18xx_43xx.o(i.Chip_GPDMA_DeInit), (6 bytes).
    Removing gpdma_18xx_43xx.o(i.Chip_GPDMA_PrepareDescriptor), (104 bytes).
    Removing gpdma_18xx_43xx.o(i.Chip_GPDMA_SGTransfer), (110 bytes).
    Removing uart_18xx_43xx.o(.rev16_text), (4 bytes).
    Removing uart_18xx_43xx.o(.revsh_text), (4 bytes).
    Removing uart_18xx_43xx.o(i.Chip_UART_ReadBlocking), (36 bytes).
    Removing uart_18xx_43xx.o(i.Chip_UART_SetBaudFDR), (204 bytes).
    Removing fpu_init.o(.rev16_text), (4 bytes).
    Removing fpu_init.o(.revsh_text), (4 bytes).
    Removing board.o(.rev16_text), (4 bytes).
    Removing board.o(.revsh_text), (4 bytes).
    Removing board.o(i.Board_ADC_Init), (20 bytes).
    Removing board.o(i.Board_Buttons_Init), (2 bytes).
    Removing board.o(i.Board_DAC_Init), (16 bytes).
    Removing board.o(i.Board_I2C_Init), (36 bytes).
    Removing board.o(i.Board_Joystick_Init), (2 bytes).
    Removing board.o(i.Board_LED_Set), (16 bytes).
    Removing board.o(i.Board_LED_Test), (24 bytes).
    Removing board.o(i.Board_LED_Toggle), (22 bytes).
    Removing board.o(i.Board_SSP_Init), (56 bytes).
    Removing board.o(i.Board_UARTGetChar), (24 bytes).
    Removing board.o(i.Board_UARTPutChar), (16 bytes).
    Removing board.o(i.Board_UARTPutSTR), (20 bytes).
    Removing board.o(i.Buttons_GetStatus), (4 bytes).
    Removing board.o(i.Joystick_GetStatus), (4 bytes).
    Removing board.o(i._sys_open), (4 bytes).
    Removing board.o(i.ferror), (6 bytes).
    Removing board.o(i.fgetc), (4 bytes).
    Removing board.o(i.fputc), (12 bytes).
    Removing board.o(.data), (4 bytes).
    Removing board.o(.data), (4 bytes).
    Removing board.o(.data), (4 bytes).
    Removing board_sysinit.o(.rev16_text), (4 bytes).
    Removing board_sysinit.o(.revsh_text), (4 bytes).
    Removing clock_18xx_43xx.o(.rev16_text), (4 bytes).
    Removing clock_18xx_43xx.o(.revsh_text), (4 bytes).
    Removing clock_18xx_43xx.o(i.Chip_Clock_ClearPowerDown), (20 bytes).
    Removing clock_18xx_43xx.o(i.Chip_Clock_DisableBaseClock), (24 bytes).
    Removing clock_18xx_43xx.o(i.Chip_Clock_DisableCrystal), (16 bytes).
    Removing clock_18xx_43xx.o(i.Chip_Clock_DisablePLL), (20 bytes).
    Removing clock_18xx_43xx.o(i.Chip_Clock_Enable), (44 bytes).
    Removing clock_18xx_43xx.o(i.Chip_Clock_EnableBaseClock), (24 bytes).
    Removing clock_18xx_43xx.o(i.Chip_Clock_EnablePLL), (20 bytes).
    Removing clock_18xx_43xx.o(i.Chip_Clock_GetBaseClockOpts), (52 bytes).
    Removing clock_18xx_43xx.o(i.Chip_Clock_GetEMCRate), (44 bytes).
    Removing clock_18xx_43xx.o(i.Chip_Clock_GetPLLStatus), (16 bytes).
    Removing clock_18xx_43xx.o(i.Chip_Clock_IsBaseClockEnabled), (28 bytes).
    Removing clock_18xx_43xx.o(i.Chip_Clock_RTCEnable), (24 bytes).
    Removing clock_18xx_43xx.o(i.Chip_Clock_SetupMainPLLHz), (130 bytes).
    Removing clock_18xx_43xx.o(i.Chip_Clock_SetupMainPLLMult), (144 bytes).
    Removing clock_18xx_43xx.o(i.Chip_Clock_SetupPLL), (52 bytes).
    Removing clock_18xx_43xx.o(i.Chip_Clock_StartPowerDown), (20 bytes).
    Removing clock_18xx_43xx.o(i.Chip_Clock_TestMainPLLMultiplier), (24 bytes).
    Removing gpio_18xx_43xx.o(.rev16_text), (4 bytes).
    Removing gpio_18xx_43xx.o(.revsh_text), (4 bytes).
    Removing gpio_18xx_43xx.o(i.Chip_GPIO_DeInit), (2 bytes).
    Removing sysinit_18xx_43xx.o(.rev16_text), (4 bytes).
    Removing sysinit_18xx_43xx.o(.revsh_text), (4 bytes).
    Removing sysinit_18xx_43xx.o(i.Chip_SetupIrcClocking), (16 bytes).
    Removing sysinit_18xx_43xx.o(i.Chip_SetupXtalClocking), (16 bytes).
    Removing sysinit_18xx_43xx.o(i.Chip_SystemInit), (4 bytes).

73 unused section(s) (total 1780 bytes) removed from the image.

==============================================================================

Image Symbol Table

    Local Symbols

    Symbol Name                              Value     Ov Type        Size  Object(Section)

    ../clib/angel/boardlib.s                 0x00000000   Number         0  boardinit2.o ABSOLUTE
    ../clib/angel/boardlib.s                 0x00000000   Number         0  boardinit3.o ABSOLUTE
    ../clib/angel/boardlib.s                 0x00000000   Number         0  boardshut.o ABSOLUTE
    ../clib/angel/boardlib.s                 0x00000000   Number         0  boardinit1.o ABSOLUTE
    ../clib/angel/dclz77c.s                  0x00000000   Number         0  __dclz77c.o ABSOLUTE
    ../clib/angel/handlers.s                 0x00000000   Number         0  __scatter_zi.o ABSOLUTE
    ../clib/angel/kernel.s                   0x00000000   Number         0  __rtentry.o ABSOLUTE
    ../clib/angel/kernel.s                   0x00000000   Number         0  rtexit.o ABSOLUTE
    ../clib/angel/kernel.s                   0x00000000   Number         0  rtexit2.o ABSOLUTE
    ../clib/angel/kernel.s                   0x00000000   Number         0  __rtentry4.o ABSOLUTE
    ../clib/angel/kernel.s                   0x00000000   Number         0  __rtentry2.o ABSOLUTE
    ../clib/angel/rt.s                       0x00000000   Number         0  aeabi_ldiv0_sigfpe.o ABSOLUTE
    ../clib/angel/rt.s                       0x00000000   Number         0  aeabi_ldiv0.o ABSOLUTE
    ../clib/angel/rt.s                       0x00000000   Number         0  rt_raise.o ABSOLUTE
    ../clib/angel/rt.s                       0x00000000   Number         0  rt_div0.o ABSOLUTE
    ../clib/angel/scatter.s                  0x00000000   Number         0  __scatter.o ABSOLUTE
    ../clib/angel/startup.s                  0x00000000   Number         0  __main.o ABSOLUTE
    ../clib/angel/sys.s                      0x00000000   Number         0  indicate_semi.o ABSOLUTE
    ../clib/angel/sys.s                      0x00000000   Number         0  use_no_semi.o ABSOLUTE
    ../clib/angel/sys.s                      0x00000000   Number         0  libspace.o ABSOLUTE
    ../clib/angel/sys.s                      0x00000000   Number         0  sys_stackheap_outer.o ABSOLUTE
    ../clib/angel/sysapp.c                   0x00000000   Number         0  sys_command.o ABSOLUTE
    ../clib/angel/sysapp.c                   0x00000000   Number         0  sys_wrch.o ABSOLUTE
    ../clib/armsys.c                         0x00000000   Number         0  argv_veneer.o ABSOLUTE
    ../clib/armsys.c                         0x00000000   Number         0  _get_argv_nomalloc.o ABSOLUTE
    ../clib/armsys.c                         0x00000000   Number         0  no_argv.o ABSOLUTE
    ../clib/armsys.c                         0x00000000   Number         0  argv_veneer.o ABSOLUTE
    ../clib/heapalloc.c                      0x00000000   Number         0  hrguard.o ABSOLUTE
    ../clib/heapaux.c                        0x00000000   Number         0  heapauxi.o ABSOLUTE
    ../clib/libinit.s                        0x00000000   Number         0  libinit.o ABSOLUTE
    ../clib/libinit.s                        0x00000000   Number         0  libshutdown2.o ABSOLUTE
    ../clib/libinit.s                        0x00000000   Number         0  libshutdown.o ABSOLUTE
    ../clib/libinit.s                        0x00000000   Number         0  libinit2.o ABSOLUTE
    ../clib/longlong.s                       0x00000000   Number         0  lludivv7m.o ABSOLUTE
    ../clib/memcpset.s                       0x00000000   Number         0  rt_memcpy_w.o ABSOLUTE
    ../clib/memcpset.s                       0x00000000   Number         0  rt_memcpy_v6.o ABSOLUTE
    ../clib/memcpset.s                       0x00000000   Number         0  rt_memclr_w.o ABSOLUTE
    ../clib/signal.c                         0x00000000   Number         0  defsig_pvfn_inner.o ABSOLUTE
    ../clib/signal.c                         0x00000000   Number         0  defsig_cppl_inner.o ABSOLUTE
    ../clib/signal.c                         0x00000000   Number         0  defsig_segv_inner.o ABSOLUTE
    ../clib/signal.c                         0x00000000   Number         0  defsig_other.o ABSOLUTE
    ../clib/signal.c                         0x00000000   Number         0  defsig_general.o ABSOLUTE
    ../clib/signal.c                         0x00000000   Number         0  defsig_abrt_inner.o ABSOLUTE
    ../clib/signal.c                         0x00000000   Number         0  __raise.o ABSOLUTE
    ../clib/signal.c                         0x00000000   Number         0  defsig_stak_inner.o ABSOLUTE
    ../clib/signal.c                         0x00000000   Number         0  defsig_fpe_inner.o ABSOLUTE
    ../clib/signal.c                         0x00000000   Number         0  defsig_fpe_formal.o ABSOLUTE
    ../clib/signal.c                         0x00000000   Number         0  defsig_exit.o ABSOLUTE
    ../clib/signal.c                         0x00000000   Number         0  defsig_rtred_inner.o ABSOLUTE
    ../clib/signal.c                         0x00000000   Number         0  defsig_rtmem_inner.o ABSOLUTE
    ../clib/signal.c                         0x00000000   Number         0  defsig_rtmem_outer.o ABSOLUTE
    ../clib/signal.c                         0x00000000   Number         0  defsig_rtmem_formal.o ABSOLUTE
    ../clib/signal.c                         0x00000000   Number         0  defsig_fpe_outer.o ABSOLUTE
    ../clib/signal.s                         0x00000000   Number         0  defsig.o ABSOLUTE
    ../clib/stdlib.c                         0x00000000   Number         0  exit.o ABSOLUTE
    ../fplib/fpinit.s                        0x00000000   Number         0  fpinit.o ABSOLUTE
    ..\..\..\brd_link4370\src\board.c        0x00000000   Number         0  board.o ABSOLUTE
    ..\..\..\brd_link4370\src\board_sysinit.c 0x00000000   Number         0  board_sysinit.o ABSOLUTE
    ..\..\..\chip_43xx_18xx\src\chip_18xx_43xx.c 0x00000000   Number         0  chip_18xx_43xx.o ABSOLUTE
    ..\..\..\chip_43xx_18xx\src\clock_18xx_43xx.c 0x00000000   Number         0  clock_18xx_43xx.o ABSOLUTE
    ..\..\..\chip_43xx_18xx\src\fpu_init.c   0x00000000   Number         0  fpu_init.o ABSOLUTE
    ..\..\..\chip_43xx_18xx\src\gpdma_18xx_43xx.c 0x00000000   Number         0  gpdma_18xx_43xx.o ABSOLUTE
    ..\..\..\chip_43xx_18xx\src\gpio_18xx_43xx.c 0x00000000   Number         0  gpio_18xx_43xx.o ABSOLUTE
    ..\..\..\chip_43xx_18xx\src\ring_buffer.c 0x00000000   Number         0  ring_buffer.o ABSOLUTE
    ..\..\..\chip_43xx_18xx\src\sysinit_18xx_43xx.c 0x00000000   Number         0  sysinit_18xx_43xx.o ABSOLUTE
    ..\..\..\chip_43xx_18xx\src\uart_18xx_43xx.c 0x00000000   Number         0  uart_18xx_43xx.o ABSOLUTE
    ..\..\..\chip_43xx_18xx\startup\keil_startup_lpc18xx43xx.s 0x00000000   Number         0  keil_startup_lpc18xx43xx.o ABSOLUTE
    ..\..\..\chip_43xx_18xx\startup\sysinit.c 0x00000000   Number         0  sysinit.o ABSOLUTE
    ..\..\..\examples_43xx_18xx\periph_uart\src\uart.c 0x00000000   Number         0  uart.o ABSOLUTE
    ..\\..\\..\\brd_link4370\\src\\board.c   0x00000000   Number         0  board.o ABSOLUTE
    ..\\..\\..\\brd_link4370\\src\\board_sysinit.c 0x00000000   Number         0  board_sysinit.o ABSOLUTE
    ..\\..\\..\\chip_43xx_18xx\\src\\chip_18xx_43xx.c 0x00000000   Number         0  chip_18xx_43xx.o ABSOLUTE
    ..\\..\\..\\chip_43xx_18xx\\src\\clock_18xx_43xx.c 0x00000000   Number         0  clock_18xx_43xx.o ABSOLUTE
    ..\\..\\..\\chip_43xx_18xx\\src\\fpu_init.c 0x00000000   Number         0  fpu_init.o ABSOLUTE
    ..\\..\\..\\chip_43xx_18xx\\src\\gpdma_18xx_43xx.c 0x00000000   Number         0  gpdma_18xx_43xx.o ABSOLUTE
    ..\\..\\..\\chip_43xx_18xx\\src\\gpio_18xx_43xx.c 0x00000000   Number         0  gpio_18xx_43xx.o ABSOLUTE
    ..\\..\\..\\chip_43xx_18xx\\src\\sysinit_18xx_43xx.c 0x00000000   Number         0  sysinit_18xx_43xx.o ABSOLUTE
    ..\\..\\..\\chip_43xx_18xx\\src\\uart_18xx_43xx.c 0x00000000   Number         0  uart_18xx_43xx.o ABSOLUTE
    ..\\..\\..\\chip_43xx_18xx\\startup\\sysinit.c 0x00000000   Number         0  sysinit.o ABSOLUTE
    ..\\..\\..\\examples_43xx_18xx\\periph_uart\\src\\uart.c 0x00000000   Number         0  uart.o ABSOLUTE
    dc.s                                     0x00000000   Number         0  dc.o ABSOLUTE
    .data                                    0x10000000   Section      657  uart.o(.data)
    isDMATx                                  0x10000000   Data           1  uart.o(.data)
    dmaChannelNumTx                          0x10000001   Data           1  uart.o(.data)
    dmaChannelNumRx                          0x10000002   Data           1  uart.o(.data)
    channelTC                                0x10000004   Data           4  uart.o(.data)
    channelTCErr                             0x10000008   Data           4  uart.o(.data)
    uartABStart                              0x1000000c   Data          47  uart.o(.data)
    uartABComplete                           0x1000003b   Data          36  uart.o(.data)
    uartPolling_menu1                        0x1000005f   Data          28  uart.o(.data)
    uartPolling_menu2                        0x1000007b   Data          26  uart.o(.data)
    uartPolling_menu3                        0x10000095   Data          24  uart.o(.data)
    uartPolling_menu4                        0x100000ad   Data         108  uart.o(.data)
    uartPolling_menu5                        0x10000119   Data          75  uart.o(.data)
    uart_interrupt_menu                      0x10000164   Data         107  uart.o(.data)
    uart_interrupt_menu1                     0x100001cf   Data          25  uart.o(.data)
    uart_interrupt_menu2                     0x100001e8   Data          25  uart.o(.data)
    uart_interrupt_menu3                     0x10000201   Data          25  uart.o(.data)
    uart_interrupt_menu4                     0x1000021a   Data          25  uart.o(.data)
    uartDMA_menu                             0x10000233   Data          94  uart.o(.data)
    .data                                    0x10000294   Section        4  chip_18xx_43xx.o(.data)
    .data                                    0x10000298   Section      128  gpdma_18xx_43xx.o(.data)
    ChannelHandlerArray                      0x10000298   Data           8  gpdma_18xx_43xx.o(.data)
    GPDMA_LUTPerAddr                         0x100002a0   Data         120  gpdma_18xx_43xx.o(.data)
    .data                                    0x10000318   Section        1  uart_18xx_43xx.o(.data)
    ABsyncSts                                0x10000318   Data           1  uart_18xx_43xx.o(.data)
    .data                                    0x1000031c   Section        8  clock_18xx_43xx.o(.data)
    audio_usb_pll_freq                       0x1000031c   Data           8  clock_18xx_43xx.o(.data)
    .bss                                     0x10000324   Section      552  uart.o(.bss)
    txring                                   0x10000324   Data          20  uart.o(.bss)
    rxring                                   0x10000338   Data          20  uart.o(.bss)
    rxbuff                                   0x1000034c   Data         256  uart.o(.bss)
    txbuff                                   0x1000044c   Data         256  uart.o(.bss)
    .bss                                     0x1000054c   Section       96  libspace.o(.bss)
    HEAP                                     0x100005b0   Section    24576  keil_startup_lpc18xx43xx.o(HEAP)
    Heap_Mem                                 0x100005b0   Data       24576  keil_startup_lpc18xx43xx.o(HEAP)
    STACK                                    0x100065b0   Section     2048  keil_startup_lpc18xx43xx.o(STACK)
    Stack_Mem                                0x100065b0   Data        2048  keil_startup_lpc18xx43xx.o(STACK)
    __initial_sp                             0x10006db0   Data           0  keil_startup_lpc18xx43xx.o(STACK)
    RESET                                    0x14000000   Section      276  keil_startup_lpc18xx43xx.o(RESET)
    !!!main                                  0x14000114   Section        8  __main.o(!!!main)
    !!!scatter                               0x1400011c   Section       52  __scatter.o(!!!scatter)
    !!dclz77c                                0x14000150   Section      100  __dclz77c.o(!!dclz77c)
    !!handler_zi                             0x140001b4   Section       28  __scatter_zi.o(!!handler_zi)
    .ARM.Collect$$libinit$$00000000          0x140001d0   Section        2  libinit.o(.ARM.Collect$$libinit$$00000000)
    .ARM.Collect$$libinit$$00000001          0x140001d2   Section        4  libinit2.o(.ARM.Collect$$libinit$$00000001)
    .ARM.Collect$$libinit$$00000004          0x140001d6   Section        0  libinit2.o(.ARM.Collect$$libinit$$00000004)
    .ARM.Collect$$libinit$$0000000A          0x140001d6   Section        0  libinit2.o(.ARM.Collect$$libinit$$0000000A)
    .ARM.Collect$$libinit$$0000000C          0x140001d6   Section        0  libinit2.o(.ARM.Collect$$libinit$$0000000C)
    .ARM.Collect$$libinit$$0000000E          0x140001d6   Section        0  libinit2.o(.ARM.Collect$$libinit$$0000000E)
    .ARM.Collect$$libinit$$00000011          0x140001d6   Section        0  libinit2.o(.ARM.Collect$$libinit$$00000011)
    .ARM.Collect$$libinit$$00000013          0x140001d6   Section        0  libinit2.o(.ARM.Collect$$libinit$$00000013)
    .ARM.Collect$$libinit$$00000015          0x140001d6   Section        0  libinit2.o(.ARM.Collect$$libinit$$00000015)
    .ARM.Collect$$libinit$$00000017          0x140001d6   Section        0  libinit2.o(.ARM.Collect$$libinit$$00000017)
    .ARM.Collect$$libinit$$00000019          0x140001d6   Section        0  libinit2.o(.ARM.Collect$$libinit$$00000019)
    .ARM.Collect$$libinit$$0000001B          0x140001d6   Section        0  libinit2.o(.ARM.Collect$$libinit$$0000001B)
    .ARM.Collect$$libinit$$0000001D          0x140001d6   Section        0  libinit2.o(.ARM.Collect$$libinit$$0000001D)
    .ARM.Collect$$libinit$$0000001F          0x140001d6   Section        0  libinit2.o(.ARM.Collect$$libinit$$0000001F)
    .ARM.Collect$$libinit$$00000021          0x140001d6   Section        0  libinit2.o(.ARM.Collect$$libinit$$00000021)
    .ARM.Collect$$libinit$$00000023          0x140001d6   Section        0  libinit2.o(.ARM.Collect$$libinit$$00000023)
    .ARM.Collect$$libinit$$00000025          0x140001d6   Section        0  libinit2.o(.ARM.Collect$$libinit$$00000025)
    .ARM.Collect$$libinit$$0000002C          0x140001d6   Section        0  libinit2.o(.ARM.Collect$$libinit$$0000002C)
    .ARM.Collect$$libinit$$0000002E          0x140001d6   Section        0  libinit2.o(.ARM.Collect$$libinit$$0000002E)
    .ARM.Collect$$libinit$$00000030          0x140001d6   Section        0  libinit2.o(.ARM.Collect$$libinit$$00000030)
    .ARM.Collect$$libinit$$00000032          0x140001d6   Section        0  libinit2.o(.ARM.Collect$$libinit$$00000032)
    .ARM.Collect$$libinit$$00000033          0x140001d6   Section        2  libinit2.o(.ARM.Collect$$libinit$$00000033)
    .ARM.Collect$$libshutdown$$00000000      0x140001d8   Section        2  libshutdown.o(.ARM.Collect$$libshutdown$$00000000)
    .ARM.Collect$$libshutdown$$00000002      0x140001da   Section        0  libshutdown2.o(.ARM.Collect$$libshutdown$$00000002)
    .ARM.Collect$$libshutdown$$00000004      0x140001da   Section        0  libshutdown2.o(.ARM.Collect$$libshutdown$$00000004)
    .ARM.Collect$$libshutdown$$00000007      0x140001da   Section        0  libshutdown2.o(.ARM.Collect$$libshutdown$$00000007)
    .ARM.Collect$$libshutdown$$0000000A      0x140001da   Section        0  libshutdown2.o(.ARM.Collect$$libshutdown$$0000000A)
    .ARM.Collect$$libshutdown$$0000000C      0x140001da   Section        0  libshutdown2.o(.ARM.Collect$$libshutdown$$0000000C)
    .ARM.Collect$$libshutdown$$0000000F      0x140001da   Section        0  libshutdown2.o(.ARM.Collect$$libshutdown$$0000000F)
    .ARM.Collect$$libshutdown$$00000010      0x140001da   Section        2  libshutdown2.o(.ARM.Collect$$libshutdown$$00000010)
    .ARM.Collect$$rtentry$$00000000          0x140001dc   Section        0  __rtentry.o(.ARM.Collect$$rtentry$$00000000)
    .ARM.Collect$$rtentry$$00000002          0x140001dc   Section        0  __rtentry2.o(.ARM.Collect$$rtentry$$00000002)
    .ARM.Collect$$rtentry$$00000004          0x140001dc   Section        6  __rtentry4.o(.ARM.Collect$$rtentry$$00000004)
    .ARM.Collect$$rtentry$$00000009          0x140001e2   Section        0  __rtentry2.o(.ARM.Collect$$rtentry$$00000009)
    .ARM.Collect$$rtentry$$0000000A          0x140001e2   Section        4  __rtentry2.o(.ARM.Collect$$rtentry$$0000000A)
    .ARM.Collect$$rtentry$$0000000C          0x140001e6   Section        0  __rtentry2.o(.ARM.Collect$$rtentry$$0000000C)
    .ARM.Collect$$rtentry$$0000000D          0x140001e6   Section        8  __rtentry2.o(.ARM.Collect$$rtentry$$0000000D)
    .ARM.Collect$$rtexit$$00000000           0x140001ee   Section        2  rtexit.o(.ARM.Collect$$rtexit$$00000000)
    .ARM.Collect$$rtexit$$00000002           0x140001f0   Section        0  rtexit2.o(.ARM.Collect$$rtexit$$00000002)
    .ARM.Collect$$rtexit$$00000003           0x140001f0   Section        4  rtexit2.o(.ARM.Collect$$rtexit$$00000003)
    .ARM.Collect$$rtexit$$00000004           0x140001f4   Section        6  rtexit2.o(.ARM.Collect$$rtexit$$00000004)
    .text                                    0x140001fc   Section       68  keil_startup_lpc18xx43xx.o(.text)
    $v0                                      0x140001fc   Number         0  keil_startup_lpc18xx43xx.o(.text)
    .text                                    0x14000240   Section      138  rt_memcpy_v6.o(.text)
    .text                                    0x140002ca   Section      100  rt_memcpy_w.o(.text)
    .text                                    0x1400032e   Section       78  rt_memclr_w.o(.text)
    .text                                    0x1400037c   Section        0  heapauxi.o(.text)
    .text                                    0x14000382   Section       74  sys_stackheap_outer.o(.text)
    .text                                    0x140003cc   Section        0  exit.o(.text)
    .text                                    0x140003e0   Section        8  libspace.o(.text)
    i.ABS                                    0x140003e8   Section        0  clock_18xx_43xx.o(i.ABS)
    ABS                                      0x140003e9   Thumb Code     8  clock_18xx_43xx.o(i.ABS)
    i.App_DMA_Test                           0x140003f0   Section        0  uart.o(i.App_DMA_Test)
    App_DMA_Test                             0x140003f1   Thumb Code   182  uart.o(i.App_DMA_Test)
    i.App_Interrupt_Test                     0x140004b0   Section        0  uart.o(i.App_Interrupt_Test)
    App_Interrupt_Test                       0x140004b1   Thumb Code   166  uart.o(i.App_Interrupt_Test)
    i.Board_Debug_Init                       0x14000568   Section        0  board.o(i.Board_Debug_Init)
    i.Board_Init                             0x14000590   Section        0  board.o(i.Board_Init)
    i.Board_SetupClocking                    0x140005b8   Section        0  board_sysinit.o(i.Board_SetupClocking)
    i.Board_SetupMuxing                      0x14000640   Section        0  board_sysinit.o(i.Board_SetupMuxing)
    i.Board_SystemInit                       0x1400065c   Section        0  board_sysinit.o(i.Board_SystemInit)
    i.Board_UART_Init                        0x1400066c   Section        0  board.o(i.Board_UART_Init)
    i.Chip_Clock_CalcMainPLLValue            0x1400069c   Section        0  clock_18xx_43xx.o(i.Chip_Clock_CalcMainPLLValue)
    i.Chip_Clock_Disable                     0x1400070c   Section        0  clock_18xx_43xx.o(i.Chip_Clock_Disable)
    i.Chip_Clock_EnableCrystal               0x14000738   Section        0  clock_18xx_43xx.o(i.Chip_Clock_EnableCrystal)
    i.Chip_Clock_EnableOpts                  0x1400077c   Section        0  clock_18xx_43xx.o(i.Chip_Clock_EnableOpts)
    i.Chip_Clock_GetBaseClock                0x140007b0   Section        0  clock_18xx_43xx.o(i.Chip_Clock_GetBaseClock)
    i.Chip_Clock_GetBaseClocktHz             0x140007d0   Section        0  clock_18xx_43xx.o(i.Chip_Clock_GetBaseClocktHz)
    i.Chip_Clock_GetClockInputHz             0x140007e0   Section        0  clock_18xx_43xx.o(i.Chip_Clock_GetClockInputHz)
    i.Chip_Clock_GetDivRate                  0x14000880   Section        0  clock_18xx_43xx.o(i.Chip_Clock_GetDivRate)
    Chip_Clock_GetDivRate                    0x14000881   Thumb Code    34  clock_18xx_43xx.o(i.Chip_Clock_GetDivRate)
    i.Chip_Clock_GetDividerDivisor           0x140008a4   Section        0  clock_18xx_43xx.o(i.Chip_Clock_GetDividerDivisor)
    i.Chip_Clock_GetDividerSource            0x140008c4   Section        0  clock_18xx_43xx.o(i.Chip_Clock_GetDividerSource)
    i.Chip_Clock_GetMainPLLHz                0x140008e0   Section        0  clock_18xx_43xx.o(i.Chip_Clock_GetMainPLLHz)
    i.Chip_Clock_GetRate                     0x1400093c   Section        0  clock_18xx_43xx.o(i.Chip_Clock_GetRate)
    i.Chip_Clock_SetBaseClock                0x140009b4   Section        0  clock_18xx_43xx.o(i.Chip_Clock_SetBaseClock)
    i.Chip_Clock_SetDivider                  0x140009ec   Section        0  clock_18xx_43xx.o(i.Chip_Clock_SetDivider)
    i.Chip_Clock_SetupMainPLL                0x14000a30   Section        0  sysinit_18xx_43xx.o(i.Chip_Clock_SetupMainPLL)
    Chip_Clock_SetupMainPLL                  0x14000a31   Thumb Code    36  sysinit_18xx_43xx.o(i.Chip_Clock_SetupMainPLL)
    i.Chip_GPDMA_ChannelCmd                  0x14000a58   Section        0  gpdma_18xx_43xx.o(i.Chip_GPDMA_ChannelCmd)
    i.Chip_GPDMA_ClearIntPending             0x14000a74   Section        0  gpdma_18xx_43xx.o(i.Chip_GPDMA_ClearIntPending)
    i.Chip_GPDMA_GetFreeChannel              0x14000a84   Section        0  gpdma_18xx_43xx.o(i.Chip_GPDMA_GetFreeChannel)
    i.Chip_GPDMA_Init                        0x14000ab4   Section        0  gpdma_18xx_43xx.o(i.Chip_GPDMA_Init)
    i.Chip_GPDMA_InitChannelCfg              0x14000af0   Section        0  gpdma_18xx_43xx.o(i.Chip_GPDMA_InitChannelCfg)
    i.Chip_GPDMA_IntGetStatus                0x14000b54   Section        0  gpdma_18xx_43xx.o(i.Chip_GPDMA_IntGetStatus)
    i.Chip_GPDMA_Interrupt                   0x14000b82   Section        0  gpdma_18xx_43xx.o(i.Chip_GPDMA_Interrupt)
    i.Chip_GPDMA_Stop                        0x14000bc4   Section        0  gpdma_18xx_43xx.o(i.Chip_GPDMA_Stop)
    i.Chip_GPDMA_Transfer                    0x14000c08   Section        0  gpdma_18xx_43xx.o(i.Chip_GPDMA_Transfer)
    i.Chip_GPIO_Init                         0x14000c98   Section        0  gpio_18xx_43xx.o(i.Chip_GPIO_Init)
    i.Chip_SCU_SetPinMuxing                  0x14000c9c   Section        0  board_sysinit.o(i.Chip_SCU_SetPinMuxing)
    Chip_SCU_SetPinMuxing                    0x14000c9d   Thumb Code    36  board_sysinit.o(i.Chip_SCU_SetPinMuxing)
    i.Chip_SetupCoreClock                    0x14000cc4   Section        0  sysinit_18xx_43xx.o(i.Chip_SetupCoreClock)
    i.Chip_UART_ABCmd                        0x14000db4   Section        0  uart_18xx_43xx.o(i.Chip_UART_ABCmd)
    i.Chip_UART_CheckBusy                    0x14000dec   Section        0  uart_18xx_43xx.o(i.Chip_UART_CheckBusy)
    i.Chip_UART_DeInit                       0x14000dfc   Section        0  uart_18xx_43xx.o(i.Chip_UART_DeInit)
    i.Chip_UART_GetABEOStatus                0x14000e18   Section        0  uart_18xx_43xx.o(i.Chip_UART_GetABEOStatus)
    i.Chip_UART_GetIndex                     0x14000e24   Section        0  uart_18xx_43xx.o(i.Chip_UART_GetIndex)
    Chip_UART_GetIndex                       0x14000e25   Thumb Code    40  uart_18xx_43xx.o(i.Chip_UART_GetIndex)
    i.Chip_UART_IRQRBHandler                 0x14000e50   Section        0  uart_18xx_43xx.o(i.Chip_UART_IRQRBHandler)
    i.Chip_UART_Init                         0x14000ebc   Section        0  uart_18xx_43xx.o(i.Chip_UART_Init)
    i.Chip_UART_RXIntHandlerRB               0x14000f08   Section        0  uart_18xx_43xx.o(i.Chip_UART_RXIntHandlerRB)
    i.Chip_UART_Read                         0x14000f26   Section        0  uart_18xx_43xx.o(i.Chip_UART_Read)
    i.Chip_UART_ReadRB                       0x14000f42   Section        0  uart_18xx_43xx.o(i.Chip_UART_ReadRB)
    i.Chip_UART_Send                         0x14000f52   Section        0  uart_18xx_43xx.o(i.Chip_UART_Send)
    i.Chip_UART_SendBlocking                 0x14000f6e   Section        0  uart_18xx_43xx.o(i.Chip_UART_SendBlocking)
    i.Chip_UART_SendRB                       0x14000f92   Section        0  uart_18xx_43xx.o(i.Chip_UART_SendRB)
    i.Chip_UART_SetBaud                      0x14000fd4   Section        0  uart_18xx_43xx.o(i.Chip_UART_SetBaud)
    i.Chip_UART_TXIntHandlerRB               0x1400101c   Section        0  uart_18xx_43xx.o(i.Chip_UART_TXIntHandlerRB)
    i.DMA_IRQHandler                         0x14001050   Section        0  uart.o(i.DMA_IRQHandler)
    i.NVIC_DisableIRQ                        0x14001080   Section        0  uart.o(i.NVIC_DisableIRQ)
    NVIC_DisableIRQ                          0x14001081   Thumb Code    22  uart.o(i.NVIC_DisableIRQ)
    i.NVIC_EnableIRQ                         0x14001096   Section        0  uart.o(i.NVIC_EnableIRQ)
    NVIC_EnableIRQ                           0x14001097   Thumb Code    22  uart.o(i.NVIC_EnableIRQ)
    i.NVIC_SetPriority                       0x140010ac   Section        0  uart.o(i.NVIC_SetPriority)
    NVIC_SetPriority                         0x140010ad   Thumb Code    32  uart.o(i.NVIC_SetPriority)
    i.Print_Menu_Polling                     0x140010cc   Section        0  uart.o(i.Print_Menu_Polling)
    Print_Menu_Polling                       0x140010cd   Thumb Code    42  uart.o(i.Print_Menu_Polling)
    i.RingBuffer_Init                        0x14001100   Section        0  ring_buffer.o(i.RingBuffer_Init)
    i.RingBuffer_Insert                      0x14001110   Section        0  ring_buffer.o(i.RingBuffer_Insert)
    i.RingBuffer_InsertMult                  0x14001140   Section        0  ring_buffer.o(i.RingBuffer_InsertMult)
    i.RingBuffer_IsEmpty                     0x140011ba   Section        0  uart_18xx_43xx.o(i.RingBuffer_IsEmpty)
    RingBuffer_IsEmpty                       0x140011bb   Thumb Code    16  uart_18xx_43xx.o(i.RingBuffer_IsEmpty)
    i.RingBuffer_IsEmpty                     0x140011ca   Section        0  ring_buffer.o(i.RingBuffer_IsEmpty)
    RingBuffer_IsEmpty                       0x140011cb   Thumb Code    16  ring_buffer.o(i.RingBuffer_IsEmpty)
    i.RingBuffer_IsFull                      0x140011da   Section        0  ring_buffer.o(i.RingBuffer_IsFull)
    RingBuffer_IsFull                        0x140011db   Thumb Code    20  ring_buffer.o(i.RingBuffer_IsFull)
    i.RingBuffer_Pop                         0x140011ee   Section        0  ring_buffer.o(i.RingBuffer_Pop)
    i.RingBuffer_PopMult                     0x1400121e   Section        0  ring_buffer.o(i.RingBuffer_PopMult)
    i.SystemCoreClockUpdate                  0x14001294   Section        0  chip_18xx_43xx.o(i.SystemCoreClockUpdate)
    i.SystemInit                             0x140012a8   Section        0  sysinit.o(i.SystemInit)
    i.UART2_IRQHandler                       0x140012c4   Section        0  uart.o(i.UART2_IRQHandler)
    i._sys_exit                              0x140012d8   Section        0  board.o(i._sys_exit)
    i.configDMAMux                           0x140012dc   Section        0  gpdma_18xx_43xx.o(i.configDMAMux)
    configDMAMux                             0x140012dd   Thumb Code   220  gpdma_18xx_43xx.o(i.configDMAMux)
    i.fpuInit                                0x140013bc   Section        0  fpu_init.o(i.fpuInit)
    i.main                                   0x140013f8   Section        0  uart.o(i.main)
    i.makeCtrlWord                           0x14001510   Section        0  gpdma_18xx_43xx.o(i.makeCtrlWord)
    i.pll_calc_divs                          0x140015a0   Section        0  clock_18xx_43xx.o(i.pll_calc_divs)
    pll_calc_divs                            0x140015a1   Thumb Code   152  clock_18xx_43xx.o(i.pll_calc_divs)
    i.pll_get_frac                           0x14001640   Section        0  clock_18xx_43xx.o(i.pll_get_frac)
    pll_get_frac                             0x14001641   Thumb Code   184  clock_18xx_43xx.o(i.pll_get_frac)
    i.setupChannel                           0x140016fc   Section        0  gpdma_18xx_43xx.o(i.setupChannel)
    x$fpl$fpinit                             0x14001764   Section       10  fpinit.o(x$fpl$fpinit)
    $v0                                      0x14001764   Number         0  fpinit.o(x$fpl$fpinit)
    .constdata                               0x1400176e   Section       60  gpdma_18xx_43xx.o(.constdata)
    GPDMA_LUTPerBurst                        0x1400176e   Data          30  gpdma_18xx_43xx.o(.constdata)
    GPDMA_LUTPerWid                          0x1400178c   Data          30  gpdma_18xx_43xx.o(.constdata)
    .constdata                               0x140017aa   Section       16  uart_18xx_43xx.o(.constdata)
    UART_PClock                              0x140017aa   Data           8  uart_18xx_43xx.o(.constdata)
    UART_BClock                              0x140017b2   Data           8  uart_18xx_43xx.o(.constdata)
    .constdata                               0x140017bc   Section        4  board.o(.constdata)
    .constdata                               0x140017c0   Section        4  board.o(.constdata)
    .constdata                               0x140017c4   Section       44  board_sysinit.o(.constdata)
    pinmuxing                                0x140017c4   Data           4  board_sysinit.o(.constdata)
    InitClkStates                            0x140017c8   Data          16  board_sysinit.o(.constdata)
    spifipinmuxing                           0x140017d8   Data          24  board_sysinit.o(.constdata)
    .constdata                               0x140017f0   Section      108  clock_18xx_43xx.o(.constdata)
    periph_to_base                           0x140017f0   Data         108  clock_18xx_43xx.o(.constdata)
    .constdata                               0x1400185c   Section       72  sysinit_18xx_43xx.o(.constdata)
    InitClkStates                            0x1400185c   Data          72  sysinit_18xx_43xx.o(.constdata)

    Global Symbols

    Symbol Name                              Value     Ov Type        Size  Object(Section)

    BuildAttributes$$THM_ISAv4$E$P$D$K$B$S$7EM$VFPi3$EXTD16$VFPS$VFMA$PE$A:L22UL41UL21$X:L11$S22US41US21$IEEE1$IW$USESV6$~STKCKD$USESV7$~SHL$OSPACE$ROPI$EBA8$UX$STANDARDLIB$REQ8$PRES8$EABIv2 0x00000000   Number         0  anon$$obj.o ABSOLUTE
    __ARM_use_no_argv                        0x00000000   Number         0  uart.o ABSOLUTE
    __ARM_exceptions_init                     - Undefined Weak Reference
    __alloca_initialize                       - Undefined Weak Reference
    __arm_preinit_                            - Undefined Weak Reference
    __cpp_initialize__aeabi_                  - Undefined Weak Reference
    __cxa_finalize                            - Undefined Weak Reference
    __rt_locale                               - Undefined Weak Reference
    __sigvec_lookup                           - Undefined Weak Reference
    _atexit_init                              - Undefined Weak Reference
    _call_atexit_fns                          - Undefined Weak Reference
    _clock_init                               - Undefined Weak Reference
    _fp_trap_init                             - Undefined Weak Reference
    _fp_trap_shutdown                         - Undefined Weak Reference
    _get_lc_collate                           - Undefined Weak Reference
    _get_lc_ctype                             - Undefined Weak Reference
    _get_lc_monetary                          - Undefined Weak Reference
    _get_lc_numeric                           - Undefined Weak Reference
    _get_lc_time                              - Undefined Weak Reference
    _getenv_init                              - Undefined Weak Reference
    _handle_redirection                       - Undefined Weak Reference
    _init_alloc                               - Undefined Weak Reference
    _init_user_alloc                          - Undefined Weak Reference
    _initio                                   - Undefined Weak Reference
    _rand_init                                - Undefined Weak Reference
    _signal_finish                            - Undefined Weak Reference
    _signal_init                              - Undefined Weak Reference
    _terminate_alloc                          - Undefined Weak Reference
    _terminate_user_alloc                     - Undefined Weak Reference
    _terminateio                              - Undefined Weak Reference
    SystemCoreClock                          0x10000294   Data           4  chip_18xx_43xx.o(.data)
    __libspace_start                         0x1000054c   Data          96  libspace.o(.bss)
    __temporary_stack_top$libspace           0x100005ac   Data           0  libspace.o(.bss)
    __Vectors                                0x14000000   Data           4  keil_startup_lpc18xx43xx.o(RESET)
    __main                                   0x14000115   Thumb Code     8  __main.o(!!!main)
    __scatterload                            0x1400011d   Thumb Code     0  __scatter.o(!!!scatter)
    __scatterload_rt2                        0x1400011d   Thumb Code    44  __scatter.o(!!!scatter)
    __scatterload_rt2_thumb_only             0x1400011d   Thumb Code     0  __scatter.o(!!!scatter)
    __scatterload_null                       0x1400012b   Thumb Code     0  __scatter.o(!!!scatter)
    __decompress                             0x14000151   Thumb Code   100  __dclz77c.o(!!dclz77c)
    __decompress2                            0x14000151   Thumb Code     0  __dclz77c.o(!!dclz77c)
    __scatterload_zeroinit                   0x140001b5   Thumb Code    28  __scatter_zi.o(!!handler_zi)
    __rt_lib_init                            0x140001d1   Thumb Code     0  libinit.o(.ARM.Collect$$libinit$$00000000)
    __rt_lib_init_fp_1                       0x140001d3   Thumb Code     0  libinit2.o(.ARM.Collect$$libinit$$00000001)
    __rt_lib_init_alloca_1                   0x140001d7   Thumb Code     0  libinit2.o(.ARM.Collect$$libinit$$0000002E)
    __rt_lib_init_argv_1                     0x140001d7   Thumb Code     0  libinit2.o(.ARM.Collect$$libinit$$0000002C)
    __rt_lib_init_atexit_1                   0x140001d7   Thumb Code     0  libinit2.o(.ARM.Collect$$libinit$$0000001B)
    __rt_lib_init_clock_1                    0x140001d7   Thumb Code     0  libinit2.o(.ARM.Collect$$libinit$$00000021)
    __rt_lib_init_cpp_1                      0x140001d7   Thumb Code     0  libinit2.o(.ARM.Collect$$libinit$$00000032)
    __rt_lib_init_exceptions_1               0x140001d7   Thumb Code     0  libinit2.o(.ARM.Collect$$libinit$$00000030)
    __rt_lib_init_fp_trap_1                  0x140001d7   Thumb Code     0  libinit2.o(.ARM.Collect$$libinit$$0000001F)
    __rt_lib_init_getenv_1                   0x140001d7   Thumb Code     0  libinit2.o(.ARM.Collect$$libinit$$00000023)
    __rt_lib_init_heap_1                     0x140001d7   Thumb Code     0  libinit2.o(.ARM.Collect$$libinit$$0000000A)
    __rt_lib_init_lc_collate_1               0x140001d7   Thumb Code     0  libinit2.o(.ARM.Collect$$libinit$$00000011)
    __rt_lib_init_lc_ctype_1                 0x140001d7   Thumb Code     0  libinit2.o(.ARM.Collect$$libinit$$00000013)
    __rt_lib_init_lc_monetary_1              0x140001d7   Thumb Code     0  libinit2.o(.ARM.Collect$$libinit$$00000015)
    __rt_lib_init_lc_numeric_1               0x140001d7   Thumb Code     0  libinit2.o(.ARM.Collect$$libinit$$00000017)
    __rt_lib_init_lc_time_1                  0x140001d7   Thumb Code     0  libinit2.o(.ARM.Collect$$libinit$$00000019)
    __rt_lib_init_preinit_1                  0x140001d7   Thumb Code     0  libinit2.o(.ARM.Collect$$libinit$$00000004)
    __rt_lib_init_rand_1                     0x140001d7   Thumb Code     0  libinit2.o(.ARM.Collect$$libinit$$0000000E)
    __rt_lib_init_return                     0x140001d7   Thumb Code     0  libinit2.o(.ARM.Collect$$libinit$$00000033)
    __rt_lib_init_signal_1                   0x140001d7   Thumb Code     0  libinit2.o(.ARM.Collect$$libinit$$0000001D)
    __rt_lib_init_stdio_1                    0x140001d7   Thumb Code     0  libinit2.o(.ARM.Collect$$libinit$$00000025)
    __rt_lib_init_user_alloc_1               0x140001d7   Thumb Code     0  libinit2.o(.ARM.Collect$$libinit$$0000000C)
    __rt_lib_shutdown                        0x140001d9   Thumb Code     0  libshutdown.o(.ARM.Collect$$libshutdown$$00000000)
    __rt_lib_shutdown_cpp_1                  0x140001db   Thumb Code     0  libshutdown2.o(.ARM.Collect$$libshutdown$$00000002)
    __rt_lib_shutdown_fp_trap_1              0x140001db   Thumb Code     0  libshutdown2.o(.ARM.Collect$$libshutdown$$00000007)
    __rt_lib_shutdown_heap_1                 0x140001db   Thumb Code     0  libshutdown2.o(.ARM.Collect$$libshutdown$$0000000F)
    __rt_lib_shutdown_return                 0x140001db   Thumb Code     0  libshutdown2.o(.ARM.Collect$$libshutdown$$00000010)
    __rt_lib_shutdown_signal_1               0x140001db   Thumb Code     0  libshutdown2.o(.ARM.Collect$$libshutdown$$0000000A)
    __rt_lib_shutdown_stdio_1                0x140001db   Thumb Code     0  libshutdown2.o(.ARM.Collect$$libshutdown$$00000004)
    __rt_lib_shutdown_user_alloc_1           0x140001db   Thumb Code     0  libshutdown2.o(.ARM.Collect$$libshutdown$$0000000C)
    __rt_entry                               0x140001dd   Thumb Code     0  __rtentry.o(.ARM.Collect$$rtentry$$00000000)
    __rt_entry_presh_1                       0x140001dd   Thumb Code     0  __rtentry2.o(.ARM.Collect$$rtentry$$00000002)
    __rt_entry_sh                            0x140001dd   Thumb Code     0  __rtentry4.o(.ARM.Collect$$rtentry$$00000004)
    __rt_entry_li                            0x140001e3   Thumb Code     0  __rtentry2.o(.ARM.Collect$$rtentry$$0000000A)
    __rt_entry_postsh_1                      0x140001e3   Thumb Code     0  __rtentry2.o(.ARM.Collect$$rtentry$$00000009)
    __rt_entry_main                          0x140001e7   Thumb Code     0  __rtentry2.o(.ARM.Collect$$rtentry$$0000000D)
    __rt_entry_postli_1                      0x140001e7   Thumb Code     0  __rtentry2.o(.ARM.Collect$$rtentry$$0000000C)
    __rt_exit                                0x140001ef   Thumb Code     0  rtexit.o(.ARM.Collect$$rtexit$$00000000)
    __rt_exit_ls                             0x140001f1   Thumb Code     0  rtexit2.o(.ARM.Collect$$rtexit$$00000003)
    __rt_exit_prels_1                        0x140001f1   Thumb Code     0  rtexit2.o(.ARM.Collect$$rtexit$$00000002)
    __rt_exit_exit                           0x140001f5   Thumb Code     0  rtexit2.o(.ARM.Collect$$rtexit$$00000004)
    Reset_Handler                            0x140001fd   Thumb Code     8  keil_startup_lpc18xx43xx.o(.text)
    NMI_Handler                              0x14000205   Thumb Code     2  keil_startup_lpc18xx43xx.o(.text)
    HardFault_Handler                        0x14000207   Thumb Code     2  keil_startup_lpc18xx43xx.o(.text)
    MemManage_Handler                        0x14000209   Thumb Code     2  keil_startup_lpc18xx43xx.o(.text)
    BusFault_Handler                         0x1400020b   Thumb Code     2  keil_startup_lpc18xx43xx.o(.text)
    UsageFault_Handler                       0x1400020d   Thumb Code     2  keil_startup_lpc18xx43xx.o(.text)
    SVC_Handler                              0x1400020f   Thumb Code     2  keil_startup_lpc18xx43xx.o(.text)
    DebugMon_Handler                         0x14000211   Thumb Code     2  keil_startup_lpc18xx43xx.o(.text)
    PendSV_Handler                           0x14000213   Thumb Code     2  keil_startup_lpc18xx43xx.o(.text)
    SysTick_Handler                          0x14000215   Thumb Code     2  keil_startup_lpc18xx43xx.o(.text)
    UnHandled_Vector                         0x14000217   Thumb Code     2  keil_startup_lpc18xx43xx.o(.text)
    ADC0_IRQHandler                          0x14000219   Thumb Code     0  keil_startup_lpc18xx43xx.o(.text)
    ADC1_IRQHandler                          0x14000219   Thumb Code     0  keil_startup_lpc18xx43xx.o(.text)
    ADCHS_IRQHandler                         0x14000219   Thumb Code     0  keil_startup_lpc18xx43xx.o(.text)
    ATIMER_IRQHandler                        0x14000219   Thumb Code     0  keil_startup_lpc18xx43xx.o(.text)
    CAN0_IRQHandler                          0x14000219   Thumb Code     0  keil_startup_lpc18xx43xx.o(.text)
    CAN1_IRQHandler                          0x14000219   Thumb Code     0  keil_startup_lpc18xx43xx.o(.text)
    DAC_IRQHandler                           0x14000219   Thumb Code     0  keil_startup_lpc18xx43xx.o(.text)
    ETH_IRQHandler                           0x14000219   Thumb Code     0  keil_startup_lpc18xx43xx.o(.text)
    EVRT_IRQHandler                          0x14000219   Thumb Code     0  keil_startup_lpc18xx43xx.o(.text)
    FLASHEEPROM_IRQHandler                   0x14000219   Thumb Code     0  keil_startup_lpc18xx43xx.o(.text)
    GINT0_IRQHandler                         0x14000219   Thumb Code     0  keil_startup_lpc18xx43xx.o(.text)
    GINT1_IRQHandler                         0x14000219   Thumb Code     0  keil_startup_lpc18xx43xx.o(.text)
    GPIO0_IRQHandler                         0x14000219   Thumb Code     0  keil_startup_lpc18xx43xx.o(.text)
    GPIO1_IRQHandler                         0x14000219   Thumb Code     0  keil_startup_lpc18xx43xx.o(.text)
    GPIO2_IRQHandler                         0x14000219   Thumb Code     0  keil_startup_lpc18xx43xx.o(.text)
    GPIO3_IRQHandler                         0x14000219   Thumb Code     0  keil_startup_lpc18xx43xx.o(.text)
    GPIO4_IRQHandler                         0x14000219   Thumb Code     0  keil_startup_lpc18xx43xx.o(.text)
    GPIO5_IRQHandler                         0x14000219   Thumb Code     0  keil_startup_lpc18xx43xx.o(.text)
    GPIO6_IRQHandler                         0x14000219   Thumb Code     0  keil_startup_lpc18xx43xx.o(.text)
    GPIO7_IRQHandler                         0x14000219   Thumb Code     0  keil_startup_lpc18xx43xx.o(.text)
    I2C0_IRQHandler                          0x14000219   Thumb Code     0  keil_startup_lpc18xx43xx.o(.text)
    I2C1_IRQHandler                          0x14000219   Thumb Code     0  keil_startup_lpc18xx43xx.o(.text)
    I2S0_IRQHandler                          0x14000219   Thumb Code     0  keil_startup_lpc18xx43xx.o(.text)
    I2S1_IRQHandler                          0x14000219   Thumb Code     0  keil_startup_lpc18xx43xx.o(.text)
    LCD_IRQHandler                           0x14000219   Thumb Code     0  keil_startup_lpc18xx43xx.o(.text)
    MCPWM_IRQHandler                         0x14000219   Thumb Code     0  keil_startup_lpc18xx43xx.o(.text)
    MX_CORE_IRQHandler                       0x14000219   Thumb Code     0  keil_startup_lpc18xx43xx.o(.text)
    QEI_IRQHandler                           0x14000219   Thumb Code     0  keil_startup_lpc18xx43xx.o(.text)
    RIT_IRQHandler                           0x14000219   Thumb Code     0  keil_startup_lpc18xx43xx.o(.text)
    RTC_IRQHandler                           0x14000219   Thumb Code     0  keil_startup_lpc18xx43xx.o(.text)
    SCT_IRQHandler                           0x14000219   Thumb Code     0  keil_startup_lpc18xx43xx.o(.text)
    SDIO_IRQHandler                          0x14000219   Thumb Code     0  keil_startup_lpc18xx43xx.o(.text)
    SGPIO_IRQHandler                         0x14000219   Thumb Code     0  keil_startup_lpc18xx43xx.o(.text)
    SPIFI_IRQHandler                         0x14000219   Thumb Code     0  keil_startup_lpc18xx43xx.o(.text)
    SPI_IRQHandler                           0x14000219   Thumb Code     0  keil_startup_lpc18xx43xx.o(.text)
    SSP0_IRQHandler                          0x14000219   Thumb Code     0  keil_startup_lpc18xx43xx.o(.text)
    SSP1_IRQHandler                          0x14000219   Thumb Code     0  keil_startup_lpc18xx43xx.o(.text)
    TIMER0_IRQHandler                        0x14000219   Thumb Code     0  keil_startup_lpc18xx43xx.o(.text)
    TIMER1_IRQHandler                        0x14000219   Thumb Code     0  keil_startup_lpc18xx43xx.o(.text)
    TIMER2_IRQHandler                        0x14000219   Thumb Code     0  keil_startup_lpc18xx43xx.o(.text)
    TIMER3_IRQHandler                        0x14000219   Thumb Code     0  keil_startup_lpc18xx43xx.o(.text)
    UART0_IRQHandler                         0x14000219   Thumb Code     0  keil_startup_lpc18xx43xx.o(.text)
    UART1_IRQHandler                         0x14000219   Thumb Code     0  keil_startup_lpc18xx43xx.o(.text)
    UART3_IRQHandler                         0x14000219   Thumb Code     0  keil_startup_lpc18xx43xx.o(.text)
    USB0_IRQHandler                          0x14000219   Thumb Code     0  keil_startup_lpc18xx43xx.o(.text)
    USB1_IRQHandler                          0x14000219   Thumb Code     0  keil_startup_lpc18xx43xx.o(.text)
    WDT_IRQHandler                           0x14000219   Thumb Code     0  keil_startup_lpc18xx43xx.o(.text)
    __user_initial_stackheap                 0x1400021d   Thumb Code     0  keil_startup_lpc18xx43xx.o(.text)
    __aeabi_memcpy                           0x14000241   Thumb Code     0  rt_memcpy_v6.o(.text)
    __rt_memcpy                              0x14000241   Thumb Code   138  rt_memcpy_v6.o(.text)
    _memcpy_lastbytes                        0x140002a7   Thumb Code     0  rt_memcpy_v6.o(.text)
    __aeabi_memcpy4                          0x140002cb   Thumb Code     0  rt_memcpy_w.o(.text)
    __aeabi_memcpy8                          0x140002cb   Thumb Code     0  rt_memcpy_w.o(.text)
    __rt_memcpy_w                            0x140002cb   Thumb Code   100  rt_memcpy_w.o(.text)
    _memcpy_lastbytes_aligned                0x14000313   Thumb Code     0  rt_memcpy_w.o(.text)
    __aeabi_memclr4                          0x1400032f   Thumb Code     0  rt_memclr_w.o(.text)
    __aeabi_memclr8                          0x1400032f   Thumb Code     0  rt_memclr_w.o(.text)
    __rt_memclr_w                            0x1400032f   Thumb Code    78  rt_memclr_w.o(.text)
    _memset_w                                0x14000333   Thumb Code     0  rt_memclr_w.o(.text)
    __use_two_region_memory                  0x1400037d   Thumb Code     2  heapauxi.o(.text)
    __rt_heap_escrow$2region                 0x1400037f   Thumb Code     2  heapauxi.o(.text)
    __rt_heap_expand$2region                 0x14000381   Thumb Code     2  heapauxi.o(.text)
    __user_setup_stackheap                   0x14000383   Thumb Code    74  sys_stackheap_outer.o(.text)
    exit                                     0x140003cd   Thumb Code    18  exit.o(.text)
    __user_libspace                          0x140003e1   Thumb Code     8  libspace.o(.text)
    __user_perproc_libspace                  0x140003e1   Thumb Code     0  libspace.o(.text)
    __user_perthread_libspace                0x140003e1   Thumb Code     0  libspace.o(.text)
    Board_Debug_Init                         0x14000569   Thumb Code    36  board.o(i.Board_Debug_Init)
    Board_Init                               0x14000591   Thumb Code    30  board.o(i.Board_Init)
    Board_SetupClocking                      0x140005b9   Thumb Code   118  board_sysinit.o(i.Board_SetupClocking)
    Board_SetupMuxing                        0x14000641   Thumb Code    24  board_sysinit.o(i.Board_SetupMuxing)
    Board_SystemInit                         0x1400065d   Thumb Code    14  board_sysinit.o(i.Board_SystemInit)
    Board_UART_Init                          0x1400066d   Thumb Code    32  board.o(i.Board_UART_Init)
    Chip_Clock_CalcMainPLLValue              0x1400069d   Thumb Code    98  clock_18xx_43xx.o(i.Chip_Clock_CalcMainPLLValue)
    Chip_Clock_Disable                       0x1400070d   Thumb Code    40  clock_18xx_43xx.o(i.Chip_Clock_Disable)
    Chip_Clock_EnableCrystal                 0x14000739   Thumb Code    54  clock_18xx_43xx.o(i.Chip_Clock_EnableCrystal)
    Chip_Clock_EnableOpts                    0x1400077d   Thumb Code    46  clock_18xx_43xx.o(i.Chip_Clock_EnableOpts)
    Chip_Clock_GetBaseClock                  0x140007b1   Thumb Code    26  clock_18xx_43xx.o(i.Chip_Clock_GetBaseClock)
    Chip_Clock_GetBaseClocktHz               0x140007d1   Thumb Code    14  clock_18xx_43xx.o(i.Chip_Clock_GetBaseClocktHz)
    Chip_Clock_GetClockInputHz               0x140007e1   Thumb Code   132  clock_18xx_43xx.o(i.Chip_Clock_GetClockInputHz)
    Chip_Clock_GetDividerDivisor             0x140008a5   Thumb Code    18  clock_18xx_43xx.o(i.Chip_Clock_GetDividerDivisor)
    Chip_Clock_GetDividerSource              0x140008c5   Thumb Code    22  clock_18xx_43xx.o(i.Chip_Clock_GetDividerSource)
    Chip_Clock_GetMainPLLHz                  0x140008e1   Thumb Code    84  clock_18xx_43xx.o(i.Chip_Clock_GetMainPLLHz)
    Chip_Clock_GetRate                       0x1400093d   Thumb Code   112  clock_18xx_43xx.o(i.Chip_Clock_GetRate)
    Chip_Clock_SetBaseClock                  0x140009b5   Thumb Code    48  clock_18xx_43xx.o(i.Chip_Clock_SetBaseClock)
    Chip_Clock_SetDivider                    0x140009ed   Thumb Code    50  clock_18xx_43xx.o(i.Chip_Clock_SetDivider)
    Chip_GPDMA_ChannelCmd                    0x14000a59   Thumb Code    28  gpdma_18xx_43xx.o(i.Chip_GPDMA_ChannelCmd)
    Chip_GPDMA_ClearIntPending               0x14000a75   Thumb Code    16  gpdma_18xx_43xx.o(i.Chip_GPDMA_ClearIntPending)
    Chip_GPDMA_GetFreeChannel                0x14000a85   Thumb Code    44  gpdma_18xx_43xx.o(i.Chip_GPDMA_GetFreeChannel)
    Chip_GPDMA_Init                          0x14000ab5   Thumb Code    56  gpdma_18xx_43xx.o(i.Chip_GPDMA_Init)
    Chip_GPDMA_InitChannelCfg                0x14000af1   Thumb Code    94  gpdma_18xx_43xx.o(i.Chip_GPDMA_InitChannelCfg)
    Chip_GPDMA_IntGetStatus                  0x14000b55   Thumb Code    46  gpdma_18xx_43xx.o(i.Chip_GPDMA_IntGetStatus)
    Chip_GPDMA_Interrupt                     0x14000b83   Thumb Code    66  gpdma_18xx_43xx.o(i.Chip_GPDMA_Interrupt)
    Chip_GPDMA_Stop                          0x14000bc5   Thumb Code    64  gpdma_18xx_43xx.o(i.Chip_GPDMA_Stop)
    Chip_GPDMA_Transfer                      0x14000c09   Thumb Code   140  gpdma_18xx_43xx.o(i.Chip_GPDMA_Transfer)
    Chip_GPIO_Init                           0x14000c99   Thumb Code     2  gpio_18xx_43xx.o(i.Chip_GPIO_Init)
    Chip_SetupCoreClock                      0x14000cc5   Thumb Code   226  sysinit_18xx_43xx.o(i.Chip_SetupCoreClock)
    Chip_UART_ABCmd                          0x14000db5   Thumb Code    56  uart_18xx_43xx.o(i.Chip_UART_ABCmd)
    Chip_UART_CheckBusy                      0x14000ded   Thumb Code    14  uart_18xx_43xx.o(i.Chip_UART_CheckBusy)
    Chip_UART_DeInit                         0x14000dfd   Thumb Code    24  uart_18xx_43xx.o(i.Chip_UART_DeInit)
    Chip_UART_GetABEOStatus                  0x14000e19   Thumb Code     6  uart_18xx_43xx.o(i.Chip_UART_GetABEOStatus)
    Chip_UART_IRQRBHandler                   0x14000e51   Thumb Code   102  uart_18xx_43xx.o(i.Chip_UART_IRQRBHandler)
    Chip_UART_Init                           0x14000ebd   Thumb Code    66  uart_18xx_43xx.o(i.Chip_UART_Init)
    Chip_UART_RXIntHandlerRB                 0x14000f09   Thumb Code    30  uart_18xx_43xx.o(i.Chip_UART_RXIntHandlerRB)
    Chip_UART_Read                           0x14000f27   Thumb Code    28  uart_18xx_43xx.o(i.Chip_UART_Read)
    Chip_UART_ReadRB                         0x14000f43   Thumb Code    16  uart_18xx_43xx.o(i.Chip_UART_ReadRB)
    Chip_UART_Send                           0x14000f53   Thumb Code    28  uart_18xx_43xx.o(i.Chip_UART_Send)
    Chip_UART_SendBlocking                   0x14000f6f   Thumb Code    36  uart_18xx_43xx.o(i.Chip_UART_SendBlocking)
    Chip_UART_SendRB                         0x14000f93   Thumb Code    64  uart_18xx_43xx.o(i.Chip_UART_SendRB)
    Chip_UART_SetBaud                        0x14000fd5   Thumb Code    66  uart_18xx_43xx.o(i.Chip_UART_SetBaud)
    Chip_UART_TXIntHandlerRB                 0x1400101d   Thumb Code    52  uart_18xx_43xx.o(i.Chip_UART_TXIntHandlerRB)
    DMA_IRQHandler                           0x14001051   Thumb Code    40  uart.o(i.DMA_IRQHandler)
    RingBuffer_Init                          0x14001101   Thumb Code    16  ring_buffer.o(i.RingBuffer_Init)
    RingBuffer_Insert                        0x14001111   Thumb Code    48  ring_buffer.o(i.RingBuffer_Insert)
    RingBuffer_InsertMult                    0x14001141   Thumb Code   122  ring_buffer.o(i.RingBuffer_InsertMult)
    RingBuffer_Pop                           0x140011ef   Thumb Code    48  ring_buffer.o(i.RingBuffer_Pop)
    RingBuffer_PopMult                       0x1400121f   Thumb Code   118  ring_buffer.o(i.RingBuffer_PopMult)
    SystemCoreClockUpdate                    0x14001295   Thumb Code    14  chip_18xx_43xx.o(i.SystemCoreClockUpdate)
    SystemInit                               0x140012a9   Thumb Code    20  sysinit.o(i.SystemInit)
    UART2_IRQHandler                         0x140012c5   Thumb Code    12  uart.o(i.UART2_IRQHandler)
    _sys_exit                                0x140012d9   Thumb Code     4  board.o(i._sys_exit)
    fpuInit                                  0x140013bd   Thumb Code    46  fpu_init.o(i.fpuInit)
    main                                     0x140013f9   Thumb Code   266  uart.o(i.main)
    makeCtrlWord                             0x14001511   Thumb Code   140  gpdma_18xx_43xx.o(i.makeCtrlWord)
    setupChannel                             0x140016fd   Thumb Code   104  gpdma_18xx_43xx.o(i.setupChannel)
    _fp_init                                 0x14001765   Thumb Code    10  fpinit.o(x$fpl$fpinit)
    __fplib_config_fpu_vfp                   0x1400176d   Thumb Code     0  fpinit.o(x$fpl$fpinit)
    __fplib_config_pureend_doubles           0x1400176d   Thumb Code     0  fpinit.o(x$fpl$fpinit)
    ExtRateIn                                0x140017bc   Data           4  board.o(.constdata)
    OscRateIn                                0x140017c0   Data           4  board.o(.constdata)
    Region$$Table$$Base                      0x140018a4   Number         0  anon$$obj.o(Region$$Table)
    Region$$Table$$Limit                     0x140018c4   Number         0  anon$$obj.o(Region$$Table)



==============================================================================

Memory Map of the image

  Image Entry point : 0x14000115

  Load Region LR_IROM1 (Base: 0x14000000, Size: 0x00001be8, Max: 0x00400000, ABSOLUTE, COMPRESSED[0x00001a90])

    Execution Region RW_IRAM1 (Exec base: 0x10000000, Load base: 0x140018c4, Size: 0x00006db0, Max: 0x00020000, ABSOLUTE, COMPRESSED[0x000001cc])

    Exec Addr    Load Addr    Size         Type   Attr      Idx    E Section Name        Object

    0x10000000   COMPRESSED   0x00000291   Data   RW          241    .data               uart.o
    0x10000291   COMPRESSED   0x00000003   PAD
    0x10000294   COMPRESSED   0x00000004   Data   RW          315    .data               lib_lpc_chip_43xx.lib(chip_18xx_43xx.o)
    0x10000298   COMPRESSED   0x00000080   Data   RW          561    .data               lib_lpc_chip_43xx.lib(gpdma_18xx_43xx.o)
    0x10000318   COMPRESSED   0x00000001   Data   RW          676    .data               lib_lpc_chip_43xx.lib(uart_18xx_43xx.o)
    0x10000319   COMPRESSED   0x00000003   PAD
    0x1000031c   COMPRESSED   0x00000008   Data   RW         1305    .data               lib_lpc_chip_43xx.lib(clock_18xx_43xx.o)
    0x10000324        -       0x00000228   Zero   RW          240    .bss                uart.o
    0x1000054c        -       0x00000060   Zero   RW         1609    .bss                c_w.l(libspace.o)
    0x100005ac   COMPRESSED   0x00000004   PAD
    0x100005b0        -       0x00006000   Zero   RW          302    HEAP                keil_startup_lpc18xx43xx.o
    0x100065b0        -       0x00000800   Zero   RW          301    STACK               keil_startup_lpc18xx43xx.o


    Execution Region ER_IROM1 (Exec base: 0x14000000, Load base: 0x14000000, Size: 0x000018c4, Max: 0x00400000, ABSOLUTE)

    Exec Addr    Load Addr    Size         Type   Attr      Idx    E Section Name        Object

    0x14000000   0x14000000   0x00000114   Data   RO          303    RESET               keil_startup_lpc18xx43xx.o
    0x14000114   0x14000114   0x00000008   Code   RO         1570  * !!!main             c_w.l(__main.o)
    0x1400011c   0x1400011c   0x00000034   Code   RO         1737    !!!scatter          c_w.l(__scatter.o)
    0x14000150   0x14000150   0x00000064   Code   RO         1735    !!dclz77c           c_w.l(__dclz77c.o)
    0x140001b4   0x140001b4   0x0000001c   Code   RO         1739    !!handler_zi        c_w.l(__scatter_zi.o)
    0x140001d0   0x140001d0   0x00000002   Code   RO         1607    .ARM.Collect$$libinit$$00000000  c_w.l(libinit.o)
    0x140001d2   0x140001d2   0x00000004   Code   RO         1619    .ARM.Collect$$libinit$$00000001  c_w.l(libinit2.o)
    0x140001d6   0x140001d6   0x00000000   Code   RO         1622    .ARM.Collect$$libinit$$00000004  c_w.l(libinit2.o)
    0x140001d6   0x140001d6   0x00000000   Code   RO         1625    .ARM.Collect$$libinit$$0000000A  c_w.l(libinit2.o)
    0x140001d6   0x140001d6   0x00000000   Code   RO         1627    .ARM.Collect$$libinit$$0000000C  c_w.l(libinit2.o)
    0x140001d6   0x140001d6   0x00000000   Code   RO         1629    .ARM.Collect$$libinit$$0000000E  c_w.l(libinit2.o)
    0x140001d6   0x140001d6   0x00000000   Code   RO         1632    .ARM.Collect$$libinit$$00000011  c_w.l(libinit2.o)
    0x140001d6   0x140001d6   0x00000000   Code   RO         1634    .ARM.Collect$$libinit$$00000013  c_w.l(libinit2.o)
    0x140001d6   0x140001d6   0x00000000   Code   RO         1636    .ARM.Collect$$libinit$$00000015  c_w.l(libinit2.o)
    0x140001d6   0x140001d6   0x00000000   Code   RO         1638    .ARM.Collect$$libinit$$00000017  c_w.l(libinit2.o)
    0x140001d6   0x140001d6   0x00000000   Code   RO         1640    .ARM.Collect$$libinit$$00000019  c_w.l(libinit2.o)
    0x140001d6   0x140001d6   0x00000000   Code   RO         1642    .ARM.Collect$$libinit$$0000001B  c_w.l(libinit2.o)
    0x140001d6   0x140001d6   0x00000000   Code   RO         1644    .ARM.Collect$$libinit$$0000001D  c_w.l(libinit2.o)
    0x140001d6   0x140001d6   0x00000000   Code   RO         1646    .ARM.Collect$$libinit$$0000001F  c_w.l(libinit2.o)
    0x140001d6   0x140001d6   0x00000000   Code   RO         1648    .ARM.Collect$$libinit$$00000021  c_w.l(libinit2.o)
    0x140001d6   0x140001d6   0x00000000   Code   RO         1650    .ARM.Collect$$libinit$$00000023  c_w.l(libinit2.o)
    0x140001d6   0x140001d6   0x00000000   Code   RO         1652    .ARM.Collect$$libinit$$00000025  c_w.l(libinit2.o)
    0x140001d6   0x140001d6   0x00000000   Code   RO         1656    .ARM.Collect$$libinit$$0000002C  c_w.l(libinit2.o)
    0x140001d6   0x140001d6   0x00000000   Code   RO         1658    .ARM.Collect$$libinit$$0000002E  c_w.l(libinit2.o)
    0x140001d6   0x140001d6   0x00000000   Code   RO         1660    .ARM.Collect$$libinit$$00000030  c_w.l(libinit2.o)
    0x140001d6   0x140001d6   0x00000000   Code   RO         1662    .ARM.Collect$$libinit$$00000032  c_w.l(libinit2.o)
    0x140001d6   0x140001d6   0x00000002   Code   RO         1663    .ARM.Collect$$libinit$$00000033  c_w.l(libinit2.o)
    0x140001d8   0x140001d8   0x00000002   Code   RO         1689    .ARM.Collect$$libshutdown$$00000000  c_w.l(libshutdown.o)
    0x140001da   0x140001da   0x00000000   Code   RO         1718    .ARM.Collect$$libshutdown$$00000002  c_w.l(libshutdown2.o)
    0x140001da   0x140001da   0x00000000   Code   RO         1720    .ARM.Collect$$libshutdown$$00000004  c_w.l(libshutdown2.o)
    0x140001da   0x140001da   0x00000000   Code   RO         1723    .ARM.Collect$$libshutdown$$00000007  c_w.l(libshutdown2.o)
    0x140001da   0x140001da   0x00000000   Code   RO         1726    .ARM.Collect$$libshutdown$$0000000A  c_w.l(libshutdown2.o)
    0x140001da   0x140001da   0x00000000   Code   RO         1728    .ARM.Collect$$libshutdown$$0000000C  c_w.l(libshutdown2.o)
    0x140001da   0x140001da   0x00000000   Code   RO         1731    .ARM.Collect$$libshutdown$$0000000F  c_w.l(libshutdown2.o)
    0x140001da   0x140001da   0x00000002   Code   RO         1732    .ARM.Collect$$libshutdown$$00000010  c_w.l(libshutdown2.o)
    0x140001dc   0x140001dc   0x00000000   Code   RO         1572    .ARM.Collect$$rtentry$$00000000  c_w.l(__rtentry.o)
    0x140001dc   0x140001dc   0x00000000   Code   RO         1578    .ARM.Collect$$rtentry$$00000002  c_w.l(__rtentry2.o)
    0x140001dc   0x140001dc   0x00000006   Code   RO         1590    .ARM.Collect$$rtentry$$00000004  c_w.l(__rtentry4.o)
    0x140001e2   0x140001e2   0x00000000   Code   RO         1580    .ARM.Collect$$rtentry$$00000009  c_w.l(__rtentry2.o)
    0x140001e2   0x140001e2   0x00000004   Code   RO         1581    .ARM.Collect$$rtentry$$0000000A  c_w.l(__rtentry2.o)
    0x140001e6   0x140001e6   0x00000000   Code   RO         1583    .ARM.Collect$$rtentry$$0000000C  c_w.l(__rtentry2.o)
    0x140001e6   0x140001e6   0x00000008   Code   RO         1584    .ARM.Collect$$rtentry$$0000000D  c_w.l(__rtentry2.o)
    0x140001ee   0x140001ee   0x00000002   Code   RO         1611    .ARM.Collect$$rtexit$$00000000  c_w.l(rtexit.o)
    0x140001f0   0x140001f0   0x00000000   Code   RO         1665    .ARM.Collect$$rtexit$$00000002  c_w.l(rtexit2.o)
    0x140001f0   0x140001f0   0x00000004   Code   RO         1666    .ARM.Collect$$rtexit$$00000003  c_w.l(rtexit2.o)
    0x140001f4   0x140001f4   0x00000006   Code   RO         1667    .ARM.Collect$$rtexit$$00000004  c_w.l(rtexit2.o)
    0x140001fa   0x140001fa   0x00000002   PAD
    0x140001fc   0x140001fc   0x00000044   Code   RO          304    .text               keil_startup_lpc18xx43xx.o
    0x14000240   0x14000240   0x0000008a   Code   RO         1562    .text               c_w.l(rt_memcpy_v6.o)
    0x140002ca   0x140002ca   0x00000064   Code   RO         1564    .text               c_w.l(rt_memcpy_w.o)
    0x1400032e   0x1400032e   0x0000004e   Code   RO         1566    .text               c_w.l(rt_memclr_w.o)
    0x1400037c   0x1400037c   0x00000006   Code   RO         1568    .text               c_w.l(heapauxi.o)
    0x14000382   0x14000382   0x0000004a   Code   RO         1594    .text               c_w.l(sys_stackheap_outer.o)
    0x140003cc   0x140003cc   0x00000012   Code   RO         1596    .text               c_w.l(exit.o)
    0x140003de   0x140003de   0x00000002   PAD
    0x140003e0   0x140003e0   0x00000008   Code   RO         1608    .text               c_w.l(libspace.o)
    0x140003e8   0x140003e8   0x00000008   Code   RO         1270    i.ABS               lib_lpc_chip_43xx.lib(clock_18xx_43xx.o)
    0x140003f0   0x140003f0   0x000000c0   Code   RO          231    i.App_DMA_Test      uart.o
    0x140004b0   0x140004b0   0x000000b8   Code   RO          232    i.App_Interrupt_Test  uart.o
    0x14000568   0x14000568   0x00000028   Code   RO          862    i.Board_Debug_Init  lib_lpc_board_nxp_lpclink2_4370.lib(board.o)
    0x14000590   0x14000590   0x00000028   Code   RO          864    i.Board_Init        lib_lpc_board_nxp_lpclink2_4370.lib(board.o)
    0x140005b8   0x140005b8   0x00000088   Code   RO         1218    i.Board_SetupClocking  lib_lpc_board_nxp_lpclink2_4370.lib(board_sysinit.o)
    0x14000640   0x14000640   0x0000001c   Code   RO         1219    i.Board_SetupMuxing  lib_lpc_board_nxp_lpclink2_4370.lib(board_sysinit.o)
    0x1400065c   0x1400065c   0x0000000e   Code   RO         1220    i.Board_SystemInit  lib_lpc_board_nxp_lpclink2_4370.lib(board_sysinit.o)
    0x1400066a   0x1400066a   0x00000002   PAD
    0x1400066c   0x1400066c   0x00000030   Code   RO          873    i.Board_UART_Init   lib_lpc_board_nxp_lpclink2_4370.lib(board.o)
    0x1400069c   0x1400069c   0x00000070   Code   RO         1271    i.Chip_Clock_CalcMainPLLValue  lib_lpc_chip_43xx.lib(clock_18xx_43xx.o)
    0x1400070c   0x1400070c   0x0000002c   Code   RO         1273    i.Chip_Clock_Disable  lib_lpc_chip_43xx.lib(clock_18xx_43xx.o)
    0x14000738   0x14000738   0x00000044   Code   RO         1279    i.Chip_Clock_EnableCrystal  lib_lpc_chip_43xx.lib(clock_18xx_43xx.o)
    0x1400077c   0x1400077c   0x00000034   Code   RO         1280    i.Chip_Clock_EnableOpts  lib_lpc_chip_43xx.lib(clock_18xx_43xx.o)
    0x140007b0   0x140007b0   0x00000020   Code   RO         1282    i.Chip_Clock_GetBaseClock  lib_lpc_chip_43xx.lib(clock_18xx_43xx.o)
    0x140007d0   0x140007d0   0x0000000e   Code   RO         1284    i.Chip_Clock_GetBaseClocktHz  lib_lpc_chip_43xx.lib(clock_18xx_43xx.o)
    0x140007de   0x140007de   0x00000002   PAD
    0x140007e0   0x140007e0   0x000000a0   Code   RO         1285    i.Chip_Clock_GetClockInputHz  lib_lpc_chip_43xx.lib(clock_18xx_43xx.o)
    0x14000880   0x14000880   0x00000022   Code   RO         1286    i.Chip_Clock_GetDivRate  lib_lpc_chip_43xx.lib(clock_18xx_43xx.o)
    0x140008a2   0x140008a2   0x00000002   PAD
    0x140008a4   0x140008a4   0x00000020   Code   RO         1287    i.Chip_Clock_GetDividerDivisor  lib_lpc_chip_43xx.lib(clock_18xx_43xx.o)
    0x140008c4   0x140008c4   0x0000001c   Code   RO         1288    i.Chip_Clock_GetDividerSource  lib_lpc_chip_43xx.lib(clock_18xx_43xx.o)
    0x140008e0   0x140008e0   0x0000005c   Code   RO         1290    i.Chip_Clock_GetMainPLLHz  lib_lpc_chip_43xx.lib(clock_18xx_43xx.o)
    0x1400093c   0x1400093c   0x00000078   Code   RO         1292    i.Chip_Clock_GetRate  lib_lpc_chip_43xx.lib(clock_18xx_43xx.o)
    0x140009b4   0x140009b4   0x00000038   Code   RO         1295    i.Chip_Clock_SetBaseClock  lib_lpc_chip_43xx.lib(clock_18xx_43xx.o)
    0x140009ec   0x140009ec   0x00000044   Code   RO         1296    i.Chip_Clock_SetDivider  lib_lpc_chip_43xx.lib(clock_18xx_43xx.o)
    0x14000a30   0x14000a30   0x00000028   Code   RO         1512    i.Chip_Clock_SetupMainPLL  lib_lpc_chip_43xx.lib(sysinit_18xx_43xx.o)
    0x14000a58   0x14000a58   0x0000001c   Code   RO          545    i.Chip_GPDMA_ChannelCmd  lib_lpc_chip_43xx.lib(gpdma_18xx_43xx.o)
    0x14000a74   0x14000a74   0x00000010   Code   RO          546    i.Chip_GPDMA_ClearIntPending  lib_lpc_chip_43xx.lib(gpdma_18xx_43xx.o)
    0x14000a84   0x14000a84   0x00000030   Code   RO          548    i.Chip_GPDMA_GetFreeChannel  lib_lpc_chip_43xx.lib(gpdma_18xx_43xx.o)
    0x14000ab4   0x14000ab4   0x0000003c   Code   RO          549    i.Chip_GPDMA_Init   lib_lpc_chip_43xx.lib(gpdma_18xx_43xx.o)
    0x14000af0   0x14000af0   0x00000064   Code   RO          550    i.Chip_GPDMA_InitChannelCfg  lib_lpc_chip_43xx.lib(gpdma_18xx_43xx.o)
    0x14000b54   0x14000b54   0x0000002e   Code   RO          551    i.Chip_GPDMA_IntGetStatus  lib_lpc_chip_43xx.lib(gpdma_18xx_43xx.o)
    0x14000b82   0x14000b82   0x00000042   Code   RO          552    i.Chip_GPDMA_Interrupt  lib_lpc_chip_43xx.lib(gpdma_18xx_43xx.o)
    0x14000bc4   0x14000bc4   0x00000044   Code   RO          555    i.Chip_GPDMA_Stop   lib_lpc_chip_43xx.lib(gpdma_18xx_43xx.o)
    0x14000c08   0x14000c08   0x00000090   Code   RO          556    i.Chip_GPDMA_Transfer  lib_lpc_chip_43xx.lib(gpdma_18xx_43xx.o)
    0x14000c98   0x14000c98   0x00000002   Code   RO         1487    i.Chip_GPIO_Init    lib_lpc_chip_43xx.lib(gpio_18xx_43xx.o)
    0x14000c9a   0x14000c9a   0x00000002   PAD
    0x14000c9c   0x14000c9c   0x00000028   Code   RO         1221    i.Chip_SCU_SetPinMuxing  lib_lpc_board_nxp_lpclink2_4370.lib(board_sysinit.o)
    0x14000cc4   0x14000cc4   0x000000f0   Code   RO         1513    i.Chip_SetupCoreClock  lib_lpc_chip_43xx.lib(sysinit_18xx_43xx.o)
    0x14000db4   0x14000db4   0x00000038   Code   RO          657    i.Chip_UART_ABCmd   lib_lpc_chip_43xx.lib(uart_18xx_43xx.o)
    0x14000dec   0x14000dec   0x0000000e   Code   RO          658    i.Chip_UART_CheckBusy  lib_lpc_chip_43xx.lib(uart_18xx_43xx.o)
    0x14000dfa   0x14000dfa   0x00000002   PAD
    0x14000dfc   0x14000dfc   0x0000001c   Code   RO          659    i.Chip_UART_DeInit  lib_lpc_chip_43xx.lib(uart_18xx_43xx.o)
    0x14000e18   0x14000e18   0x0000000c   Code   RO          660    i.Chip_UART_GetABEOStatus  lib_lpc_chip_43xx.lib(uart_18xx_43xx.o)
    0x14000e24   0x14000e24   0x0000002c   Code   RO          661    i.Chip_UART_GetIndex  lib_lpc_chip_43xx.lib(uart_18xx_43xx.o)
    0x14000e50   0x14000e50   0x0000006c   Code   RO          662    i.Chip_UART_IRQRBHandler  lib_lpc_chip_43xx.lib(uart_18xx_43xx.o)
    0x14000ebc   0x14000ebc   0x0000004c   Code   RO          663    i.Chip_UART_Init    lib_lpc_chip_43xx.lib(uart_18xx_43xx.o)
    0x14000f08   0x14000f08   0x0000001e   Code   RO          664    i.Chip_UART_RXIntHandlerRB  lib_lpc_chip_43xx.lib(uart_18xx_43xx.o)
    0x14000f26   0x14000f26   0x0000001c   Code   RO          665    i.Chip_UART_Read    lib_lpc_chip_43xx.lib(uart_18xx_43xx.o)
    0x14000f42   0x14000f42   0x00000010   Code   RO          667    i.Chip_UART_ReadRB  lib_lpc_chip_43xx.lib(uart_18xx_43xx.o)
    0x14000f52   0x14000f52   0x0000001c   Code   RO          668    i.Chip_UART_Send    lib_lpc_chip_43xx.lib(uart_18xx_43xx.o)
    0x14000f6e   0x14000f6e   0x00000024   Code   RO          669    i.Chip_UART_SendBlocking  lib_lpc_chip_43xx.lib(uart_18xx_43xx.o)
    0x14000f92   0x14000f92   0x00000040   Code   RO          670    i.Chip_UART_SendRB  lib_lpc_chip_43xx.lib(uart_18xx_43xx.o)
    0x14000fd2   0x14000fd2   0x00000002   PAD
    0x14000fd4   0x14000fd4   0x00000048   Code   RO          671    i.Chip_UART_SetBaud  lib_lpc_chip_43xx.lib(uart_18xx_43xx.o)
    0x1400101c   0x1400101c   0x00000034   Code   RO          673    i.Chip_UART_TXIntHandlerRB  lib_lpc_chip_43xx.lib(uart_18xx_43xx.o)
    0x14001050   0x14001050   0x00000030   Code   RO          233    i.DMA_IRQHandler    uart.o
    0x14001080   0x14001080   0x00000016   Code   RO          234    i.NVIC_DisableIRQ   uart.o
    0x14001096   0x14001096   0x00000016   Code   RO          235    i.NVIC_EnableIRQ    uart.o
    0x140010ac   0x140010ac   0x00000020   Code   RO          236    i.NVIC_SetPriority  uart.o
    0x140010cc   0x140010cc   0x00000034   Code   RO          237    i.Print_Menu_Polling  uart.o
    0x14001100   0x14001100   0x00000010   Code   RO          802    i.RingBuffer_Init   lib_lpc_chip_43xx.lib(ring_buffer.o)
    0x14001110   0x14001110   0x00000030   Code   RO          803    i.RingBuffer_Insert  lib_lpc_chip_43xx.lib(ring_buffer.o)
    0x14001140   0x14001140   0x0000007a   Code   RO          804    i.RingBuffer_InsertMult  lib_lpc_chip_43xx.lib(ring_buffer.o)
    0x140011ba   0x140011ba   0x00000010   Code   RO          674    i.RingBuffer_IsEmpty  lib_lpc_chip_43xx.lib(uart_18xx_43xx.o)
    0x140011ca   0x140011ca   0x00000010   Code   RO          805    i.RingBuffer_IsEmpty  lib_lpc_chip_43xx.lib(ring_buffer.o)
    0x140011da   0x140011da   0x00000014   Code   RO          806    i.RingBuffer_IsFull  lib_lpc_chip_43xx.lib(ring_buffer.o)
    0x140011ee   0x140011ee   0x00000030   Code   RO          807    i.RingBuffer_Pop    lib_lpc_chip_43xx.lib(ring_buffer.o)
    0x1400121e   0x1400121e   0x00000076   Code   RO          808    i.RingBuffer_PopMult  lib_lpc_chip_43xx.lib(ring_buffer.o)
    0x14001294   0x14001294   0x00000014   Code   RO          313    i.SystemCoreClockUpdate  lib_lpc_chip_43xx.lib(chip_18xx_43xx.o)
    0x140012a8   0x140012a8   0x0000001c   Code   RO            3    i.SystemInit        sysinit.o
    0x140012c4   0x140012c4   0x00000014   Code   RO          238    i.UART2_IRQHandler  uart.o
    0x140012d8   0x140012d8   0x00000004   Code   RO          876    i._sys_exit         lib_lpc_board_nxp_lpclink2_4370.lib(board.o)
    0x140012dc   0x140012dc   0x000000e0   Code   RO          557    i.configDMAMux      lib_lpc_chip_43xx.lib(gpdma_18xx_43xx.o)
    0x140013bc   0x140013bc   0x0000003c   Code   RO          784    i.fpuInit           lib_lpc_chip_43xx.lib(fpu_init.o)
    0x140013f8   0x140013f8   0x00000118   Code   RO          239    i.main              uart.o
    0x14001510   0x14001510   0x00000090   Code   RO          558    i.makeCtrlWord      lib_lpc_chip_43xx.lib(gpdma_18xx_43xx.o)
    0x140015a0   0x140015a0   0x000000a0   Code   RO         1302    i.pll_calc_divs     lib_lpc_chip_43xx.lib(clock_18xx_43xx.o)
    0x14001640   0x14001640   0x000000bc   Code   RO         1303    i.pll_get_frac      lib_lpc_chip_43xx.lib(clock_18xx_43xx.o)
    0x140016fc   0x140016fc   0x00000068   Code   RO          559    i.setupChannel      lib_lpc_chip_43xx.lib(gpdma_18xx_43xx.o)
    0x14001764   0x14001764   0x0000000a   Code   RO         1677    x$fpl$fpinit        fz_wm.l(fpinit.o)
    0x1400176e   0x1400176e   0x0000003c   Data   RO          560    .constdata          lib_lpc_chip_43xx.lib(gpdma_18xx_43xx.o)
    0x140017aa   0x140017aa   0x00000010   Data   RO          675    .constdata          lib_lpc_chip_43xx.lib(uart_18xx_43xx.o)
    0x140017ba   0x140017ba   0x00000002   PAD
    0x140017bc   0x140017bc   0x00000004   Data   RO          881    .constdata          lib_lpc_board_nxp_lpclink2_4370.lib(board.o)
    0x140017c0   0x140017c0   0x00000004   Data   RO          882    .constdata          lib_lpc_board_nxp_lpclink2_4370.lib(board.o)
    0x140017c4   0x140017c4   0x0000002c   Data   RO         1222    .constdata          lib_lpc_board_nxp_lpclink2_4370.lib(board_sysinit.o)
    0x140017f0   0x140017f0   0x0000006c   Data   RO         1304    .constdata          lib_lpc_chip_43xx.lib(clock_18xx_43xx.o)
    0x1400185c   0x1400185c   0x00000048   Data   RO         1517    .constdata          lib_lpc_chip_43xx.lib(sysinit_18xx_43xx.o)
    0x140018a4   0x140018a4   0x00000020   Data   RO         1733    Region$$Table       anon$$obj.o


==============================================================================

Image component sizes


      Code (inc. data)   RO Data    RW Data    ZI Data      Debug   Object Name

        68         28        276          0      26624        996   keil_startup_lpc18xx43xx.o
        28          8          0          0          0       8881   sysinit.o
       852         68          0        657        552      40534   uart.o

    ----------------------------------------------------------------------
       948        104        308        660      27176      50411   Object Totals
         0          0         32          0          0          0   (incl. Generated)
         0          0          0          3          0          0   (incl. Padding)

    ----------------------------------------------------------------------

      Code (inc. data)   RO Data    RW Data    ZI Data      Debug   Library Member Name

       100          0          0          0          0          0   __dclz77c.o
         8          0          0          0          0         68   __main.o
         0          0          0          0          0          0   __rtentry.o
        12          0          0          0          0          0   __rtentry2.o
         6          0          0          0          0          0   __rtentry4.o
        52          8          0          0          0          0   __scatter.o
        28          0          0          0          0          0   __scatter_zi.o
        18          0          0          0          0         80   exit.o
         6          0          0          0          0        152   heapauxi.o
         2          0          0          0          0          0   libinit.o
         6          0          0          0          0          0   libinit2.o
         2          0          0          0          0          0   libshutdown.o
         2          0          0          0          0          0   libshutdown2.o
         8          4          0          0         96         68   libspace.o
        78          0          0          0          0         80   rt_memclr_w.o
       138          0          0          0          0         68   rt_memcpy_v6.o
       100          0          0          0          0         80   rt_memcpy_w.o
         2          0          0          0          0          0   rtexit.o
        10          0          0          0          0          0   rtexit2.o
        74          0          0          0          0         80   sys_stackheap_outer.o
        10          0          0          0          0        116   fpinit.o
       132         30          8          0          0      19717   board.o
       218         26         44          0          0       6125   board_sysinit.o
        20          6          0          4          0      13306   chip_18xx_43xx.o
      1268        164        108          8          0      16126   clock_18xx_43xx.o
        60         14          0          0          0       1350   fpu_init.o
      1048         82         60        128          0      11260   gpdma_18xx_43xx.o
         2          0          0          0          0        561   gpio_18xx_43xx.o
       388          0          0          0          0       6920   ring_buffer.o
       280         18         72          0          0       3570   sysinit_18xx_43xx.o
       680         36         16          1          0      21214   uart_18xx_43xx.o

    ----------------------------------------------------------------------
      4774        388        310        144        100     100941   Library Totals
        16          0          2          3          4          0   (incl. Padding)

    ----------------------------------------------------------------------

      Code (inc. data)   RO Data    RW Data    ZI Data      Debug   Library Name

       652         12          0          0         96        676   c_w.l
        10          0          0          0          0        116   fz_wm.l
       350         56         52          0          0      25842   lib_lpc_board_nxp_lpclink2_4370.lib
      3746        320        256        141          0      74307   lib_lpc_chip_43xx.lib

    ----------------------------------------------------------------------
      4774        388        310        144        100     100941   Library Totals

    ----------------------------------------------------------------------

==============================================================================


      Code (inc. data)   RO Data    RW Data    ZI Data      Debug   

      5722        492        618        804      27276     144244   Grand Totals
      5722        492        618        460      27276     144244   ELF Image Totals (compressed)
      5722        492        618        460          0          0   ROM Totals

==============================================================================

    Total RO  Size (Code + RO Data)                 6340 (   6.19kB)
    Total RW  Size (RW Data + ZI Data)             28080 (  27.42kB)
    Total ROM Size (Code + RO Data + RW Data)       6800 (   6.64kB)

==============================================================================

