Component: ARM Compiler 5.06 update 6 (build 750) Tool: armlink [4d35ed]

==============================================================================

Section Cross References

    sysinit.o(i.SystemInit) refers to fpu_init.o(i.fpuInit) for fpuInit
    sysinit.o(i.SystemInit) refers to board_sysinit.o(i.Board_SystemInit) for Board_SystemInit
    sysinit.o(i.SystemInit) refers to keil_startup_lpc18xx43xx.o(RESET) for __Vectors
    timers.o(i.TIMER1_IRQHandler) refers to board.o(i.Board_LED_Set) for Board_LED_Set
    timers.o(i.TIMER1_IRQHandler) refers to timers.o(.data) for .data
    timers.o(i.main) refers to _printf_percent.o(.ARM.Collect$$_printf_percent$$00000000) for _printf_percent
    timers.o(i.main) refers to _printf_d.o(.ARM.Collect$$_printf_percent$$00000009) for _printf_d
    timers.o(i.main) refers to _printf_dec.o(.text) for _printf_int_dec
    timers.o(i.main) refers to chip_18xx_43xx.o(i.SystemCoreClockUpdate) for SystemCoreClockUpdate
    timers.o(i.main) refers to board.o(i.Board_Init) for Board_Init
    timers.o(i.main) refers to timer_18xx_43xx.o(i.Chip_TIMER_Init) for Chip_TIMER_Init
    timers.o(i.main) refers to clock_18xx_43xx.o(i.Chip_Clock_GetRate) for Chip_Clock_GetRate
    timers.o(i.main) refers to timer_18xx_43xx.o(i.Chip_TIMER_Reset) for Chip_TIMER_Reset
    timers.o(i.main) refers to board.o(i.Board_UARTPutSTR) for Board_UARTPutSTR
    timers.o(i.main) refers to noretval__2printf.o(.text) for __2printf
    keil_startup_lpc18xx43xx.o(STACK) refers (Special) to heapauxi.o(.text) for __use_two_region_memory
    keil_startup_lpc18xx43xx.o(HEAP) refers (Special) to heapauxi.o(.text) for __use_two_region_memory
    keil_startup_lpc18xx43xx.o(RESET) refers (Special) to heapauxi.o(.text) for __use_two_region_memory
    keil_startup_lpc18xx43xx.o(RESET) refers to keil_startup_lpc18xx43xx.o(STACK) for __initial_sp
    keil_startup_lpc18xx43xx.o(RESET) refers to keil_startup_lpc18xx43xx.o(.text) for Reset_Handler
    keil_startup_lpc18xx43xx.o(RESET) refers to timers.o(i.TIMER1_IRQHandler) for TIMER1_IRQHandler
    keil_startup_lpc18xx43xx.o(.text) refers (Special) to heapauxi.o(.text) for __use_two_region_memory
    keil_startup_lpc18xx43xx.o(.text) refers to sysinit.o(i.SystemInit) for SystemInit
    keil_startup_lpc18xx43xx.o(.text) refers to __main.o(!!!main) for __main
    keil_startup_lpc18xx43xx.o(.text) refers to keil_startup_lpc18xx43xx.o(HEAP) for Heap_Mem
    keil_startup_lpc18xx43xx.o(.text) refers to keil_startup_lpc18xx43xx.o(STACK) for Stack_Mem
    chip_18xx_43xx.o(i.Chip_USB0_Init) refers to chip_18xx_43xx.o(i.Chip_USB_PllSetup) for Chip_USB_PllSetup
    chip_18xx_43xx.o(i.Chip_USB0_Init) refers to clock_18xx_43xx.o(i.Chip_Clock_SetBaseClock) for Chip_Clock_SetBaseClock
    chip_18xx_43xx.o(i.Chip_USB0_Init) refers to clock_18xx_43xx.o(i.Chip_Clock_EnableBaseClock) for Chip_Clock_EnableBaseClock
    chip_18xx_43xx.o(i.Chip_USB0_Init) refers to clock_18xx_43xx.o(i.Chip_Clock_EnableOpts) for Chip_Clock_EnableOpts
    chip_18xx_43xx.o(i.Chip_USB1_Init) refers to chip_18xx_43xx.o(i.Chip_USB_PllSetup) for Chip_USB_PllSetup
    chip_18xx_43xx.o(i.Chip_USB1_Init) refers to clock_18xx_43xx.o(i.Chip_Clock_SetDivider) for Chip_Clock_SetDivider
    chip_18xx_43xx.o(i.Chip_USB1_Init) refers to clock_18xx_43xx.o(i.Chip_Clock_SetBaseClock) for Chip_Clock_SetBaseClock
    chip_18xx_43xx.o(i.Chip_USB1_Init) refers to clock_18xx_43xx.o(i.Chip_Clock_EnableBaseClock) for Chip_Clock_EnableBaseClock
    chip_18xx_43xx.o(i.Chip_USB1_Init) refers to clock_18xx_43xx.o(i.Chip_Clock_EnableOpts) for Chip_Clock_EnableOpts
    chip_18xx_43xx.o(i.Chip_USB_PllSetup) refers to clock_18xx_43xx.o(i.Chip_Clock_GetClockInputHz) for Chip_Clock_GetClockInputHz
    chip_18xx_43xx.o(i.Chip_USB_PllSetup) refers to clock_18xx_43xx.o(i.Chip_Clock_SetupPLL) for Chip_Clock_SetupPLL
    chip_18xx_43xx.o(i.Chip_USB_PllSetup) refers to clock_18xx_43xx.o(i.Chip_Clock_EnablePLL) for Chip_Clock_EnablePLL
    chip_18xx_43xx.o(i.Chip_USB_PllSetup) refers to clock_18xx_43xx.o(i.Chip_Clock_GetPLLStatus) for Chip_Clock_GetPLLStatus
    chip_18xx_43xx.o(i.Chip_USB_PllSetup) refers to chip_18xx_43xx.o(.constdata) for .constdata
    chip_18xx_43xx.o(i.SystemCoreClockUpdate) refers to clock_18xx_43xx.o(i.Chip_Clock_GetRate) for Chip_Clock_GetRate
    chip_18xx_43xx.o(i.SystemCoreClockUpdate) refers to chip_18xx_43xx.o(.data) for .data
    clock_18xx_43xx.o(i.Chip_Clock_CalcMainPLLValue) refers to clock_18xx_43xx.o(i.Chip_Clock_GetClockInputHz) for Chip_Clock_GetClockInputHz
    clock_18xx_43xx.o(i.Chip_Clock_CalcMainPLLValue) refers to clock_18xx_43xx.o(i.pll_get_frac) for pll_get_frac
    clock_18xx_43xx.o(i.Chip_Clock_EnableCrystal) refers to board.o(.constdata) for OscRateIn
    clock_18xx_43xx.o(i.Chip_Clock_GetBaseClocktHz) refers to clock_18xx_43xx.o(i.Chip_Clock_GetBaseClock) for Chip_Clock_GetBaseClock
[...]
    uart_18xx_43xx.o(i.Chip_UART_IRQRBHandler) refers to uart_18xx_43xx.o(.data) for .data
    uart_18xx_43xx.o(i.Chip_UART_Init) refers to uart_18xx_43xx.o(i.Chip_UART_GetIndex) for Chip_UART_GetIndex
    uart_18xx_43xx.o(i.Chip_UART_Init) refers to clock_18xx_43xx.o(i.Chip_Clock_EnableOpts) for Chip_Clock_EnableOpts
    uart_18xx_43xx.o(i.Chip_UART_Init) refers to uart_18xx_43xx.o(.constdata) for .constdata
    uart_18xx_43xx.o(i.Chip_UART_RXIntHandlerRB) refers to ring_buffer.o(i.RingBuffer_Insert) for RingBuffer_Insert
    uart_18xx_43xx.o(i.Chip_UART_ReadBlocking) refers to uart_18xx_43xx.o(i.Chip_UART_Read) for Chip_UART_Read
    uart_18xx_43xx.o(i.Chip_UART_ReadRB) refers to ring_buffer.o(i.RingBuffer_PopMult) for RingBuffer_PopMult
    uart_18xx_43xx.o(i.Chip_UART_SendBlocking) refers to uart_18xx_43xx.o(i.Chip_UART_Send) for Chip_UART_Send
    uart_18xx_43xx.o(i.Chip_UART_SendRB) refers to ring_buffer.o(i.RingBuffer_InsertMult) for RingBuffer_InsertMult
    uart_18xx_43xx.o(i.Chip_UART_SendRB) refers to uart_18xx_43xx.o(i.Chip_UART_TXIntHandlerRB) for Chip_UART_TXIntHandlerRB
    uart_18xx_43xx.o(i.Chip_UART_SetBaud) refers to uart_18xx_43xx.o(i.Chip_UART_GetIndex) for Chip_UART_GetIndex
    uart_18xx_43xx.o(i.Chip_UART_SetBaud) refers to clock_18xx_43xx.o(i.Chip_Clock_GetRate) for Chip_Clock_GetRate
    uart_18xx_43xx.o(i.Chip_UART_SetBaud) refers to uart_18xx_43xx.o(.constdata) for .constdata
    uart_18xx_43xx.o(i.Chip_UART_SetBaudFDR) refers to uart_18xx_43xx.o(i.Chip_UART_GetIndex) for Chip_UART_GetIndex
    uart_18xx_43xx.o(i.Chip_UART_SetBaudFDR) refers to clock_18xx_43xx.o(i.Chip_Clock_GetRate) for Chip_Clock_GetRate
    uart_18xx_43xx.o(i.Chip_UART_SetBaudFDR) refers to lludivv7m.o(.text) for __aeabi_uldivmod
    uart_18xx_43xx.o(i.Chip_UART_SetBaudFDR) refers to uart_18xx_43xx.o(.constdata) for .constdata
    uart_18xx_43xx.o(i.Chip_UART_TXIntHandlerRB) refers to ring_buffer.o(i.RingBuffer_Pop) for RingBuffer_Pop
    uart_18xx_43xx.o(i.Chip_UART_TXIntHandlerRB) refers to uart_18xx_43xx.o(i.RingBuffer_IsEmpty) for RingBuffer_IsEmpty
    sysinit_18xx_43xx.o(i.Chip_SetupCoreClock) refers to clock_18xx_43xx.o(i.Chip_Clock_EnableCrystal) for Chip_Clock_EnableCrystal
    sysinit_18xx_43xx.o(i.Chip_SetupCoreClock) refers to clock_18xx_43xx.o(i.Chip_Clock_SetBaseClock) for Chip_Clock_SetBaseClock
    sysinit_18xx_43xx.o(i.Chip_SetupCoreClock) refers to clock_18xx_43xx.o(i.Chip_Clock_CalcMainPLLValue) for Chip_Clock_CalcMainPLLValue
    sysinit_18xx_43xx.o(i.Chip_SetupCoreClock) refers to sysinit_18xx_43xx.o(i.Chip_Clock_SetupMainPLL) for Chip_Clock_SetupMainPLL
    sysinit_18xx_43xx.o(i.Chip_SetupCoreClock) refers to sysinit_18xx_43xx.o(.constdata) for .constdata
    sysinit_18xx_43xx.o(i.Chip_SetupIrcClocking) refers to sysinit_18xx_43xx.o(i.Chip_SetupCoreClock) for Chip_SetupCoreClock
    sysinit_18xx_43xx.o(i.Chip_SetupXtalClocking) refers to sysinit_18xx_43xx.o(i.Chip_SetupCoreClock) for Chip_SetupCoreClock
    sysinit_18xx_43xx.o(i.Chip_SystemInit) refers to sysinit_18xx_43xx.o(i.Chip_SetupIrcClocking) for Chip_SetupIrcClocking
    ring_buffer.o(i.RingBuffer_Insert) refers to ring_buffer.o(i.RingBuffer_IsFull) for RingBuffer_IsFull
    ring_buffer.o(i.RingBuffer_Insert) refers to rt_memcpy_v6.o(.text) for __aeabi_memcpy
    ring_buffer.o(i.RingBuffer_InsertMult) refers to ring_buffer.o(i.RingBuffer_IsFull) for RingBuffer_IsFull
    ring_buffer.o(i.RingBuffer_InsertMult) refers to rt_memcpy_v6.o(.text) for __aeabi_memcpy
    ring_buffer.o(i.RingBuffer_Pop) refers to ring_buffer.o(i.RingBuffer_IsEmpty) for RingBuffer_IsEmpty
    ring_buffer.o(i.RingBuffer_Pop) refers to rt_memcpy_v6.o(.text) for __aeabi_memcpy
    ring_buffer.o(i.RingBuffer_PopMult) refers to ring_buffer.o(i.RingBuffer_IsEmpty) for RingBuffer_IsEmpty
    ring_buffer.o(i.RingBuffer_PopMult) refers to rt_memcpy_v6.o(.text) for __aeabi_memcpy
    __2printf.o(.text) refers to _printf_char_file.o(.text) for _printf_char_file
    __2printf.o(.text) refers to board.o(.data) for __stdout
    noretval__2printf.o(.text) refers to _printf_char_file.o(.text) for _printf_char_file
    noretval__2printf.o(.text) refers to board.o(.data) for __stdout
    __printf.o(.text) refers to _printf_percent.o(.ARM.Collect$$_printf_percent$$00000000) for _printf_percent
    _printf_dec.o(.text) refers to _printf_intcommon.o(.text) for _printf_int_common
    __printf_flags.o(.text) refers to _printf_percent.o(.ARM.Collect$$_printf_percent$$00000000) for _printf_percent
    __printf_flags.o(.text) refers to __printf_flags.o(.constdata) for .constdata
    __printf_ss.o(.text) refers to _printf_percent.o(.ARM.Collect$$_printf_percent$$00000000) for _printf_percent
    __printf_flags_ss.o(.text) refers to _printf_percent.o(.ARM.Collect$$_printf_percent$$00000000) for _printf_percent
    __printf_flags_ss.o(.text) refers to __printf_flags_ss.o(.constdata) for .constdata
    __printf_wp.o(.text) refers to __printf_wp.o(i._is_digit) for _is_digit
    __printf_wp.o(.text) refers to _printf_percent.o(.ARM.Collect$$_printf_percent$$00000000) for _printf_percent
    __printf_flags_wp.o(.text) refers to __printf_wp.o(i._is_digit) for _is_digit
    __printf_flags_wp.o(.text) refers to _printf_percent.o(.ARM.Collect$$_printf_percent$$00000000) for _printf_percent
    __printf_flags_wp.o(.text) refers to __printf_flags_wp.o(.constdata) for .constdata
    __printf_ss_wp.o(.text) refers to __printf_wp.o(i._is_digit) for _is_digit
    __printf_ss_wp.o(.text) refers to _printf_percent.o(.ARM.Collect$$_printf_percent$$00000000) for _printf_percent
    __printf_flags_ss_wp.o(.text) refers to __printf_wp.o(i._is_digit) for _is_digit
    __printf_flags_ss_wp.o(.text) refers to _printf_percent.o(.ARM.Collect$$_printf_percent$$00000000) for _printf_percent
    __printf_flags_ss_wp.o(.text) refers to __printf_flags_ss_wp.o(.constdata) for .constdata
    _printf_d.o(.ARM.Collect$$_printf_percent$$00000009) refers (Weak) to _printf_dec.o(.text) for _printf_int_dec
    _printf_percent.o(.ARM.Collect$$_printf_percent$$00000000) refers (Special) to _printf_percent_end.o(.ARM.Collect$$_printf_percent$$00000017) for _printf_percent_end
    rt_memcpy_v6.o(.text) refers to rt_memcpy_w.o(.text) for __aeabi_memcpy4
    __main.o(!!!main) refers to __rtentry.o(.ARM.Collect$$rtentry$$00000000) for __rt_entry
    __rtentry.o(.ARM.Collect$$rtentry$$00000000) refers (Special) to __rtentry2.o(.ARM.Collect$$rtentry$$0000000A) for __rt_entry_li
    __rtentry.o(.ARM.Collect$$rtentry$$00000000) refers (Special) to __rtentry2.o(.ARM.Collect$$rtentry$$0000000D) for __rt_entry_main
    __rtentry.o(.ARM.Collect$$rtentry$$00000000) refers (Special) to __rtentry2.o(.ARM.Collect$$rtentry$$0000000C) for __rt_entry_postli_1
    __rtentry.o(.ARM.Collect$$rtentry$$00000000) refers (Special) to __rtentry2.o(.ARM.Collect$$rtentry$$00000009) for __rt_entry_postsh_1
    __rtentry.o(.ARM.Collect$$rtentry$$00000000) refers (Special) to __rtentry2.o(.ARM.Collect$$rtentry$$00000002) for __rt_entry_presh_1
    __rtentry.o(.ARM.Collect$$rtentry$$00000000) refers (Special) to __rtentry4.o(.ARM.Collect$$rtentry$$00000004) for __rt_entry_sh
    aeabi_ldiv0_sigfpe.o(.text) refers to rt_div0.o(.text) for __rt_div0
    _printf_char_file.o(.text) refers to _printf_char_common.o(.text) for _printf_char_common
    _printf_char_file.o(.text) refers to board.o(i.ferror) for ferror
    _printf_char_file.o(.text) refers to board.o(i.fputc) for fputc
    __rtentry2.o(.ARM.Collect$$rtentry$$00000008) refers to boardinit2.o(.text) for _platform_post_stackheap_init
    __rtentry2.o(.ARM.Collect$$rtentry$$0000000A) refers to libinit.o(.ARM.Collect$$libinit$$00000000) for __rt_lib_init
    __rtentry2.o(.ARM.Collect$$rtentry$$0000000B) refers to boardinit3.o(.text) for _platform_post_lib_init
    __rtentry2.o(.ARM.Collect$$rtentry$$0000000D) refers to timers.o(i.main) for main
    __rtentry2.o(.ARM.Collect$$rtentry$$0000000D) refers to exit.o(.text) for exit
    __rtentry2.o(.ARM.exidx) refers to __rtentry2.o(.ARM.Collect$$rtentry$$00000001) for .ARM.Collect$$rtentry$$00000001
    __rtentry2.o(.ARM.exidx) refers to __rtentry2.o(.ARM.Collect$$rtentry$$00000008) for .ARM.Collect$$rtentry$$00000008
    __rtentry2.o(.ARM.exidx) refers to __rtentry2.o(.ARM.Collect$$rtentry$$0000000A) for .ARM.Collect$$rtentry$$0000000A
    __rtentry2.o(.ARM.exidx) refers to __rtentry2.o(.ARM.Collect$$rtentry$$0000000B) for .ARM.Collect$$rtentry$$0000000B
    __rtentry2.o(.ARM.exidx) refers to __rtentry2.o(.ARM.Collect$$rtentry$$0000000D) for .ARM.Collect$$rtentry$$0000000D
    __rtentry4.o(.ARM.Collect$$rtentry$$00000004) refers to sys_stackheap_outer.o(.text) for __user_setup_stackheap
    __rtentry4.o(.ARM.exidx) refers to __rtentry4.o(.ARM.Collect$$rtentry$$00000004) for .ARM.Collect$$rtentry$$00000004
    rt_div0.o(.text) refers to defsig_fpe_outer.o(.text) for __rt_SIGFPE
    _printf_char_common.o(.text) refers to __printf.o(.text) for __printf
    sys_stackheap_outer.o(.text) refers to libspace.o(.text) for __user_perproc_libspace
    sys_stackheap_outer.o(.text) refers to keil_startup_lpc18xx43xx.o(.text) for __user_initial_stackheap
    exit.o(.text) refers to rtexit.o(.ARM.Collect$$rtexit$$00000000) for __rt_exit
    defsig_fpe_outer.o(.text) refers to defsig_fpe_inner.o(.text) for __rt_SIGFPE_inner
    defsig_fpe_outer.o(.text) refers to defsig_exit.o(.text) for __sig_exit
    defsig_fpe_formal.o(.text) refers to rt_raise.o(.text) for __rt_raise
    libinit.o(.ARM.Collect$$libinit$$00000000) refers (Special) to libinit2.o(.ARM.Collect$$libinit$$0000002E) for __rt_lib_init_alloca_1
    libinit.o(.ARM.Collect$$libinit$$00000000) refers (Special) to libinit2.o(.ARM.Collect$$libinit$$0000002C) for __rt_lib_init_argv_1
    libinit.o(.ARM.Collect$$libinit$$00000000) refers (Special) to libinit2.o(.ARM.Collect$$libinit$$0000001B) for __rt_lib_init_atexit_1
    libinit.o(.ARM.Collect$$libinit$$00000000) refers (Special) to libinit2.o(.ARM.Collect$$libinit$$00000021) for __rt_lib_init_clock_1
    libinit.o(.ARM.Collect$$libinit$$00000000) refers (Special) to libinit2.o(.ARM.Collect$$libinit$$00000032) for __rt_lib_init_cpp_1
    libinit.o(.ARM.Collect$$libinit$$00000000) refers (Special) to libinit2.o(.ARM.Collect$$libinit$$00000030) for __rt_lib_init_exceptions_1
    libinit.o(.ARM.Collect$$libinit$$00000000) refers (Special) to libinit2.o(.ARM.Collect$$libinit$$00000001) for __rt_lib_init_fp_1
    libinit.o(.ARM.Collect$$libinit$$00000000) refers (Special) to libinit2.o(.ARM.Collect$$libinit$$0000001F) for __rt_lib_init_fp_trap_1
    libinit.o(.ARM.Collect$$libinit$$00000000) refers (Special) to libinit2.o(.ARM.Collect$$libinit$$00000023) for __rt_lib_init_getenv_1
    libinit.o(.ARM.Collect$$libinit$$00000000) refers (Special) to libinit2.o(.ARM.Collect$$libinit$$0000000A) for __rt_lib_init_heap_1
    libinit.o(.ARM.Collect$$libinit$$00000000) refers (Special) to libinit2.o(.ARM.Collect$$libinit$$00000011) for __rt_lib_init_lc_collate_1
    libinit.o(.ARM.Collect$$libinit$$00000000) refers (Special) to libinit2.o(.ARM.Collect$$libinit$$00000013) for __rt_lib_init_lc_ctype_1
    libinit.o(.ARM.Collect$$libinit$$00000000) refers (Special) to libinit2.o(.ARM.Collect$$libinit$$00000015) for __rt_lib_init_lc_monetary_1
    libinit.o(.ARM.Collect$$libinit$$00000000) refers (Special) to libinit2.o(.ARM.Collect$$libinit$$00000017) for __rt_lib_init_lc_numeric_1
    libinit.o(.ARM.Collect$$libinit$$00000000) refers (Special) to libinit2.o(.ARM.Collect$$libinit$$00000019) for __rt_lib_init_lc_time_1
    libinit.o(.ARM.Collect$$libinit$$00000000) refers (Special) to libinit2.o(.ARM.Collect$$libinit$$00000004) for __rt_lib_init_preinit_1
    libinit.o(.ARM.Collect$$libinit$$00000000) refers (Special) to libinit2.o(.ARM.Collect$$libinit$$0000000E) for __rt_lib_init_rand_1
    libinit.o(.ARM.Collect$$libinit$$00000000) refers (Special) to libinit2.o(.ARM.Collect$$libinit$$00000033) for __rt_lib_init_return
    libinit.o(.ARM.Collect$$libinit$$00000000) refers (Special) to libinit2.o(.ARM.Collect$$libinit$$0000001D) for __rt_lib_init_signal_1
    libinit.o(.ARM.Collect$$libinit$$00000000) refers (Special) to libinit2.o(.ARM.Collect$$libinit$$00000025) for __rt_lib_init_stdio_1
    libinit.o(.ARM.Collect$$libinit$$00000000) refers (Special) to libinit2.o(.ARM.Collect$$libinit$$0000000C) for __rt_lib_init_user_alloc_1
    libspace.o(.text) refers to libspace.o(.bss) for __libspace_start
    rtexit.o(.ARM.Collect$$rtexit$$00000000) refers (Special) to rtexit2.o(.ARM.Collect$$rtexit$$00000004) for __rt_exit_exit
    rtexit.o(.ARM.Collect$$rtexit$$00000000) refers (Special) to rtexit2.o(.ARM.Collect$$rtexit$$00000003) for __rt_exit_ls
    rtexit.o(.ARM.Collect$$rtexit$$00000000) refers (Special) to rtexit2.o(.ARM.Collect$$rtexit$$00000002) for __rt_exit_prels_1
    rtexit.o(.ARM.exidx) refers (Special) to rtexit2.o(.ARM.Collect$$rtexit$$00000004) for __rt_exit_exit
    rtexit.o(.ARM.exidx) refers (Special) to rtexit2.o(.ARM.Collect$$rtexit$$00000003) for __rt_exit_ls
    rtexit.o(.ARM.exidx) refers (Special) to rtexit2.o(.ARM.Collect$$rtexit$$00000002) for __rt_exit_prels_1
    rtexit.o(.ARM.exidx) refers to rtexit.o(.ARM.Collect$$rtexit$$00000000) for .ARM.Collect$$rtexit$$00000000
    rt_raise.o(.text) refers to __raise.o(.text) for __raise
    rt_raise.o(.text) refers to board.o(i._sys_exit) for _sys_exit
    defsig_exit.o(.text) refers to board.o(i._sys_exit) for _sys_exit
    defsig_fpe_inner.o(.text) refers to defsig_general.o(.text) for __default_signal_display
    libinit2.o(.ARM.Collect$$libinit$$00000001) refers to fpinit.o(x$fpl$fpinit) for _fp_init
    libinit2.o(.ARM.Collect$$libinit$$00000010) refers to libinit2.o(.ARM.Collect$$libinit$$0000000F) for .ARM.Collect$$libinit$$0000000F
    libinit2.o(.ARM.Collect$$libinit$$00000012) refers to libinit2.o(.ARM.Collect$$libinit$$0000000F) for .ARM.Collect$$libinit$$0000000F
    libinit2.o(.ARM.Collect$$libinit$$00000014) refers to libinit2.o(.ARM.Collect$$libinit$$0000000F) for .ARM.Collect$$libinit$$0000000F
    libinit2.o(.ARM.Collect$$libinit$$00000016) refers to libinit2.o(.ARM.Collect$$libinit$$0000000F) for .ARM.Collect$$libinit$$0000000F
    libinit2.o(.ARM.Collect$$libinit$$00000018) refers to libinit2.o(.ARM.Collect$$libinit$$0000000F) for .ARM.Collect$$libinit$$0000000F
    libinit2.o(.ARM.Collect$$libinit$$00000026) refers to argv_veneer.o(.emb_text) for __ARM_argv_veneer
    libinit2.o(.ARM.Collect$$libinit$$00000027) refers to argv_veneer.o(.emb_text) for __ARM_argv_veneer
    rtexit2.o(.ARM.Collect$$rtexit$$00000003) refers to libshutdown.o(.ARM.Collect$$libshutdown$$00000000) for __rt_lib_shutdown
    rtexit2.o(.ARM.Collect$$rtexit$$00000004) refers to board.o(i._sys_exit) for _sys_exit
    rtexit2.o(.ARM.exidx) refers to rtexit2.o(.ARM.Collect$$rtexit$$00000001) for .ARM.Collect$$rtexit$$00000001
    rtexit2.o(.ARM.exidx) refers to rtexit2.o(.ARM.Collect$$rtexit$$00000003) for .ARM.Collect$$rtexit$$00000003
    rtexit2.o(.ARM.exidx) refers to rtexit2.o(.ARM.Collect$$rtexit$$00000004) for .ARM.Collect$$rtexit$$00000004
    __raise.o(.text) refers to defsig.o(CL$$defsig) for __default_signal_handler
    defsig_general.o(.text) refers to sys_wrch.o(.text) for _ttywrch
    argv_veneer.o(.emb_text) refers to no_argv.o(.text) for __ARM_get_argv
    sys_wrch.o(.text) refers (Special) to use_no_semi.o(.text) for __I$use$semihosting
    sys_wrch.o(.text) refers (Special) to indicate_semi.o(.text) for __semihosting_library_function
    defsig.o(CL$$defsig) refers to defsig_fpe_inner.o(.text) for __rt_SIGFPE_inner
    defsig.o(CL$$defsig) refers to defsig_rtmem_inner.o(.text) for __rt_SIGRTMEM_inner
    _get_argv_nomalloc.o(.text) refers (Special) to hrguard.o(.text) for __heap_region$guard
    _get_argv_nomalloc.o(.text) refers to defsig_rtmem_outer.o(.text) for __rt_SIGRTMEM
    _get_argv_nomalloc.o(.text) refers to sys_command.o(.text) for _sys_command_string
    libshutdown.o(.ARM.Collect$$libshutdown$$00000000) refers (Special) to libshutdown2.o(.ARM.Collect$$libshutdown$$00000002) for __rt_lib_shutdown_cpp_1
    libshutdown.o(.ARM.Collect$$libshutdown$$00000000) refers (Special) to libshutdown2.o(.ARM.Collect$$libshutdown$$00000007) for __rt_lib_shutdown_fp_trap_1
    libshutdown.o(.ARM.Collect$$libshutdown$$00000000) refers (Special) to libshutdown2.o(.ARM.Collect$$libshutdown$$0000000F) for __rt_lib_shutdown_heap_1
    libshutdown.o(.ARM.Collect$$libshutdown$$00000000) refers (Special) to libshutdown2.o(.ARM.Collect$$libshutdown$$00000010) for __rt_lib_shutdown_return
    libshutdown.o(.ARM.Collect$$libshutdown$$00000000) refers (Special) to libshutdown2.o(.ARM.Collect$$libshutdown$$0000000A) for __rt_lib_shutdown_signal_1
    libshutdown.o(.ARM.Collect$$libshutdown$$00000000) refers (Special) to libshutdown2.o(.ARM.Collect$$libshutdown$$00000004) for __rt_lib_shutdown_stdio_1
    libshutdown.o(.ARM.Collect$$libshutdown$$00000000) refers (Special) to libshutdown2.o(.ARM.Collect$$libshutdown$$0000000C) for __rt_lib_shutdown_user_alloc_1
    sys_command.o(.text) refers (Special) to use_no_semi.o(.text) for __I$use$semihosting
    sys_command.o(.text) refers (Special) to indicate_semi.o(.text) for __semihosting_library_function
    defsig_abrt_inner.o(.text) refers to defsig_general.o(.text) for __default_signal_display
    defsig_rtred_inner.o(.text) refers to defsig_general.o(.text) for __default_signal_display
    defsig_rtmem_inner.o(.text) refers to defsig_general.o(.text) for __default_signal_display
    defsig_rtmem_outer.o(.text) refers to defsig_rtmem_inner.o(.text) for __rt_SIGRTMEM_inner
    defsig_rtmem_outer.o(.text) refers to defsig_exit.o(.text) for __sig_exit
    defsig_rtmem_formal.o(.text) refers to rt_raise.o(.text) for __rt_raise
    defsig_stak_inner.o(.text) refers to defsig_general.o(.text) for __default_signal_display
    defsig_pvfn_inner.o(.text) refers to defsig_general.o(.text) for __default_signal_display
    defsig_cppl_inner.o(.text) refers to defsig_general.o(.text) for __default_signal_display
    defsig_segv_inner.o(.text) refers to defsig_general.o(.text) for __default_signal_display
    defsig_other.o(.text) refers to defsig_general.o(.text) for __default_signal_display


==============================================================================

Removing Unused input sections from the image.

    Removing sysinit.o(.rev16_text), (4 bytes).
    Removing sysinit.o(.revsh_text), (4 bytes).
    Removing timers.o(.rev16_text), (4 bytes).
    Removing timers.o(.revsh_text), (4 bytes).
    Removing chip_18xx_43xx.o(.rev16_text), (4 bytes).
    Removing chip_18xx_43xx.o(.revsh_text), (4 bytes).
    Removing chip_18xx_43xx.o(i.Chip_USB0_Init), (52 bytes).
    Removing chip_18xx_43xx.o(i.Chip_USB1_Init), (68 bytes).
    Removing chip_18xx_43xx.o(i.Chip_USB_PllSetup), (52 bytes).
    Removing chip_18xx_43xx.o(.constdata), (20 bytes).
    Removing clock_18xx_43xx.o(.rev16_text), (4 bytes).
    Removing clock_18xx_43xx.o(.revsh_text), (4 bytes).
    Removing clock_18xx_43xx.o(i.Chip_Clock_ClearPowerDown), (20 bytes).
    Removing clock_18xx_43xx.o(i.Chip_Clock_Disable), (44 bytes).
    Removing clock_18xx_43xx.o(i.Chip_Clock_DisableBaseClock), (24 bytes).
    Removing clock_18xx_43xx.o(i.Chip_Clock_DisableCrystal), (16 bytes).
    Removing clock_18xx_43xx.o(i.Chip_Clock_DisablePLL), (20 bytes).
    Removing clock_18xx_43xx.o(i.Chip_Clock_EnableBaseClock), (24 bytes).
    Removing clock_18xx_43xx.o(i.Chip_Clock_EnablePLL), (20 bytes).
    Removing clock_18xx_43xx.o(i.Chip_Clock_GetBaseClockOpts), (52 bytes).
    Removing clock_18xx_43xx.o(i.Chip_Clock_GetEMCRate), (44 bytes).
    Removing clock_18xx_43xx.o(i.Chip_Clock_GetPLLStatus), (16 bytes).
    Removing clock_18xx_43xx.o(i.Chip_Clock_IsBaseClockEnabled), (28 bytes).
    Removing clock_18xx_43xx.o(i.Chip_Clock_RTCEnable), (24 bytes).
    Removing clock_18xx_43xx.o(i.Chip_Clock_SetupMainPLLHz), (130 bytes).
    Removing clock_18xx_43xx.o(i.Chip_Clock_SetupMainPLLMult), (144 bytes).
    Removing clock_18xx_43xx.o(i.Chip_Clock_SetupPLL), (52 bytes).
    Removing clock_18xx_43xx.o(i.Chip_Clock_StartPowerDown), (20 bytes).
    Removing clock_18xx_43xx.o(i.Chip_Clock_TestMainPLLMultiplier), (24 bytes).
    Removing timer_18xx_43xx.o(.rev16_text), (4 bytes).
    Removing timer_18xx_43xx.o(.revsh_text), (4 bytes).
    Removing timer_18xx_43xx.o(i.Chip_TIMER_DeInit), (14 bytes).
    Removing timer_18xx_43xx.o(i.Chip_TIMER_ExtMatchControlSet), (36 bytes).
    Removing fpu_init.o(.rev16_text), (4 bytes).
    Removing fpu_init.o(.revsh_text), (4 bytes).
    Removing board.o(.rev16_text), (4 bytes).
    Removing board.o(.revsh_text), (4 bytes).
    Removing board.o(i.Board_ADC_Init), (20 bytes).
    Removing board.o(i.Board_Buttons_Init), (2 bytes).
    Removing board.o(i.Board_DAC_Init), (16 bytes).
    Removing board.o(i.Board_I2C_Init), (36 bytes).
    Removing board.o(i.Board_Joystick_Init), (2 bytes).
    Removing board.o(i.Board_LED_Test), (24 bytes).
    Removing board.o(i.Board_LED_Toggle), (22 bytes).
    Removing board.o(i.Board_SSP_Init), (56 bytes).
    Removing board.o(i.Board_UARTGetChar), (24 bytes).
    Removing board.o(i.Buttons_GetStatus), (4 bytes).
    Removing board.o(i.Joystick_GetStatus), (4 bytes).
    Removing board.o(i._sys_open), (4 bytes).
    Removing board.o(i.fgetc), (4 bytes).
    Removing board.o(.data), (4 bytes).
    Removing board.o(.data), (4 bytes).
    Removing board_sysinit.o(.rev16_text), (4 bytes).
    Removing board_sysinit.o(.revsh_text), (4 bytes).
    Removing gpio_18xx_43xx.o(.rev16_text), (4 bytes).
    Removing gpio_18xx_43xx.o(.revsh_text), (4 bytes).
    Removing gpio_18xx_43xx.o(i.Chip_GPIO_DeInit), (2 bytes).
    Removing uart_18xx_43xx.o(.rev16_text), (4 bytes).
    Removing uart_18xx_43xx.o(.revsh_text), (4 bytes).
    Removing uart_18xx_43xx.o(i.Chip_UART_ABCmd), (56 bytes).
    Removing uart_18xx_43xx.o(i.Chip_UART_CheckBusy), (14 bytes).
    Removing uart_18xx_43xx.o(i.Chip_UART_DeInit), (28 bytes).
    Removing uart_18xx_43xx.o(i.Chip_UART_GetABEOStatus), (12 bytes).
    Removing uart_18xx_43xx.o(i.Chip_UART_IRQRBHandler), (108 bytes).
    Removing uart_18xx_43xx.o(i.Chip_UART_RXIntHandlerRB), (30 bytes).
    Removing uart_18xx_43xx.o(i.Chip_UART_Read), (28 bytes).
    Removing uart_18xx_43xx.o(i.Chip_UART_ReadBlocking), (36 bytes).
    Removing uart_18xx_43xx.o(i.Chip_UART_ReadRB), (16 bytes).
    Removing uart_18xx_43xx.o(i.Chip_UART_Send), (28 bytes).
    Removing uart_18xx_43xx.o(i.Chip_UART_SendBlocking), (36 bytes).
    Removing uart_18xx_43xx.o(i.Chip_UART_SendRB), (64 bytes).
    Removing uart_18xx_43xx.o(i.Chip_UART_SetBaudFDR), (204 bytes).
    Removing uart_18xx_43xx.o(i.Chip_UART_TXIntHandlerRB), (52 bytes).
    Removing uart_18xx_43xx.o(i.RingBuffer_IsEmpty), (16 bytes).
    Removing uart_18xx_43xx.o(.data), (1 bytes).
    Removing sysinit_18xx_43xx.o(.rev16_text), (4 bytes).
    Removing sysinit_18xx_43xx.o(.revsh_text), (4 bytes).
    Removing sysinit_18xx_43xx.o(i.Chip_SetupIrcClocking), (16 bytes).
    Removing sysinit_18xx_43xx.o(i.Chip_SetupXtalClocking), (16 bytes).
    Removing sysinit_18xx_43xx.o(i.Chip_SystemInit), (4 bytes).
    Removing ring_buffer.o(i.RingBuffer_Init), (16 bytes).
    Removing ring_buffer.o(i.RingBuffer_Insert), (48 bytes).
    Removing ring_buffer.o(i.RingBuffer_InsertMult), (122 bytes).
    Removing ring_buffer.o(i.RingBuffer_IsEmpty), (16 bytes).
    Removing ring_buffer.o(i.RingBuffer_IsFull), (20 bytes).
    Removing ring_buffer.o(i.RingBuffer_Pop), (48 bytes).
    Removing ring_buffer.o(i.RingBuffer_PopMult), (118 bytes).

87 unused section(s) (total 2413 bytes) removed from the image.

==============================================================================

Image Symbol Table

    Local Symbols

    Symbol Name                              Value     Ov Type        Size  Object(Section)

    ../clib/angel/boardlib.s                 0x00000000   Number         0  boardinit3.o ABSOLUTE
    ../clib/angel/boardlib.s                 0x00000000   Number         0  boardinit1.o ABSOLUTE
    ../clib/angel/boardlib.s                 0x00000000   Number         0  boardinit2.o ABSOLUTE
    ../clib/angel/boardlib.s                 0x00000000   Number         0  boardshut.o ABSOLUTE
    ../clib/angel/handlers.s                 0x00000000   Number         0  __scatter_copy.o ABSOLUTE
    ../clib/angel/handlers.s                 0x00000000   Number         0  __scatter_zi.o ABSOLUTE
    ../clib/angel/kernel.s                   0x00000000   Number         0  __rtentry2.o ABSOLUTE
    ../clib/angel/kernel.s                   0x00000000   Number         0  rtexit2.o ABSOLUTE
    ../clib/angel/kernel.s                   0x00000000   Number         0  __rtentry4.o ABSOLUTE
    ../clib/angel/kernel.s                   0x00000000   Number         0  rtexit.o ABSOLUTE
    ../clib/angel/kernel.s                   0x00000000   Number         0  __rtentry.o ABSOLUTE
    ../clib/angel/rt.s                       0x00000000   Number         0  aeabi_ldiv0_sigfpe.o ABSOLUTE
    ../clib/angel/rt.s                       0x00000000   Number         0  rt_raise.o ABSOLUTE
    ../clib/angel/rt.s                       0x00000000   Number         0  rt_div0.o ABSOLUTE
    ../clib/angel/rt.s                       0x00000000   Number         0  aeabi_ldiv0.o ABSOLUTE
    ../clib/angel/scatter.s                  0x00000000   Number         0  __scatter.o ABSOLUTE
    ../clib/angel/startup.s                  0x00000000   Number         0  __main.o ABSOLUTE
    ../clib/angel/sys.s                      0x00000000   Number         0  libspace.o ABSOLUTE
    ../clib/angel/sys.s                      0x00000000   Number         0  indicate_semi.o ABSOLUTE
    ../clib/angel/sys.s                      0x00000000   Number         0  sys_stackheap_outer.o ABSOLUTE
    ../clib/angel/sys.s                      0x00000000   Number         0  use_no_semi.o ABSOLUTE
    ../clib/angel/sysapp.c                   0x00000000   Number         0  sys_wrch.o ABSOLUTE
    ../clib/angel/sysapp.c                   0x00000000   Number         0  sys_command.o ABSOLUTE
    ../clib/armsys.c                         0x00000000   Number         0  _get_argv_nomalloc.o ABSOLUTE
    ../clib/armsys.c                         0x00000000   Number         0  argv_veneer.o ABSOLUTE
    ../clib/armsys.c                         0x00000000   Number         0  argv_veneer.o ABSOLUTE
    ../clib/armsys.c                         0x00000000   Number         0  no_argv.o ABSOLUTE
    ../clib/heapalloc.c                      0x00000000   Number         0  hrguard.o ABSOLUTE
    ../clib/heapaux.c                        0x00000000   Number         0  heapauxi.o ABSOLUTE
    ../clib/libinit.s                        0x00000000   Number         0  libinit.o ABSOLUTE
    ../clib/libinit.s                        0x00000000   Number         0  libinit2.o ABSOLUTE
    ../clib/libinit.s                        0x00000000   Number         0  libshutdown2.o ABSOLUTE
    ../clib/libinit.s                        0x00000000   Number         0  libshutdown.o ABSOLUTE
    ../clib/longlong.s                       0x00000000   Number         0  lludivv7m.o ABSOLUTE
    ../clib/memcpset.s                       0x00000000   Number         0  rt_memcpy_v6.o ABSOLUTE
    ../clib/memcpset.s                       0x00000000   Number         0  rt_memclr_w.o ABSOLUTE
    ../clib/memcpset.s                       0x00000000   Number         0  rt_memcpy_w.o ABSOLUTE
    ../clib/printf.c                         0x00000000   Number         0  __printf_ss_wp.o ABSOLUTE
    ../clib/printf.c                         0x00000000   Number         0  _printf_char_common.o ABSOLUTE
    ../clib/printf.c                         0x00000000   Number         0  _printf_char_file.o ABSOLUTE
    ../clib/printf.c                         0x00000000   Number         0  _printf_intcommon.o ABSOLUTE
    ../clib/printf.c                         0x00000000   Number         0  __printf_flags_ss_wp.o ABSOLUTE
    ../clib/printf.c                         0x00000000   Number         0  __printf_flags_ss.o ABSOLUTE
    ../clib/printf.c                         0x00000000   Number         0  __2printf.o ABSOLUTE
    ../clib/printf.c                         0x00000000   Number         0  noretval__2printf.o ABSOLUTE
    ../clib/printf.c                         0x00000000   Number         0  __printf_wp.o ABSOLUTE
    ../clib/printf.c                         0x00000000   Number         0  __printf.o ABSOLUTE
    ../clib/printf.c                         0x00000000   Number         0  __printf_nopercent.o ABSOLUTE
    ../clib/printf.c                         0x00000000   Number         0  _printf_dec.o ABSOLUTE
    ../clib/printf.c                         0x00000000   Number         0  __printf_flags_wp.o ABSOLUTE
    ../clib/printf.c                         0x00000000   Number         0  __printf_flags.o ABSOLUTE
    ../clib/printf.c                         0x00000000   Number         0  __printf_ss.o ABSOLUTE
    ../clib/printf_percent.s                 0x00000000   Number         0  _printf_percent_end.o ABSOLUTE
    ../clib/printf_percent.s                 0x00000000   Number         0  _printf_percent.o ABSOLUTE
    ../clib/printf_percent.s                 0x00000000   Number         0  _printf_d.o ABSOLUTE
    ../clib/signal.c                         0x00000000   Number         0  defsig_cppl_inner.o ABSOLUTE
    ../clib/signal.c                         0x00000000   Number         0  defsig_pvfn_inner.o ABSOLUTE
    ../clib/signal.c                         0x00000000   Number         0  defsig_stak_inner.o ABSOLUTE
    ../clib/signal.c                         0x00000000   Number         0  defsig_rtmem_outer.o ABSOLUTE
    ../clib/signal.c                         0x00000000   Number         0  defsig_rtmem_inner.o ABSOLUTE
    ../clib/signal.c                         0x00000000   Number         0  defsig_rtmem_formal.o ABSOLUTE
    ../clib/signal.c                         0x00000000   Number         0  defsig_rtred_inner.o ABSOLUTE
    ../clib/signal.c                         0x00000000   Number         0  defsig_abrt_inner.o ABSOLUTE
    ../clib/signal.c                         0x00000000   Number         0  defsig_exit.o ABSOLUTE
    ../clib/signal.c                         0x00000000   Number         0  defsig_fpe_formal.o ABSOLUTE
    ../clib/signal.c                         0x00000000   Number         0  defsig_fpe_outer.o ABSOLUTE
    ../clib/signal.c                         0x00000000   Number         0  defsig_fpe_inner.o ABSOLUTE
    ../clib/signal.c                         0x00000000   Number         0  __raise.o ABSOLUTE
    ../clib/signal.c                         0x00000000   Number         0  defsig_general.o ABSOLUTE
    ../clib/signal.c                         0x00000000   Number         0  defsig_other.o ABSOLUTE
    ../clib/signal.c                         0x00000000   Number         0  defsig_segv_inner.o ABSOLUTE
    ../clib/signal.s                         0x00000000   Number         0  defsig.o ABSOLUTE
    ../clib/stdlib.c                         0x00000000   Number         0  exit.o ABSOLUTE
    ../fplib/fpinit.s                        0x00000000   Number         0  fpinit.o ABSOLUTE
    ..\..\..\brd_link4370\src\board.c        0x00000000   Number         0  board.o ABSOLUTE
    ..\..\..\brd_link4370\src\board_sysinit.c 0x00000000   Number         0  board_sysinit.o ABSOLUTE
    ..\..\..\chip_43xx_18xx\src\chip_18xx_43xx.c 0x00000000   Number         0  chip_18xx_43xx.o ABSOLUTE
    ..\..\..\chip_43xx_18xx\src\clock_18xx_43xx.c 0x00000000   Number         0  clock_18xx_43xx.o ABSOLUTE
    ..\..\..\chip_43xx_18xx\src\fpu_init.c   0x00000000   Number         0  fpu_init.o ABSOLUTE
    ..\..\..\chip_43xx_18xx\src\gpio_18xx_43xx.c 0x00000000   Number         0  gpio_18xx_43xx.o ABSOLUTE
    ..\..\..\chip_43xx_18xx\src\ring_buffer.c 0x00000000   Number         0  ring_buffer.o ABSOLUTE
    ..\..\..\chip_43xx_18xx\src\sysinit_18xx_43xx.c 0x00000000   Number         0  sysinit_18xx_43xx.o ABSOLUTE
    ..\..\..\chip_43xx_18xx\src\timer_18xx_43xx.c 0x00000000   Number         0  timer_18xx_43xx.o ABSOLUTE
    ..\..\..\chip_43xx_18xx\src\uart_18xx_43xx.c 0x00000000   Number         0  uart_18xx_43xx.o ABSOLUTE
    ..\..\..\chip_43xx_18xx\startup\keil_startup_lpc18xx43xx.s 0x00000000   Number         0  keil_startup_lpc18xx43xx.o ABSOLUTE
    ..\..\..\chip_43xx_18xx\startup\sysinit.c 0x00000000   Number         0  sysinit.o ABSOLUTE
    ..\..\..\examples_43xx_18xx\periph_timers\src\timers.c 0x00000000   Number         0  timers.o ABSOLUTE
    ..\\..\\..\\brd_link4370\\src\\board.c   0x00000000   Number         0  board.o ABSOLUTE
    ..\\..\\..\\brd_link4370\\src\\board_sysinit.c 0x00000000   Number         0  board_sysinit.o ABSOLUTE
    ..\\..\\..\\chip_43xx_18xx\\src\\chip_18xx_43xx.c 0x00000000   Number         0  chip_18xx_43xx.o ABSOLUTE
    ..\\..\\..\\chip_43xx_18xx\\src\\clock_18xx_43xx.c 0x00000000   Number         0  clock_18xx_43xx.o ABSOLUTE
    ..\\..\\..\\chip_43xx_18xx\\src\\fpu_init.c 0x00000000   Number         0  fpu_init.o ABSOLUTE
    ..\\..\\..\\chip_43xx_18xx\\src\\gpio_18xx_43xx.c 0x00000000   Number         0  gpio_18xx_43xx.o ABSOLUTE
    ..\\..\\..\\chip_43xx_18xx\\src\\sysinit_18xx_43xx.c 0x00000000   Number         0  sysinit_18xx_43xx.o ABSOLUTE
    ..\\..\\..\\chip_43xx_18xx\\src\\timer_18xx_43xx.c 0x00000000   Number         0  timer_18xx_43xx.o ABSOLUTE
    ..\\..\\..\\chip_43xx_18xx\\src\\uart_18xx_43xx.c 0x00000000   Number         0  uart_18xx_43xx.o ABSOLUTE
    ..\\..\\..\\chip_43xx_18xx\\startup\\sysinit.c 0x00000000   Number         0  sysinit.o ABSOLUTE
    ..\\..\\..\\examples_43xx_18xx\\periph_timers\\src\\timers.c 0x00000000   Number         0  timers.o ABSOLUTE
    dc.s                                     0x00000000   Number         0  dc.o ABSOLUTE
    .data                                    0x10000000   Section        1  timers.o(.data)
    On                                       0x10000000   Data           1  timers.o(.data)
    .data                                    0x10000004   Section        4  chip_18xx_43xx.o(.data)
    .data                                    0x10000008   Section        8  clock_18xx_43xx.o(.data)
    audio_usb_pll_freq                       0x10000008   Data           8  clock_18xx_43xx.o(.data)
    .data                                    0x10000010   Section        4  board.o(.data)
    .bss                                     0x10000014   Section       96  libspace.o(.bss)
    HEAP                                     0x10000078   Section    24576  keil_startup_lpc18xx43xx.o(HEAP)
    Heap_Mem                                 0x10000078   Data       24576  keil_startup_lpc18xx43xx.o(HEAP)
    STACK                                    0x10006078   Section     2048  keil_startup_lpc18xx43xx.o(STACK)
    Stack_Mem                                0x10006078   Data        2048  keil_startup_lpc18xx43xx.o(STACK)
    __initial_sp                             0x10006878   Data           0  keil_startup_lpc18xx43xx.o(STACK)
    RESET                                    0x14000000   Section      276  keil_startup_lpc18xx43xx.o(RESET)
    !!!main                                  0x14000114   Section        8  __main.o(!!!main)
    !!!scatter                               0x1400011c   Section       52  __scatter.o(!!!scatter)
    !!handler_copy                           0x14000150   Section       26  __scatter_copy.o(!!handler_copy)
    !!handler_zi                             0x1400016c   Section       28  __scatter_zi.o(!!handler_zi)
    .ARM.Collect$$_printf_percent$$00000000  0x14000188   Section        0  _printf_percent.o(.ARM.Collect$$_printf_percent$$00000000)
    .ARM.Collect$$_printf_percent$$00000009  0x14000188   Section        6  _printf_d.o(.ARM.Collect$$_printf_percent$$00000009)
    .ARM.Collect$$_printf_percent$$00000017  0x1400018e   Section        4  _printf_percent_end.o(.ARM.Collect$$_printf_percent$$00000017)
    .ARM.Collect$$libinit$$00000000          0x14000192   Section        2  libinit.o(.ARM.Collect$$libinit$$00000000)
    .ARM.Collect$$libinit$$00000001          0x14000194   Section        4  libinit2.o(.ARM.Collect$$libinit$$00000001)
    .ARM.Collect$$libinit$$00000004          0x14000198   Section        0  libinit2.o(.ARM.Collect$$libinit$$00000004)
    .ARM.Collect$$libinit$$0000000A          0x14000198   Section        0  libinit2.o(.ARM.Collect$$libinit$$0000000A)
    .ARM.Collect$$libinit$$0000000C          0x14000198   Section        0  libinit2.o(.ARM.Collect$$libinit$$0000000C)
    .ARM.Collect$$libinit$$0000000E          0x14000198   Section        0  libinit2.o(.ARM.Collect$$libinit$$0000000E)
    .ARM.Collect$$libinit$$00000011          0x14000198   Section        0  libinit2.o(.ARM.Collect$$libinit$$00000011)
    .ARM.Collect$$libinit$$00000013          0x14000198   Section        0  libinit2.o(.ARM.Collect$$libinit$$00000013)
    .ARM.Collect$$libinit$$00000015          0x14000198   Section        0  libinit2.o(.ARM.Collect$$libinit$$00000015)
    .ARM.Collect$$libinit$$00000017          0x14000198   Section        0  libinit2.o(.ARM.Collect$$libinit$$00000017)
    .ARM.Collect$$libinit$$00000019          0x14000198   Section        0  libinit2.o(.ARM.Collect$$libinit$$00000019)
    .ARM.Collect$$libinit$$0000001B          0x14000198   Section        0  libinit2.o(.ARM.Collect$$libinit$$0000001B)
    .ARM.Collect$$libinit$$0000001D          0x14000198   Section        0  libinit2.o(.ARM.Collect$$libinit$$0000001D)
    .ARM.Collect$$libinit$$0000001F          0x14000198   Section        0  libinit2.o(.ARM.Collect$$libinit$$0000001F)
    .ARM.Collect$$libinit$$00000021          0x14000198   Section        0  libinit2.o(.ARM.Collect$$libinit$$00000021)
    .ARM.Collect$$libinit$$00000023          0x14000198   Section        0  libinit2.o(.ARM.Collect$$libinit$$00000023)
    .ARM.Collect$$libinit$$00000025          0x14000198   Section        0  libinit2.o(.ARM.Collect$$libinit$$00000025)
    .ARM.Collect$$libinit$$0000002C          0x14000198   Section        0  libinit2.o(.ARM.Collect$$libinit$$0000002C)
    .ARM.Collect$$libinit$$0000002E          0x14000198   Section        0  libinit2.o(.ARM.Collect$$libinit$$0000002E)
    .ARM.Collect$$libinit$$00000030          0x14000198   Section        0  libinit2.o(.ARM.Collect$$libinit$$00000030)
    .ARM.Collect$$libinit$$00000032          0x14000198   Section        0  libinit2.o(.ARM.Collect$$libinit$$00000032)
    .ARM.Collect$$libinit$$00000033          0x14000198   Section        2  libinit2.o(.ARM.Collect$$libinit$$00000033)
    .ARM.Collect$$libshutdown$$00000000      0x1400019a   Section        2  libshutdown.o(.ARM.Collect$$libshutdown$$00000000)
    .ARM.Collect$$libshutdown$$00000002      0x1400019c   Section        0  libshutdown2.o(.ARM.Collect$$libshutdown$$00000002)
    .ARM.Collect$$libshutdown$$00000004      0x1400019c   Section        0  libshutdown2.o(.ARM.Collect$$libshutdown$$00000004)
    .ARM.Collect$$libshutdown$$00000007      0x1400019c   Section        0  libshutdown2.o(.ARM.Collect$$libshutdown$$00000007)
    .ARM.Collect$$libshutdown$$0000000A      0x1400019c   Section        0  libshutdown2.o(.ARM.Collect$$libshutdown$$0000000A)
    .ARM.Collect$$libshutdown$$0000000C      0x1400019c   Section        0  libshutdown2.o(.ARM.Collect$$libshutdown$$0000000C)
    .ARM.Collect$$libshutdown$$0000000F      0x1400019c   Section        0  libshutdown2.o(.ARM.Collect$$libshutdown$$0000000F)
    .ARM.Collect$$libshutdown$$00000010      0x1400019c   Section        2  libshutdown2.o(.ARM.Collect$$libshutdown$$00000010)
    .ARM.Collect$$rtentry$$00000000          0x1400019e   Section        0  __rtentry.o(.ARM.Collect$$rtentry$$00000000)
    .ARM.Collect$$rtentry$$00000002          0x1400019e   Section        0  __rtentry2.o(.ARM.Collect$$rtentry$$00000002)
    .ARM.Collect$$rtentry$$00000004          0x1400019e   Section        6  __rtentry4.o(.ARM.Collect$$rtentry$$00000004)
    .ARM.Collect$$rtentry$$00000009          0x140001a4   Section        0  __rtentry2.o(.ARM.Collect$$rtentry$$00000009)
    .ARM.Collect$$rtentry$$0000000A          0x140001a4   Section        4  __rtentry2.o(.ARM.Collect$$rtentry$$0000000A)
    .ARM.Collect$$rtentry$$0000000C          0x140001a8   Section        0  __rtentry2.o(.ARM.Collect$$rtentry$$0000000C)
    .ARM.Collect$$rtentry$$0000000D          0x140001a8   Section        8  __rtentry2.o(.ARM.Collect$$rtentry$$0000000D)
    .ARM.Collect$$rtexit$$00000000           0x140001b0   Section        2  rtexit.o(.ARM.Collect$$rtexit$$00000000)
    .ARM.Collect$$rtexit$$00000002           0x140001b2   Section        0  rtexit2.o(.ARM.Collect$$rtexit$$00000002)
    .ARM.Collect$$rtexit$$00000003           0x140001b2   Section        4  rtexit2.o(.ARM.Collect$$rtexit$$00000003)
    .ARM.Collect$$rtexit$$00000004           0x140001b6   Section        6  rtexit2.o(.ARM.Collect$$rtexit$$00000004)
    .text                                    0x140001bc   Section       68  keil_startup_lpc18xx43xx.o(.text)
    $v0                                      0x140001bc   Number         0  keil_startup_lpc18xx43xx.o(.text)
    .text                                    0x14000200   Section        0  noretval__2printf.o(.text)
    .text                                    0x14000218   Section        0  __printf.o(.text)
    .text                                    0x14000280   Section        0  _printf_dec.o(.text)
    .text                                    0x140002f8   Section      100  rt_memcpy_w.o(.text)
    .text                                    0x1400035c   Section       78  rt_memclr_w.o(.text)
    .text                                    0x140003aa   Section        0  heapauxi.o(.text)
    .text                                    0x140003b0   Section        0  _printf_intcommon.o(.text)
    .text                                    0x14000464   Section        0  _printf_char_file.o(.text)
    .text                                    0x14000488   Section        0  _printf_char_common.o(.text)
    _printf_input_char                       0x14000489   Thumb Code    10  _printf_char_common.o(.text)
    .text                                    0x140004b8   Section       74  sys_stackheap_outer.o(.text)
    .text                                    0x14000502   Section        0  exit.o(.text)
    .text                                    0x14000514   Section        8  libspace.o(.text)
    i.ABS                                    0x1400051c   Section        0  clock_18xx_43xx.o(i.ABS)
    ABS                                      0x1400051d   Thumb Code     8  clock_18xx_43xx.o(i.ABS)
    i.Board_Debug_Init                       0x14000524   Section        0  board.o(i.Board_Debug_Init)
    i.Board_Init                             0x1400054c   Section        0  board.o(i.Board_Init)
    i.Board_LED_Set                          0x14000574   Section        0  board.o(i.Board_LED_Set)
    i.Board_SetupClocking                    0x14000584   Section        0  board_sysinit.o(i.Board_SetupClocking)
    i.Board_SetupMuxing                      0x1400060c   Section        0  board_sysinit.o(i.Board_SetupMuxing)
    i.Board_SystemInit                       0x14000628   Section        0  board_sysinit.o(i.Board_SystemInit)
    i.Board_UARTPutChar                      0x14000638   Section        0  board.o(i.Board_UARTPutChar)
    i.Board_UARTPutSTR                       0x14000648   Section        0  board.o(i.Board_UARTPutSTR)
    i.Board_UART_Init                        0x1400065c   Section        0  board.o(i.Board_UART_Init)
    i.Chip_Clock_CalcMainPLLValue            0x1400068c   Section        0  clock_18xx_43xx.o(i.Chip_Clock_CalcMainPLLValue)
    i.Chip_Clock_Enable                      0x140006fc   Section        0  clock_18xx_43xx.o(i.Chip_Clock_Enable)
    i.Chip_Clock_EnableCrystal               0x14000728   Section        0  clock_18xx_43xx.o(i.Chip_Clock_EnableCrystal)
    i.Chip_Clock_EnableOpts                  0x1400076c   Section        0  clock_18xx_43xx.o(i.Chip_Clock_EnableOpts)
    i.Chip_Clock_GetBaseClock                0x140007a0   Section        0  clock_18xx_43xx.o(i.Chip_Clock_GetBaseClock)
    i.Chip_Clock_GetBaseClocktHz             0x140007c0   Section        0  clock_18xx_43xx.o(i.Chip_Clock_GetBaseClocktHz)
    i.Chip_Clock_GetClockInputHz             0x140007d0   Section        0  clock_18xx_43xx.o(i.Chip_Clock_GetClockInputHz)
    i.Chip_Clock_GetDivRate                  0x14000870   Section        0  clock_18xx_43xx.o(i.Chip_Clock_GetDivRate)
    Chip_Clock_GetDivRate                    0x14000871   Thumb Code    34  clock_18xx_43xx.o(i.Chip_Clock_GetDivRate)
    i.Chip_Clock_GetDividerDivisor           0x14000894   Section        0  clock_18xx_43xx.o(i.Chip_Clock_GetDividerDivisor)
    i.Chip_Clock_GetDividerSource            0x140008b4   Section        0  clock_18xx_43xx.o(i.Chip_Clock_GetDividerSource)
    i.Chip_Clock_GetMainPLLHz                0x140008d0   Section        0  clock_18xx_43xx.o(i.Chip_Clock_GetMainPLLHz)
    i.Chip_Clock_GetRate                     0x1400092c   Section        0  clock_18xx_43xx.o(i.Chip_Clock_GetRate)
    i.Chip_Clock_SetBaseClock                0x140009a4   Section        0  clock_18xx_43xx.o(i.Chip_Clock_SetBaseClock)
    i.Chip_Clock_SetDivider                  0x140009dc   Section        0  clock_18xx_43xx.o(i.Chip_Clock_SetDivider)
    i.Chip_Clock_SetupMainPLL                0x14000a20   Section        0  sysinit_18xx_43xx.o(i.Chip_Clock_SetupMainPLL)
    Chip_Clock_SetupMainPLL                  0x14000a21   Thumb Code    36  sysinit_18xx_43xx.o(i.Chip_Clock_SetupMainPLL)
    i.Chip_GPIO_Init                         0x14000a48   Section        0  gpio_18xx_43xx.o(i.Chip_GPIO_Init)
    i.Chip_SCU_SetPinMuxing                  0x14000a4c   Section        0  board_sysinit.o(i.Chip_SCU_SetPinMuxing)
    Chip_SCU_SetPinMuxing                    0x14000a4d   Thumb Code    36  board_sysinit.o(i.Chip_SCU_SetPinMuxing)
    i.Chip_SetupCoreClock                    0x14000a74   Section        0  sysinit_18xx_43xx.o(i.Chip_SetupCoreClock)
    i.Chip_TIMER_GetClockIndex               0x14000b64   Section        0  timer_18xx_43xx.o(i.Chip_TIMER_GetClockIndex)
    Chip_TIMER_GetClockIndex                 0x14000b65   Thumb Code    34  timer_18xx_43xx.o(i.Chip_TIMER_GetClockIndex)
    i.Chip_TIMER_Init                        0x14000b94   Section        0  timer_18xx_43xx.o(i.Chip_TIMER_Init)
    i.Chip_TIMER_Reset                       0x14000ba2   Section        0  timer_18xx_43xx.o(i.Chip_TIMER_Reset)
    i.Chip_UART_GetIndex                     0x14000bbc   Section        0  uart_18xx_43xx.o(i.Chip_UART_GetIndex)
    Chip_UART_GetIndex                       0x14000bbd   Thumb Code    40  uart_18xx_43xx.o(i.Chip_UART_GetIndex)
    i.Chip_UART_Init                         0x14000be8   Section        0  uart_18xx_43xx.o(i.Chip_UART_Init)
    i.Chip_UART_SetBaud                      0x14000c34   Section        0  uart_18xx_43xx.o(i.Chip_UART_SetBaud)
    i.SystemCoreClockUpdate                  0x14000c7c   Section        0  chip_18xx_43xx.o(i.SystemCoreClockUpdate)
    i.SystemInit                             0x14000c90   Section        0  sysinit.o(i.SystemInit)
    i.TIMER1_IRQHandler                      0x14000cac   Section        0  timers.o(i.TIMER1_IRQHandler)
    i._sys_exit                              0x14000cd4   Section        0  board.o(i._sys_exit)
    i.ferror                                 0x14000cd8   Section        0  board.o(i.ferror)
    i.fpuInit                                0x14000ce0   Section        0  fpu_init.o(i.fpuInit)
    i.fputc                                  0x14000d1c   Section        0  board.o(i.fputc)
    i.main                                   0x14000d28   Section        0  timers.o(i.main)
    i.pll_calc_divs                          0x14000e08   Section        0  clock_18xx_43xx.o(i.pll_calc_divs)
    pll_calc_divs                            0x14000e09   Thumb Code   152  clock_18xx_43xx.o(i.pll_calc_divs)
    i.pll_get_frac                           0x14000ea8   Section        0  clock_18xx_43xx.o(i.pll_get_frac)
    pll_get_frac                             0x14000ea9   Thumb Code   184  clock_18xx_43xx.o(i.pll_get_frac)
    x$fpl$fpinit                             0x14000f64   Section       10  fpinit.o(x$fpl$fpinit)
    $v0                                      0x14000f64   Number         0  fpinit.o(x$fpl$fpinit)
    .constdata                               0x14000f6e   Section      108  clock_18xx_43xx.o(.constdata)
    periph_to_base                           0x14000f6e   Data         108  clock_18xx_43xx.o(.constdata)
    .constdata                               0x14000fdc   Section        4  board.o(.constdata)
    .constdata                               0x14000fe0   Section        4  board.o(.constdata)
    .constdata                               0x14000fe4   Section       44  board_sysinit.o(.constdata)
    pinmuxing                                0x14000fe4   Data           4  board_sysinit.o(.constdata)
    InitClkStates                            0x14000fe8   Data          16  board_sysinit.o(.constdata)
    spifipinmuxing                           0x14000ff8   Data          24  board_sysinit.o(.constdata)
    .constdata                               0x14001010   Section       16  uart_18xx_43xx.o(.constdata)
    UART_PClock                              0x14001010   Data           8  uart_18xx_43xx.o(.constdata)
    UART_BClock                              0x14001018   Data           8  uart_18xx_43xx.o(.constdata)
    .constdata                               0x14001020   Section       72  sysinit_18xx_43xx.o(.constdata)
    InitClkStates                            0x14001020   Data          72  sysinit_18xx_43xx.o(.constdata)

    Global Symbols

    Symbol Name                              Value     Ov Type        Size  Object(Section)

    BuildAttributes$$THM_ISAv4$E$P$D$K$B$S$7EM$VFPi3$EXTD16$VFPS$VFMA$PE$A:L22UL41UL21$X:L11$S22US41US21$IEEE1$IW$USESV6$~STKCKD$USESV7$~SHL$OSPACE$ROPI$EBA8$UX$STANDARDLIB$REQ8$PRES8$EABIv2 0x00000000   Number         0  anon$$obj.o ABSOLUTE
    __ARM_use_no_argv                        0x00000000   Number         0  timers.o ABSOLUTE
    __ARM_exceptions_init                     - Undefined Weak Reference
    __alloca_initialize                       - Undefined Weak Reference
    __arm_preinit_                            - Undefined Weak Reference
    __cpp_initialize__aeabi_                  - Undefined Weak Reference
    __cxa_finalize                            - Undefined Weak Reference
    __rt_locale                               - Undefined Weak Reference
    __sigvec_lookup                           - Undefined Weak Reference
    _atexit_init                              - Undefined Weak Reference
    _call_atexit_fns                          - Undefined Weak Reference
    _clock_init                               - Undefined Weak Reference
    _fp_trap_init                             - Undefined Weak Reference
    _fp_trap_shutdown                         - Undefined Weak Reference
    _get_lc_collate                           - Undefined Weak Reference
    _get_lc_ctype                             - Undefined Weak Reference
    _get_lc_monetary                          - Undefined Weak Reference
    _get_lc_numeric                           - Undefined Weak Reference
    _get_lc_time                              - Undefined Weak Reference
    _getenv_init                              - Undefined Weak Reference
    _handle_redirection                       - Undefined Weak Reference
    _init_alloc                               - Undefined Weak Reference
    _init_user_alloc                          - Undefined Weak Reference
    _initio                                   - Undefined Weak Reference
    _printf_post_padding                      - Undefined Weak Reference
    _printf_pre_padding                       - Undefined Weak Reference
    _printf_truncate_signed                   - Undefined Weak Reference
    _printf_truncate_unsigned                 - Undefined Weak Reference
    _rand_init                                - Undefined Weak Reference
    _signal_finish                            - Undefined Weak Reference
    _signal_init                              - Undefined Weak Reference
    _terminate_alloc                          - Undefined Weak Reference
    _terminate_user_alloc                     - Undefined Weak Reference
    _terminateio                              - Undefined Weak Reference
    SystemCoreClock                          0x10000004   Data           4  chip_18xx_43xx.o(.data)
    __stdout                                 0x10000010   Data           4  board.o(.data)
    __libspace_start                         0x10000014   Data          96  libspace.o(.bss)
    __temporary_stack_top$libspace           0x10000074   Data           0  libspace.o(.bss)
    __Vectors                                0x14000000   Data           4  keil_startup_lpc18xx43xx.o(RESET)
    __main                                   0x14000115   Thumb Code     8  __main.o(!!!main)
    __scatterload                            0x1400011d   Thumb Code     0  __scatter.o(!!!scatter)
    __scatterload_rt2                        0x1400011d   Thumb Code    44  __scatter.o(!!!scatter)
    __scatterload_rt2_thumb_only             0x1400011d   Thumb Code     0  __scatter.o(!!!scatter)
    __scatterload_null                       0x1400012b   Thumb Code     0  __scatter.o(!!!scatter)
    __scatterload_copy                       0x14000151   Thumb Code    26  __scatter_copy.o(!!handler_copy)
    __scatterload_zeroinit                   0x1400016d   Thumb Code    28  __scatter_zi.o(!!handler_zi)
    _printf_d                                0x14000189   Thumb Code     0  _printf_d.o(.ARM.Collect$$_printf_percent$$00000009)
    _printf_percent                          0x14000189   Thumb Code     0  _printf_percent.o(.ARM.Collect$$_printf_percent$$00000000)
    _printf_percent_end                      0x1400018f   Thumb Code     0  _printf_percent_end.o(.ARM.Collect$$_printf_percent$$00000017)
    __rt_lib_init                            0x14000193   Thumb Code     0  libinit.o(.ARM.Collect$$libinit$$00000000)
    __rt_lib_init_fp_1                       0x14000195   Thumb Code     0  libinit2.o(.ARM.Collect$$libinit$$00000001)
    __rt_lib_init_alloca_1                   0x14000199   Thumb Code     0  libinit2.o(.ARM.Collect$$libinit$$0000002E)
    __rt_lib_init_argv_1                     0x14000199   Thumb Code     0  libinit2.o(.ARM.Collect$$libinit$$0000002C)
    __rt_lib_init_atexit_1                   0x14000199   Thumb Code     0  libinit2.o(.ARM.Collect$$libinit$$0000001B)
    __rt_lib_init_clock_1                    0x14000199   Thumb Code     0  libinit2.o(.ARM.Collect$$libinit$$00000021)
    __rt_lib_init_cpp_1                      0x14000199   Thumb Code     0  libinit2.o(.ARM.Collect$$libinit$$00000032)
    __rt_lib_init_exceptions_1               0x14000199   Thumb Code     0  libinit2.o(.ARM.Collect$$libinit$$00000030)
    __rt_lib_init_fp_trap_1                  0x14000199   Thumb Code     0  libinit2.o(.ARM.Collect$$libinit$$0000001F)
    __rt_lib_init_getenv_1                   0x14000199   Thumb Code     0  libinit2.o(.ARM.Collect$$libinit$$00000023)
    __rt_lib_init_heap_1                     0x14000199   Thumb Code     0  libinit2.o(.ARM.Collect$$libinit$$0000000A)
    __rt_lib_init_lc_collate_1               0x14000199   Thumb Code     0  libinit2.o(.ARM.Collect$$libinit$$00000011)
    __rt_lib_init_lc_ctype_1                 0x14000199   Thumb Code     0  libinit2.o(.ARM.Collect$$libinit$$00000013)
    __rt_lib_init_lc_monetary_1              0x14000199   Thumb Code     0  libinit2.o(.ARM.Collect$$libinit$$00000015)
    __rt_lib_init_lc_numeric_1               0x14000199   Thumb Code     0  libinit2.o(.ARM.Collect$$libinit$$00000017)
    __rt_lib_init_lc_time_1                  0x14000199   Thumb Code     0  libinit2.o(.ARM.Collect$$libinit$$00000019)
    __rt_lib_init_preinit_1                  0x14000199   Thumb Code     0  libinit2.o(.ARM.Collect$$libinit$$00000004)
    __rt_lib_init_rand_1                     0x14000199   Thumb Code     0  libinit2.o(.ARM.Collect$$libinit$$0000000E)
    __rt_lib_init_return                     0x14000199   Thumb Code     0  libinit2.o(.ARM.Collect$$libinit$$00000033)
    __rt_lib_init_signal_1                   0x14000199   Thumb Code     0  libinit2.o(.ARM.Collect$$libinit$$0000001D)
    __rt_lib_init_stdio_1                    0x14000199   Thumb Code     0  libinit2.o(.ARM.Collect$$libinit$$00000025)
    __rt_lib_init_user_alloc_1               0x14000199   Thumb Code     0  libinit2.o(.ARM.Collect$$libinit$$0000000C)
    __rt_lib_shutdown                        0x1400019b   Thumb Code     0  libshutdown.o(.ARM.Collect$$libshutdown$$00000000)
    __rt_lib_shutdown_cpp_1                  0x1400019d   Thumb Code     0  libshutdown2.o(.ARM.Collect$$libshutdown$$00000002)
    __rt_lib_shutdown_fp_trap_1              0x1400019d   Thumb Code     0  libshutdown2.o(.ARM.Collect$$libshutdown$$00000007)
    __rt_lib_shutdown_heap_1                 0x1400019d   Thumb Code     0  libshutdown2.o(.ARM.Collect$$libshutdown$$0000000F)
    __rt_lib_shutdown_return                 0x1400019d   Thumb Code     0  libshutdown2.o(.ARM.Collect$$libshutdown$$00000010)
    __rt_lib_shutdown_signal_1               0x1400019d   Thumb Code     0  libshutdown2.o(.ARM.Collect$$libshutdown$$0000000A)
    __rt_lib_shutdown_stdio_1                0x1400019d   Thumb Code     0  libshutdown2.o(.ARM.Collect$$libshutdown$$00000004)
    __rt_lib_shutdown_user_alloc_1           0x1400019d   Thumb Code     0  libshutdown2.o(.ARM.Collect$$libshutdown$$0000000C)
    __rt_entry                               0x1400019f   Thumb Code     0  __rtentry.o(.ARM.Collect$$rtentry$$00000000)
    __rt_entry_presh_1                       0x1400019f   Thumb Code     0  __rtentry2.o(.ARM.Collect$$rtentry$$00000002)
    __rt_entry_sh                            0x1400019f   Thumb Code     0  __rtentry4.o(.ARM.Collect$$rtentry$$00000004)
    __rt_entry_li                            0x140001a5   Thumb Code     0  __rtentry2.o(.ARM.Collect$$rtentry$$0000000A)
    __rt_entry_postsh_1                      0x140001a5   Thumb Code     0  __rtentry2.o(.ARM.Collect$$rtentry$$00000009)
    __rt_entry_main                          0x140001a9   Thumb Code     0  __rtentry2.o(.ARM.Collect$$rtentry$$0000000D)
    __rt_entry_postli_1                      0x140001a9   Thumb Code     0  __rtentry2.o(.ARM.Collect$$rtentry$$0000000C)
    __rt_exit                                0x140001b1   Thumb Code     0  rtexit.o(.ARM.Collect$$rtexit$$00000000)
    __rt_exit_ls                             0x140001b3   Thumb Code     0  rtexit2.o(.ARM.Collect$$rtexit$$00000003)
    __rt_exit_prels_1                        0x140001b3   Thumb Code     0  rtexit2.o(.ARM.Collect$$rtexit$$00000002)
    __rt_exit_exit                           0x140001b7   Thumb Code     0  rtexit2.o(.ARM.Collect$$rtexit$$00000004)
    Reset_Handler                            0x140001bd   Thumb Code     8  keil_startup_lpc18xx43xx.o(.text)
    NMI_Handler                              0x140001c5   Thumb Code     2  keil_startup_lpc18xx43xx.o(.text)
    HardFault_Handler                        0x140001c7   Thumb Code     2  keil_startup_lpc18xx43xx.o(.text)
    MemManage_Handler                        0x140001c9   Thumb Code     2  keil_startup_lpc18xx43xx.o(.text)
    BusFault_Handler                         0x140001cb   Thumb Code     2  keil_startup_lpc18xx43xx.o(.text)
    UsageFault_Handler                       0x140001cd   Thumb Code     2  keil_startup_lpc18xx43xx.o(.text)
    SVC_Handler                              0x140001cf   Thumb Code     2  keil_startup_lpc18xx43xx.o(.text)
    DebugMon_Handler                         0x140001d1   Thumb Code     2  keil_startup_lpc18xx43xx.o(.text)
    PendSV_Handler                           0x140001d3   Thumb Code     2  keil_startup_lpc18xx43xx.o(.text)
    SysTick_Handler                          0x140001d5   Thumb Code     2  keil_startup_lpc18xx43xx.o(.text)
    UnHandled_Vector                         0x140001d7   Thumb Code     2  keil_startup_lpc18xx43xx.o(.text)
    ADC0_IRQHandler                          0x140001d9   Thumb Code     0  keil_startup_lpc18xx43xx.o(.text)
    ADC1_IRQHandler                          0x140001d9   Thumb Code     0  keil_startup_lpc18xx43xx.o(.text)
    ADCHS_IRQHandler                         0x140001d9   Thumb Code     0  keil_startup_lpc18xx43xx.o(.text)
    ATIMER_IRQHandler                        0x140001d9   Thumb Code     0  keil_startup_lpc18xx43xx.o(.text)
    CAN0_IRQHandler                          0x140001d9   Thumb Code     0  keil_startup_lpc18xx43xx.o(.text)
    CAN1_IRQHandler                          0x140001d9   Thumb Code     0  keil_startup_lpc18xx43xx.o(.text)
    DAC_IRQHandler                           0x140001d9   Thumb Code     0  keil_startup_lpc18xx43xx.o(.text)
    DMA_IRQHandler                           0x140001d9   Thumb Code     0  keil_startup_lpc18xx43xx.o(.text)
    ETH_IRQHandler                           0x140001d9   Thumb Code     0  keil_startup_lpc18xx43xx.o(.text)
    EVRT_IRQHandler                          0x140001d9   Thumb Code     0  keil_startup_lpc18xx43xx.o(.text)
    FLASHEEPROM_IRQHandler                   0x140001d9   Thumb Code     0  keil_startup_lpc18xx43xx.o(.text)
    GINT0_IRQHandler                         0x140001d9   Thumb Code     0  keil_startup_lpc18xx43xx.o(.text)
    GINT1_IRQHandler                         0x140001d9   Thumb Code     0  keil_startup_lpc18xx43xx.o(.text)
    GPIO0_IRQHandler                         0x140001d9   Thumb Code     0  keil_startup_lpc18xx43xx.o(.text)
    GPIO1_IRQHandler                         0x140001d9   Thumb Code     0  keil_startup_lpc18xx43xx.o(.text)
    GPIO2_IRQHandler                         0x140001d9   Thumb Code     0  keil_startup_lpc18xx43xx.o(.text)
    GPIO3_IRQHandler                         0x140001d9   Thumb Code     0  keil_startup_lpc18xx43xx.o(.text)
    GPIO4_IRQHandler                         0x140001d9   Thumb Code     0  keil_startup_lpc18xx43xx.o(.text)
    GPIO5_IRQHandler                         0x140001d9   Thumb Code     0  keil_startup_lpc18xx43xx.o(.text)
    GPIO6_IRQHandler                         0x140001d9   Thumb Code     0  keil_startup_lpc18xx43xx.o(.text)
    GPIO7_IRQHandler                         0x140001d9   Thumb Code     0  keil_startup_lpc18xx43xx.o(.text)
    I2C0_IRQHandler                          0x140001d9   Thumb Code     0  keil_startup_lpc18xx43xx.o(.text)
    I2C1_IRQHandler                          0x140001d9   Thumb Code     0  keil_startup_lpc18xx43xx.o(.text)
    I2S0_IRQHandler                          0x140001d9   Thumb Code     0  keil_startup_lpc18xx43xx.o(.text)
    I2S1_IRQHandler                          0x140001d9   Thumb Code     0  keil_startup_lpc18xx43xx.o(.text)
    LCD_IRQHandler                           0x140001d9   Thumb Code     0  keil_startup_lpc18xx43xx.o(.text)
    MCPWM_IRQHandler                         0x140001d9   Thumb Code     0  keil_startup_lpc18xx43xx.o(.text)
    MX_CORE_IRQHandler                       0x140001d9   Thumb Code     0  keil_startup_lpc18xx43xx.o(.text)
    QEI_IRQHandler                           0x140001d9   Thumb Code     0  keil_startup_lpc18xx43xx.o(.text)
    RIT_IRQHandler                           0x140001d9   Thumb Code     0  keil_startup_lpc18xx43xx.o(.text)
    RTC_IRQHandler                           0x140001d9   Thumb Code     0  keil_startup_lpc18xx43xx.o(.text)
    SCT_IRQHandler                           0x140001d9   Thumb Code     0  keil_startup_lpc18xx43xx.o(.text)
    SDIO_IRQHandler                          0x140001d9   Thumb Code     0  keil_startup_lpc18xx43xx.o(.text)
    SGPIO_IRQHandler                         0x140001d9   Thumb Code     0  keil_startup_lpc18xx43xx.o(.text)
    SPIFI_IRQHandler                         0x140001d9   Thumb Code     0  keil_startup_lpc18xx43xx.o(.text)
    SPI_IRQHandler                           0x140001d9   Thumb Code     0  keil_startup_lpc18xx43xx.o(.text)
    SSP0_IRQHandler                          0x140001d9   Thumb Code     0  keil_startup_lpc18xx43xx.o(.text)
    SSP1_IRQHandler                          0x140001d9   Thumb Code     0  keil_startup_lpc18xx43xx.o(.text)
    TIMER0_IRQHandler                        0x140001d9   Thumb Code     0  keil_startup_lpc18xx43xx.o(.text)
    TIMER2_IRQHandler                        0x140001d9   Thumb Code     0  keil_startup_lpc18xx43xx.o(.text)
    TIMER3_IRQHandler                        0x140001d9   Thumb Code     0  keil_startup_lpc18xx43xx.o(.text)
    UART0_IRQHandler                         0x140001d9   Thumb Code     0  keil_startup_lpc18xx43xx.o(.text)
    UART1_IRQHandler                         0x140001d9   Thumb Code     0  keil_startup_lpc18xx43xx.o(.text)
    UART2_IRQHandler                         0x140001d9   Thumb Code     0  keil_startup_lpc18xx43xx.o(.text)
    UART3_IRQHandler                         0x140001d9   Thumb Code     0  keil_startup_lpc18xx43xx.o(.text)
    USB0_IRQHandler                          0x140001d9   Thumb Code     0  keil_startup_lpc18xx43xx.o(.text)
    USB1_IRQHandler                          0x140001d9   Thumb Code     0  keil_startup_lpc18xx43xx.o(.text)
    WDT_IRQHandler                           0x140001d9   Thumb Code     0  keil_startup_lpc18xx43xx.o(.text)
    __user_initial_stackheap                 0x140001dd   Thumb Code     0  keil_startup_lpc18xx43xx.o(.text)
    __2printf                                0x14000201   Thumb Code    20  noretval__2printf.o(.text)
    __printf                                 0x14000219   Thumb Code   104  __printf.o(.text)
    _printf_int_dec                          0x14000281   Thumb Code   104  _printf_dec.o(.text)
    __aeabi_memcpy4                          0x140002f9   Thumb Code     0  rt_memcpy_w.o(.text)
    __aeabi_memcpy8                          0x140002f9   Thumb Code     0  rt_memcpy_w.o(.text)
    __rt_memcpy_w                            0x140002f9   Thumb Code   100  rt_memcpy_w.o(.text)
    _memcpy_lastbytes_aligned                0x14000341   Thumb Code     0  rt_memcpy_w.o(.text)
    __aeabi_memclr4                          0x1400035d   Thumb Code     0  rt_memclr_w.o(.text)
    __aeabi_memclr8                          0x1400035d   Thumb Code     0  rt_memclr_w.o(.text)
    __rt_memclr_w                            0x1400035d   Thumb Code    78  rt_memclr_w.o(.text)
    _memset_w                                0x14000361   Thumb Code     0  rt_memclr_w.o(.text)
    __use_two_region_memory                  0x140003ab   Thumb Code     2  heapauxi.o(.text)
    __rt_heap_escrow$2region                 0x140003ad   Thumb Code     2  heapauxi.o(.text)
    __rt_heap_expand$2region                 0x140003af   Thumb Code     2  heapauxi.o(.text)
    _printf_int_common                       0x140003b1   Thumb Code   178  _printf_intcommon.o(.text)
    _printf_char_file                        0x14000465   Thumb Code    32  _printf_char_file.o(.text)
    _printf_char_common                      0x14000493   Thumb Code    32  _printf_char_common.o(.text)
    __user_setup_stackheap                   0x140004b9   Thumb Code    74  sys_stackheap_outer.o(.text)
    exit                                     0x14000503   Thumb Code    18  exit.o(.text)
    __user_libspace                          0x14000515   Thumb Code     8  libspace.o(.text)
    __user_perproc_libspace                  0x14000515   Thumb Code     0  libspace.o(.text)
    __user_perthread_libspace                0x14000515   Thumb Code     0  libspace.o(.text)
    Board_Debug_Init                         0x14000525   Thumb Code    36  board.o(i.Board_Debug_Init)
    Board_Init                               0x1400054d   Thumb Code    30  board.o(i.Board_Init)
    Board_LED_Set                            0x14000575   Thumb Code    10  board.o(i.Board_LED_Set)
    Board_SetupClocking                      0x14000585   Thumb Code   118  board_sysinit.o(i.Board_SetupClocking)
    Board_SetupMuxing                        0x1400060d   Thumb Code    24  board_sysinit.o(i.Board_SetupMuxing)
    Board_SystemInit                         0x14000629   Thumb Code    14  board_sysinit.o(i.Board_SystemInit)
    Board_UARTPutChar                        0x14000639   Thumb Code    12  board.o(i.Board_UARTPutChar)
    Board_UARTPutSTR                         0x14000649   Thumb Code    20  board.o(i.Board_UARTPutSTR)
    Board_UART_Init                          0x1400065d   Thumb Code    32  board.o(i.Board_UART_Init)
    Chip_Clock_CalcMainPLLValue              0x1400068d   Thumb Code    98  clock_18xx_43xx.o(i.Chip_Clock_CalcMainPLLValue)
    Chip_Clock_Enable                        0x140006fd   Thumb Code    40  clock_18xx_43xx.o(i.Chip_Clock_Enable)
    Chip_Clock_EnableCrystal                 0x14000729   Thumb Code    54  clock_18xx_43xx.o(i.Chip_Clock_EnableCrystal)
    Chip_Clock_EnableOpts                    0x1400076d   Thumb Code    46  clock_18xx_43xx.o(i.Chip_Clock_EnableOpts)
    Chip_Clock_GetBaseClock                  0x140007a1   Thumb Code    26  clock_18xx_43xx.o(i.Chip_Clock_GetBaseClock)
    Chip_Clock_GetBaseClocktHz               0x140007c1   Thumb Code    14  clock_18xx_43xx.o(i.Chip_Clock_GetBaseClocktHz)
    Chip_Clock_GetClockInputHz               0x140007d1   Thumb Code   132  clock_18xx_43xx.o(i.Chip_Clock_GetClockInputHz)
    Chip_Clock_GetDividerDivisor             0x14000895   Thumb Code    18  clock_18xx_43xx.o(i.Chip_Clock_GetDividerDivisor)
    Chip_Clock_GetDividerSource              0x140008b5   Thumb Code    22  clock_18xx_43xx.o(i.Chip_Clock_GetDividerSource)
    Chip_Clock_GetMainPLLHz                  0x140008d1   Thumb Code    84  clock_18xx_43xx.o(i.Chip_Clock_GetMainPLLHz)
    Chip_Clock_GetRate                       0x1400092d   Thumb Code   112  clock_18xx_43xx.o(i.Chip_Clock_GetRate)
    Chip_Clock_SetBaseClock                  0x140009a5   Thumb Code    48  clock_18xx_43xx.o(i.Chip_Clock_SetBaseClock)
    Chip_Clock_SetDivider                    0x140009dd   Thumb Code    50  clock_18xx_43xx.o(i.Chip_Clock_SetDivider)
    Chip_GPIO_Init                           0x14000a49   Thumb Code     2  gpio_18xx_43xx.o(i.Chip_GPIO_Init)
    Chip_SetupCoreClock                      0x14000a75   Thumb Code   226  sysinit_18xx_43xx.o(i.Chip_SetupCoreClock)
    Chip_TIMER_Init                          0x14000b95   Thumb Code    14  timer_18xx_43xx.o(i.Chip_TIMER_Init)
    Chip_TIMER_Reset                         0x14000ba3   Thumb Code    24  timer_18xx_43xx.o(i.Chip_TIMER_Reset)
    Chip_UART_Init                           0x14000be9   Thumb Code    66  uart_18xx_43xx.o(i.Chip_UART_Init)
    Chip_UART_SetBaud                        0x14000c35   Thumb Code    66  uart_18xx_43xx.o(i.Chip_UART_SetBaud)
    SystemCoreClockUpdate                    0x14000c7d   Thumb Code    14  chip_18xx_43xx.o(i.SystemCoreClockUpdate)
    SystemInit                               0x14000c91   Thumb Code    20  sysinit.o(i.SystemInit)
    TIMER1_IRQHandler                        0x14000cad   Thumb Code    32  timers.o(i.TIMER1_IRQHandler)
    _sys_exit                                0x14000cd5   Thumb Code     4  board.o(i._sys_exit)
    ferror                                   0x14000cd9   Thumb Code     6  board.o(i.ferror)
    fpuInit                                  0x14000ce1   Thumb Code    46  fpu_init.o(i.fpuInit)
    fputc                                    0x14000d1d   Thumb Code    12  board.o(i.fputc)
    main                                     0x14000d29   Thumb Code   126  timers.o(i.main)
    _fp_init                                 0x14000f65   Thumb Code    10  fpinit.o(x$fpl$fpinit)
    __fplib_config_fpu_vfp                   0x14000f6d   Thumb Code     0  fpinit.o(x$fpl$fpinit)
    __fplib_config_pureend_doubles           0x14000f6d   Thumb Code     0  fpinit.o(x$fpl$fpinit)
    ExtRateIn                                0x14000fdc   Data           4  board.o(.constdata)
    OscRateIn                                0x14000fe0   Data           4  board.o(.constdata)
    Region$$Table$$Base                      0x14001068   Number         0  anon$$obj.o(Region$$Table)
    Region$$Table$$Limit                     0x14001088   Number         0  anon$$obj.o(Region$$Table)



==============================================================================

Memory Map of the image

  Image Entry point : 0x14000115

  Load Region LR_IROM1 (Base: 0x14000000, Size: 0x0000109c, Max: 0x00400000, ABSOLUTE)

    Execution Region RW_IRAM1 (Exec base: 0x10000000, Load base: 0x14001088, Size: 0x00006878, Max: 0x00020000, ABSOLUTE)

    Exec Addr    Load Addr    Size         Type   Attr      Idx    E Section Name        Object

    0x10000000   0x14001088   0x00000001   Data   RW          233    .data               timers.o
    0x10000001   0x14001089   0x00000003   PAD
    0x10000004   0x1400108c   0x00000004   Data   RW          280    .data               lib_lpc_chip_43xx.lib(chip_18xx_43xx.o)
    0x10000008   0x14001090   0x00000008   Data   RW          539    .data               lib_lpc_chip_43xx.lib(clock_18xx_43xx.o)
    0x10000010   0x14001098   0x00000004   Data   RW          814    .data               lib_lpc_board_nxp_lpclink2_4370.lib(board.o)
    0x10000014        -       0x00000060   Zero   RW         1545    .bss                c_w.l(libspace.o)
    0x10000074   0x1400109c   0x00000004   PAD
    0x10000078        -       0x00006000   Zero   RW          267    HEAP                keil_startup_lpc18xx43xx.o
    0x10006078        -       0x00000800   Zero   RW          266    STACK               keil_startup_lpc18xx43xx.o


    Execution Region ER_IROM1 (Exec base: 0x14000000, Load base: 0x14000000, Size: 0x00001088, Max: 0x00400000, ABSOLUTE)

    Exec Addr    Load Addr    Size         Type   Attr      Idx    E Section Name        Object

    0x14000000   0x14000000   0x00000114   Data   RO          268    RESET               keil_startup_lpc18xx43xx.o
    0x14000114   0x14000114   0x00000008   Code   RO         1497  * !!!main             c_w.l(__main.o)
    0x1400011c   0x1400011c   0x00000034   Code   RO         1671    !!!scatter          c_w.l(__scatter.o)
    0x14000150   0x14000150   0x0000001a   Code   RO         1673    !!handler_copy      c_w.l(__scatter_copy.o)
    0x1400016a   0x1400016a   0x00000002   PAD
    0x1400016c   0x1400016c   0x0000001c   Code   RO         1675    !!handler_zi        c_w.l(__scatter_zi.o)
    0x14000188   0x14000188   0x00000000   Code   RO         1488    .ARM.Collect$$_printf_percent$$00000000  c_w.l(_printf_percent.o)
    0x14000188   0x14000188   0x00000006   Code   RO         1487    .ARM.Collect$$_printf_percent$$00000009  c_w.l(_printf_d.o)
    0x1400018e   0x1400018e   0x00000004   Code   RO         1508    .ARM.Collect$$_printf_percent$$00000017  c_w.l(_printf_percent_end.o)
    0x14000192   0x14000192   0x00000002   Code   RO         1543    .ARM.Collect$$libinit$$00000000  c_w.l(libinit.o)
    0x14000194   0x14000194   0x00000004   Code   RO         1555    .ARM.Collect$$libinit$$00000001  c_w.l(libinit2.o)
    0x14000198   0x14000198   0x00000000   Code   RO         1558    .ARM.Collect$$libinit$$00000004  c_w.l(libinit2.o)
    0x14000198   0x14000198   0x00000000   Code   RO         1561    .ARM.Collect$$libinit$$0000000A  c_w.l(libinit2.o)
    0x14000198   0x14000198   0x00000000   Code   RO         1563    .ARM.Collect$$libinit$$0000000C  c_w.l(libinit2.o)
    0x14000198   0x14000198   0x00000000   Code   RO         1565    .ARM.Collect$$libinit$$0000000E  c_w.l(libinit2.o)
    0x14000198   0x14000198   0x00000000   Code   RO         1568    .ARM.Collect$$libinit$$00000011  c_w.l(libinit2.o)
    0x14000198   0x14000198   0x00000000   Code   RO         1570    .ARM.Collect$$libinit$$00000013  c_w.l(libinit2.o)
    0x14000198   0x14000198   0x00000000   Code   RO         1572    .ARM.Collect$$libinit$$00000015  c_w.l(libinit2.o)
    0x14000198   0x14000198   0x00000000   Code   RO         1574    .ARM.Collect$$libinit$$00000017  c_w.l(libinit2.o)
    0x14000198   0x14000198   0x00000000   Code   RO         1576    .ARM.Collect$$libinit$$00000019  c_w.l(libinit2.o)
    0x14000198   0x14000198   0x00000000   Code   RO         1578    .ARM.Collect$$libinit$$0000001B  c_w.l(libinit2.o)
    0x14000198   0x14000198   0x00000000   Code   RO         1580    .ARM.Collect$$libinit$$0000001D  c_w.l(libinit2.o)
    0x14000198   0x14000198   0x00000000   Code   RO         1582    .ARM.Collect$$libinit$$0000001F  c_w.l(libinit2.o)
    0x14000198   0x14000198   0x00000000   Code   RO         1584    .ARM.Collect$$libinit$$00000021  c_w.l(libinit2.o)
    0x14000198   0x14000198   0x00000000   Code   RO         1586    .ARM.Collect$$libinit$$00000023  c_w.l(libinit2.o)
    0x14000198   0x14000198   0x00000000   Code   RO         1588    .ARM.Collect$$libinit$$00000025  c_w.l(libinit2.o)
    0x14000198   0x14000198   0x00000000   Code   RO         1592    .ARM.Collect$$libinit$$0000002C  c_w.l(libinit2.o)
    0x14000198   0x14000198   0x00000000   Code   RO         1594    .ARM.Collect$$libinit$$0000002E  c_w.l(libinit2.o)
    0x14000198   0x14000198   0x00000000   Code   RO         1596    .ARM.Collect$$libinit$$00000030  c_w.l(libinit2.o)
    0x14000198   0x14000198   0x00000000   Code   RO         1598    .ARM.Collect$$libinit$$00000032  c_w.l(libinit2.o)
    0x14000198   0x14000198   0x00000002   Code   RO         1599    .ARM.Collect$$libinit$$00000033  c_w.l(libinit2.o)
    0x1400019a   0x1400019a   0x00000002   Code   RO         1625    .ARM.Collect$$libshutdown$$00000000  c_w.l(libshutdown.o)
    0x1400019c   0x1400019c   0x00000000   Code   RO         1654    .ARM.Collect$$libshutdown$$00000002  c_w.l(libshutdown2.o)
    0x1400019c   0x1400019c   0x00000000   Code   RO         1656    .ARM.Collect$$libshutdown$$00000004  c_w.l(libshutdown2.o)
    0x1400019c   0x1400019c   0x00000000   Code   RO         1659    .ARM.Collect$$libshutdown$$00000007  c_w.l(libshutdown2.o)
    0x1400019c   0x1400019c   0x00000000   Code   RO         1662    .ARM.Collect$$libshutdown$$0000000A  c_w.l(libshutdown2.o)
    0x1400019c   0x1400019c   0x00000000   Code   RO         1664    .ARM.Collect$$libshutdown$$0000000C  c_w.l(libshutdown2.o)
    0x1400019c   0x1400019c   0x00000000   Code   RO         1667    .ARM.Collect$$libshutdown$$0000000F  c_w.l(libshutdown2.o)
    0x1400019c   0x1400019c   0x00000002   Code   RO         1668    .ARM.Collect$$libshutdown$$00000010  c_w.l(libshutdown2.o)
    0x1400019e   0x1400019e   0x00000000   Code   RO         1499    .ARM.Collect$$rtentry$$00000000  c_w.l(__rtentry.o)
    0x1400019e   0x1400019e   0x00000000   Code   RO         1510    .ARM.Collect$$rtentry$$00000002  c_w.l(__rtentry2.o)
    0x1400019e   0x1400019e   0x00000006   Code   RO         1522    .ARM.Collect$$rtentry$$00000004  c_w.l(__rtentry4.o)
    0x140001a4   0x140001a4   0x00000000   Code   RO         1512    .ARM.Collect$$rtentry$$00000009  c_w.l(__rtentry2.o)
    0x140001a4   0x140001a4   0x00000004   Code   RO         1513    .ARM.Collect$$rtentry$$0000000A  c_w.l(__rtentry2.o)
    0x140001a8   0x140001a8   0x00000000   Code   RO         1515    .ARM.Collect$$rtentry$$0000000C  c_w.l(__rtentry2.o)
    0x140001a8   0x140001a8   0x00000008   Code   RO         1516    .ARM.Collect$$rtentry$$0000000D  c_w.l(__rtentry2.o)
    0x140001b0   0x140001b0   0x00000002   Code   RO         1547    .ARM.Collect$$rtexit$$00000000  c_w.l(rtexit.o)
    0x140001b2   0x140001b2   0x00000000   Code   RO         1601    .ARM.Collect$$rtexit$$00000002  c_w.l(rtexit2.o)
    0x140001b2   0x140001b2   0x00000004   Code   RO         1602    .ARM.Collect$$rtexit$$00000003  c_w.l(rtexit2.o)
    0x140001b6   0x140001b6   0x00000006   Code   RO         1603    .ARM.Collect$$rtexit$$00000004  c_w.l(rtexit2.o)
    0x140001bc   0x140001bc   0x00000044   Code   RO          269    .text               keil_startup_lpc18xx43xx.o
    0x14000200   0x14000200   0x00000018   Code   RO         1461    .text               c_w.l(noretval__2printf.o)
    0x14000218   0x14000218   0x00000068   Code   RO         1463    .text               c_w.l(__printf.o)
    0x14000280   0x14000280   0x00000078   Code   RO         1465    .text               c_w.l(_printf_dec.o)
    0x140002f8   0x140002f8   0x00000064   Code   RO         1491    .text               c_w.l(rt_memcpy_w.o)
    0x1400035c   0x1400035c   0x0000004e   Code   RO         1493    .text               c_w.l(rt_memclr_w.o)
    0x140003aa   0x140003aa   0x00000006   Code   RO         1495    .text               c_w.l(heapauxi.o)
    0x140003b0   0x140003b0   0x000000b2   Code   RO         1504    .text               c_w.l(_printf_intcommon.o)
    0x14000462   0x14000462   0x00000002   PAD
    0x14000464   0x14000464   0x00000024   Code   RO         1506    .text               c_w.l(_printf_char_file.o)
    0x14000488   0x14000488   0x00000030   Code   RO         1526    .text               c_w.l(_printf_char_common.o)
    0x140004b8   0x140004b8   0x0000004a   Code   RO         1528    .text               c_w.l(sys_stackheap_outer.o)
    0x14000502   0x14000502   0x00000012   Code   RO         1532    .text               c_w.l(exit.o)
    0x14000514   0x14000514   0x00000008   Code   RO         1544    .text               c_w.l(libspace.o)
    0x1400051c   0x1400051c   0x00000008   Code   RO          504    i.ABS               lib_lpc_chip_43xx.lib(clock_18xx_43xx.o)
    0x14000524   0x14000524   0x00000028   Code   RO          793    i.Board_Debug_Init  lib_lpc_board_nxp_lpclink2_4370.lib(board.o)
    0x1400054c   0x1400054c   0x00000028   Code   RO          795    i.Board_Init        lib_lpc_board_nxp_lpclink2_4370.lib(board.o)
    0x14000574   0x14000574   0x00000010   Code   RO          797    i.Board_LED_Set     lib_lpc_board_nxp_lpclink2_4370.lib(board.o)
    0x14000584   0x14000584   0x00000088   Code   RO         1149    i.Board_SetupClocking  lib_lpc_board_nxp_lpclink2_4370.lib(board_sysinit.o)
    0x1400060c   0x1400060c   0x0000001c   Code   RO         1150    i.Board_SetupMuxing  lib_lpc_board_nxp_lpclink2_4370.lib(board_sysinit.o)
    0x14000628   0x14000628   0x0000000e   Code   RO         1151    i.Board_SystemInit  lib_lpc_board_nxp_lpclink2_4370.lib(board_sysinit.o)
    0x14000636   0x14000636   0x00000002   PAD
    0x14000638   0x14000638   0x00000010   Code   RO          802    i.Board_UARTPutChar  lib_lpc_board_nxp_lpclink2_4370.lib(board.o)
    0x14000648   0x14000648   0x00000014   Code   RO          803    i.Board_UARTPutSTR  lib_lpc_board_nxp_lpclink2_4370.lib(board.o)
    0x1400065c   0x1400065c   0x00000030   Code   RO          804    i.Board_UART_Init   lib_lpc_board_nxp_lpclink2_4370.lib(board.o)
    0x1400068c   0x1400068c   0x00000070   Code   RO          505    i.Chip_Clock_CalcMainPLLValue  lib_lpc_chip_43xx.lib(clock_18xx_43xx.o)
    0x140006fc   0x140006fc   0x0000002c   Code   RO          511    i.Chip_Clock_Enable  lib_lpc_chip_43xx.lib(clock_18xx_43xx.o)
    0x14000728   0x14000728   0x00000044   Code   RO          513    i.Chip_Clock_EnableCrystal  lib_lpc_chip_43xx.lib(clock_18xx_43xx.o)
    0x1400076c   0x1400076c   0x00000034   Code   RO          514    i.Chip_Clock_EnableOpts  lib_lpc_chip_43xx.lib(clock_18xx_43xx.o)
    0x140007a0   0x140007a0   0x00000020   Code   RO          516    i.Chip_Clock_GetBaseClock  lib_lpc_chip_43xx.lib(clock_18xx_43xx.o)
    0x140007c0   0x140007c0   0x0000000e   Code   RO          518    i.Chip_Clock_GetBaseClocktHz  lib_lpc_chip_43xx.lib(clock_18xx_43xx.o)
    0x140007ce   0x140007ce   0x00000002   PAD
    0x140007d0   0x140007d0   0x000000a0   Code   RO          519    i.Chip_Clock_GetClockInputHz  lib_lpc_chip_43xx.lib(clock_18xx_43xx.o)
    0x14000870   0x14000870   0x00000022   Code   RO          520    i.Chip_Clock_GetDivRate  lib_lpc_chip_43xx.lib(clock_18xx_43xx.o)
    0x14000892   0x14000892   0x00000002   PAD
    0x14000894   0x14000894   0x00000020   Code   RO          521    i.Chip_Clock_GetDividerDivisor  lib_lpc_chip_43xx.lib(clock_18xx_43xx.o)
    0x140008b4   0x140008b4   0x0000001c   Code   RO          522    i.Chip_Clock_GetDividerSource  lib_lpc_chip_43xx.lib(clock_18xx_43xx.o)
    0x140008d0   0x140008d0   0x0000005c   Code   RO          524    i.Chip_Clock_GetMainPLLHz  lib_lpc_chip_43xx.lib(clock_18xx_43xx.o)
    0x1400092c   0x1400092c   0x00000078   Code   RO          526    i.Chip_Clock_GetRate  lib_lpc_chip_43xx.lib(clock_18xx_43xx.o)
    0x140009a4   0x140009a4   0x00000038   Code   RO          529    i.Chip_Clock_SetBaseClock  lib_lpc_chip_43xx.lib(clock_18xx_43xx.o)
    0x140009dc   0x140009dc   0x00000044   Code   RO          530    i.Chip_Clock_SetDivider  lib_lpc_chip_43xx.lib(clock_18xx_43xx.o)
    0x14000a20   0x14000a20   0x00000028   Code   RO         1354    i.Chip_Clock_SetupMainPLL  lib_lpc_chip_43xx.lib(sysinit_18xx_43xx.o)
    0x14000a48   0x14000a48   0x00000002   Code   RO         1202    i.Chip_GPIO_Init    lib_lpc_chip_43xx.lib(gpio_18xx_43xx.o)
    0x14000a4a   0x14000a4a   0x00000002   PAD
    0x14000a4c   0x14000a4c   0x00000028   Code   RO         1152    i.Chip_SCU_SetPinMuxing  lib_lpc_board_nxp_lpclink2_4370.lib(board_sysinit.o)
    0x14000a74   0x14000a74   0x000000f0   Code   RO         1355    i.Chip_SetupCoreClock  lib_lpc_chip_43xx.lib(sysinit_18xx_43xx.o)
    0x14000b64   0x14000b64   0x00000030   Code   RO          729    i.Chip_TIMER_GetClockIndex  lib_lpc_chip_43xx.lib(timer_18xx_43xx.o)
    0x14000b94   0x14000b94   0x0000000e   Code   RO          730    i.Chip_TIMER_Init   lib_lpc_chip_43xx.lib(timer_18xx_43xx.o)
    0x14000ba2   0x14000ba2   0x00000018   Code   RO          731    i.Chip_TIMER_Reset  lib_lpc_chip_43xx.lib(timer_18xx_43xx.o)
    0x14000bba   0x14000bba   0x00000002   PAD
    0x14000bbc   0x14000bbc   0x0000002c   Code   RO         1231    i.Chip_UART_GetIndex  lib_lpc_chip_43xx.lib(uart_18xx_43xx.o)
    0x14000be8   0x14000be8   0x0000004c   Code   RO         1233    i.Chip_UART_Init    lib_lpc_chip_43xx.lib(uart_18xx_43xx.o)
    0x14000c34   0x14000c34   0x00000048   Code   RO         1241    i.Chip_UART_SetBaud  lib_lpc_chip_43xx.lib(uart_18xx_43xx.o)
    0x14000c7c   0x14000c7c   0x00000014   Code   RO          278    i.SystemCoreClockUpdate  lib_lpc_chip_43xx.lib(chip_18xx_43xx.o)
    0x14000c90   0x14000c90   0x0000001c   Code   RO            3    i.SystemInit        sysinit.o
    0x14000cac   0x14000cac   0x00000028   Code   RO          231    i.TIMER1_IRQHandler  timers.o
    0x14000cd4   0x14000cd4   0x00000004   Code   RO          807    i._sys_exit         lib_lpc_board_nxp_lpclink2_4370.lib(board.o)
    0x14000cd8   0x14000cd8   0x00000006   Code   RO          809    i.ferror            lib_lpc_board_nxp_lpclink2_4370.lib(board.o)
    0x14000cde   0x14000cde   0x00000002   PAD
    0x14000ce0   0x14000ce0   0x0000003c   Code   RO          770    i.fpuInit           lib_lpc_chip_43xx.lib(fpu_init.o)
    0x14000d1c   0x14000d1c   0x0000000c   Code   RO          811    i.fputc             lib_lpc_board_nxp_lpclink2_4370.lib(board.o)
    0x14000d28   0x14000d28   0x000000e0   Code   RO          232    i.main              timers.o
    0x14000e08   0x14000e08   0x000000a0   Code   RO          536    i.pll_calc_divs     lib_lpc_chip_43xx.lib(clock_18xx_43xx.o)
    0x14000ea8   0x14000ea8   0x000000bc   Code   RO          537    i.pll_get_frac      lib_lpc_chip_43xx.lib(clock_18xx_43xx.o)
    0x14000f64   0x14000f64   0x0000000a   Code   RO         1613    x$fpl$fpinit        fz_wm.l(fpinit.o)
    0x14000f6e   0x14000f6e   0x0000006c   Data   RO          538    .constdata          lib_lpc_chip_43xx.lib(clock_18xx_43xx.o)
    0x14000fda   0x14000fda   0x00000002   PAD
    0x14000fdc   0x14000fdc   0x00000004   Data   RO          812    .constdata          lib_lpc_board_nxp_lpclink2_4370.lib(board.o)
    0x14000fe0   0x14000fe0   0x00000004   Data   RO          813    .constdata          lib_lpc_board_nxp_lpclink2_4370.lib(board.o)
    0x14000fe4   0x14000fe4   0x0000002c   Data   RO         1153    .constdata          lib_lpc_board_nxp_lpclink2_4370.lib(board_sysinit.o)
    0x14001010   0x14001010   0x00000010   Data   RO         1245    .constdata          lib_lpc_chip_43xx.lib(uart_18xx_43xx.o)
    0x14001020   0x14001020   0x00000048   Data   RO         1359    .constdata          lib_lpc_chip_43xx.lib(sysinit_18xx_43xx.o)
    0x14001068   0x14001068   0x00000020   Data   RO         1669    Region$$Table       anon$$obj.o


==============================================================================

Image component sizes


      Code (inc. data)   RO Data    RW Data    ZI Data      Debug   Object Name

        68         28        276          0      26624        996   keil_startup_lpc18xx43xx.o
        28          8          0          0          0       6613   sysinit.o
       264        106          0          1          0      32742   timers.o

    ----------------------------------------------------------------------
       360        142        308          4      26624      40351   Object Totals
         0          0         32          0          0          0   (incl. Generated)
         0          0          0          3          0          0   (incl. Padding)

    ----------------------------------------------------------------------

      Code (inc. data)   RO Data    RW Data    ZI Data      Debug   Library Member Name

         8          0          0          0          0         68   __main.o
       104          0          0          0          0         84   __printf.o
         0          0          0          0          0          0   __rtentry.o
        12          0          0          0          0          0   __rtentry2.o
         6          0          0          0          0          0   __rtentry4.o
        52          8          0          0          0          0   __scatter.o
        26          0          0          0          0          0   __scatter_copy.o
        28          0          0          0          0          0   __scatter_zi.o
        48          6          0          0          0         96   _printf_char_common.o
        36          4          0          0          0         80   _printf_char_file.o
         6          0          0          0          0          0   _printf_d.o
       120         16          0          0          0         92   _printf_dec.o
       178          0          0          0          0         88   _printf_intcommon.o
         0          0          0          0          0          0   _printf_percent.o
         4          0          0          0          0          0   _printf_percent_end.o
        18          0          0          0          0         80   exit.o
         6          0          0          0          0        152   heapauxi.o
         2          0          0          0          0          0   libinit.o
         6          0          0          0          0          0   libinit2.o
         2          0          0          0          0          0   libshutdown.o
         2          0          0          0          0          0   libshutdown2.o
         8          4          0          0         96         68   libspace.o
        24          4          0          0          0         84   noretval__2printf.o
        78          0          0          0          0         80   rt_memclr_w.o
       100          0          0          0          0         80   rt_memcpy_w.o
         2          0          0          0          0          0   rtexit.o
        10          0          0          0          0          0   rtexit2.o
        74          0          0          0          0         80   sys_stackheap_outer.o
        10          0          0          0          0        116   fpinit.o
       202         40          8          4          0      22905   board.o
       218         26         44          0          0       6125   board_sysinit.o
        20          6          0          4          0      11894   chip_18xx_43xx.o
      1268        164        108          8          0      16125   clock_18xx_43xx.o
        60         14          0          0          0       1350   fpu_init.o
         2          0          0          0          0        561   gpio_18xx_43xx.o
       280         18         72          0          0       3570   sysinit_18xx_43xx.o
        86         14          0          0          0       2373   timer_18xx_43xx.o
       192         20         16          0          0      10578   uart_18xx_43xx.o

    ----------------------------------------------------------------------
      3314        344        250         16        100      76729   Library Totals
        16          0          2          0          4          0   (incl. Padding)

    ----------------------------------------------------------------------

      Code (inc. data)   RO Data    RW Data    ZI Data      Debug   Library Name

       960         42          0          0         96       1132   c_w.l
        10          0          0          0          0        116   fz_wm.l
       420         66         52          4          0      29030   lib_lpc_board_nxp_lpclink2_4370.lib
      1908        236        196         12          0      46451   lib_lpc_chip_43xx.lib

    ----------------------------------------------------------------------
      3314        344        250         16        100      76729   Library Totals

    ----------------------------------------------------------------------

==============================================================================


      Code (inc. data)   RO Data    RW Data    ZI Data      Debug   

      3674        486        558         20      26724     112912   Grand Totals
      3674        486        558         20      26724     112912   ELF Image Totals
      3674        486        558         20          0          0   ROM Totals

==============================================================================

    Total RO  Size (Code + RO Data)                 4232 (   4.13kB)
    Total RW  Size (RW Data + ZI Data)             26744 (  26.12kB)
    Total ROM Size (Code + RO Data + RW Data)       4252 (   4.15kB)

==============================================================================

