<html>
<body>
<pre>
<h1>µVision Build Log</h1>
<h2>Tool Versions:</h2>
IDE-Version: ¦ÌVision V5.28.0.0
Copyright (C) 2019 ARM Ltd and ARM Germany GmbH. All rights reserved.
License Information: 123 15949, 123, LIC=NQQMA-1ZMQN-IIG5V-PVRF4-MS34R-JYYX2
 
Tool Versions:
Toolchain:       MDK-ARM Plus  Version: 5.28.0.0
Toolchain Path:  C:\Keil_v5\ARM\ARMCC\Bin
C Compiler:      Armcc.exe V5.06 update 6 (build 750)
Assembler:       Armasm.exe V5.06 update 6 (build 750)
Linker/Locator:  ArmLink.exe V5.06 update 6 (build 750)
Library Manager: ArmAr.exe V5.06 update 6 (build 750)
Hex Converter:   FromElf.exe V5.06 update 6 (build 750)
CPU DLL:         SARMCM3.DLL V5.28.0.0
Dialog DLL:      DCM.DLL V1.17.3.0
Target DLL:      Segger\JL2CM3.dll V2.99.36.0
Dialog DLL:      TCM.DLL V1.36.2.0
 
<h2>Project:</h2>
D:\ÏîÄ¿\LPC-Link2\lpcopen_3_02_keil_iar_lpclink2_4370\LPC43xx_18xx\prj_link4370\keil\periph_uart_rb\uart_rb.uvprojx
Project File Date:  05/01/2020

<h2>Output:</h2>
*** Using Compiler 'V5.06 update 6 (build 750)', folder: 'C:\Keil_v5\ARM\ARMCC\Bin'
Build Project 'uart_rb' - Target 'spifi_nxp_lpclink2_4370'
compiling uart_rb.c...
linking...
Program Size: Code=3890 RO-data=650 RW-data=16 ZI-data=26920  
".\keil_output\uart_rb.axf" - 0 Error(s), 0 Warning(s).

<h2>Software Packages used:</h2>

Package Vendor: Keil
                http://www.keil.com/pack/Keil.LPC4300_DFP.2.8.0.pack
                Keil.LPC4300_DFP.2.8.0
                NXP LPC4300 Series Device Support, Drivers and Examples

<h2>Collection of Component include folders:</h2>
  .\RTE\_spifi_nxp_lpclink2_4370

<h2>Collection of Component Files used:</h2>
Build Time Elapsed:  00:00:01
</pre>
</body>
</html>
