Component: ARM Compiler 5.06 update 6 (build 750) Tool: armlink [4d35ed]

==============================================================================

Section Cross References

    sysinit.o(i.SystemInit) refers to fpu_init.o(i.fpuInit) for fpuInit
    sysinit.o(i.SystemInit) refers to board_sysinit.o(i.Board_SystemInit) for Board_SystemInit
    sysinit.o(i.SystemInit) refers to keil_startup_lpc18xx43xx.o(RESET) for __Vectors
    atimer.o(i.EVRT_IRQHandler) refers to evrt_18xx_43xx.o(i.Chip_EVRT_IsSourceInterrupting) for Chip_EVRT_IsSourceInterrupting
    atimer.o(i.EVRT_IRQHandler) refers to atimer.o(i.ATIMER_ClearInts) for ATIMER_ClearInts
    atimer.o(i.main) refers to chip_18xx_43xx.o(i.SystemCoreClockUpdate) for SystemCoreClockUpdate
    atimer.o(i.main) refers to board.o(i.Board_Init) for Board_Init
    atimer.o(i.main) refers to atimer_18xx_43xx.o(i.Chip_ATIMER_Init) for Chip_ATIMER_Init
    atimer.o(i.main) refers to evrt_18xx_43xx.o(i.Chip_EVRT_Init) for Chip_EVRT_Init
    atimer.o(i.main) refers to evrt_18xx_43xx.o(i.Chip_EVRT_ConfigIntSrcActiveType) for Chip_EVRT_ConfigIntSrcActiveType
    atimer.o(i.main) refers to evrt_18xx_43xx.o(i.Chip_EVRT_SetUpIntSrc) for Chip_EVRT_SetUpIntSrc
    atimer.o(i.main) refers to atimer.o(i.ATIMER_ClearInts) for ATIMER_ClearInts
    atimer.o(i.main) refers to board.o(i.Board_LED_Set) for Board_LED_Set
    keil_startup_lpc18xx43xx.o(STACK) refers (Special) to heapauxi.o(.text) for __use_two_region_memory
    keil_startup_lpc18xx43xx.o(HEAP) refers (Special) to heapauxi.o(.text) for __use_two_region_memory
    keil_startup_lpc18xx43xx.o(RESET) refers (Special) to heapauxi.o(.text) for __use_two_region_memory
    keil_startup_lpc18xx43xx.o(RESET) refers to keil_startup_lpc18xx43xx.o(STACK) for __initial_sp
    keil_startup_lpc18xx43xx.o(RESET) refers to keil_startup_lpc18xx43xx.o(.text) for Reset_Handler
    keil_startup_lpc18xx43xx.o(RESET) refers to atimer.o(i.EVRT_IRQHandler) for EVRT_IRQHandler
    keil_startup_lpc18xx43xx.o(.text) refers (Special) to heapauxi.o(.text) for __use_two_region_memory
    keil_startup_lpc18xx43xx.o(.text) refers to sysinit.o(i.SystemInit) for SystemInit
    keil_startup_lpc18xx43xx.o(.text) refers to __main.o(!!!main) for __main
    keil_startup_lpc18xx43xx.o(.text) refers to keil_startup_lpc18xx43xx.o(HEAP) for Heap_Mem
    keil_startup_lpc18xx43xx.o(.text) refers to keil_startup_lpc18xx43xx.o(STACK) for Stack_Mem
    chip_18xx_43xx.o(i.Chip_USB0_Init) refers to chip_18xx_43xx.o(i.Chip_USB_PllSetup) for Chip_USB_PllSetup
    chip_18xx_43xx.o(i.Chip_USB0_Init) refers to clock_18xx_43xx.o(i.Chip_Clock_SetBaseClock) for Chip_Clock_SetBaseClock
    chip_18xx_43xx.o(i.Chip_USB0_Init) refers to clock_18xx_43xx.o(i.Chip_Clock_EnableBaseClock) for Chip_Clock_EnableBaseClock
    chip_18xx_43xx.o(i.Chip_USB0_Init) refers to clock_18xx_43xx.o(i.Chip_Clock_EnableOpts) for Chip_Clock_EnableOpts
    chip_18xx_43xx.o(i.Chip_USB1_Init) refers to chip_18xx_43xx.o(i.Chip_USB_PllSetup) for Chip_USB_PllSetup
    chip_18xx_43xx.o(i.Chip_USB1_Init) refers to clock_18xx_43xx.o(i.Chip_Clock_SetDivider) for Chip_Clock_SetDivider
    chip_18xx_43xx.o(i.Chip_USB1_Init) refers to clock_18xx_43xx.o(i.Chip_Clock_SetBaseClock) for Chip_Clock_SetBaseClock
    chip_18xx_43xx.o(i.Chip_USB1_Init) refers to clock_18xx_43xx.o(i.Chip_Clock_EnableBaseClock) for Chip_Clock_EnableBaseClock
    chip_18xx_43xx.o(i.Chip_USB1_Init) refers to clock_18xx_43xx.o(i.Chip_Clock_EnableOpts) for Chip_Clock_EnableOpts
    chip_18xx_43xx.o(i.Chip_USB_PllSetup) refers to clock_18xx_43xx.o(i.Chip_Clock_GetClockInputHz) for Chip_Clock_GetClockInputHz
    chip_18xx_43xx.o(i.Chip_USB_PllSetup) refers to clock_18xx_43xx.o(i.Chip_Clock_SetupPLL) for Chip_Clock_SetupPLL
    chip_18xx_43xx.o(i.Chip_USB_PllSetup) refers to clock_18xx_43xx.o(i.Chip_Clock_EnablePLL) for Chip_Clock_EnablePLL
    chip_18xx_43xx.o(i.Chip_USB_PllSetup) refers to clock_18xx_43xx.o(i.Chip_Clock_GetPLLStatus) for Chip_Clock_GetPLLStatus
    chip_18xx_43xx.o(i.Chip_USB_PllSetup) refers to chip_18xx_43xx.o(.constdata) for .constdata
    chip_18xx_43xx.o(i.SystemCoreClockUpdate) refers to clock_18xx_43xx.o(i.Chip_Clock_GetRate) for Chip_Clock_GetRate
    chip_18xx_43xx.o(i.SystemCoreClockUpdate) refers to chip_18xx_43xx.o(.data) for .data
    board.o(i.Board_Debug_Init) refers to board.o(i.Board_UART_Init) for Board_UART_Init
    board.o(i.Board_Debug_Init) refers to uart_18xx_43xx.o(i.Chip_UART_Init) for Chip_UART_Init
    board.o(i.Board_Debug_Init) refers to uart_18xx_43xx.o(i.Chip_UART_SetBaud) for Chip_UART_SetBaud
    board.o(i.Board_Init) refers to board.o(i.Board_Debug_Init) for Board_Debug_Init
    board.o(i.Board_Init) refers to gpio_18xx_43xx.o(i.Chip_GPIO_Init) for Chip_GPIO_Init
    board.o(i.Board_LED_Toggle) refers to board.o(i.Board_LED_Test) for Board_LED_Test
    board.o(i.Board_LED_Toggle) refers to board.o(i.Board_LED_Set) for Board_LED_Set
    board.o(i.Board_UARTPutSTR) refers to board.o(i.Board_UARTPutChar) for Board_UARTPutChar
    board.o(i.fgetc) refers to board.o(i.Board_UARTGetChar) for Board_UARTGetChar
    board.o(i.fputc) refers to board.o(i.Board_UARTPutChar) for Board_UARTPutChar
    board_sysinit.o(i.Board_SetupClocking) refers to clock_18xx_43xx.o(i.Chip_Clock_SetBaseClock) for Chip_Clock_SetBaseClock
    board_sysinit.o(i.Board_SetupClocking) refers to sysinit_18xx_43xx.o(i.Chip_SetupCoreClock) for Chip_SetupCoreClock
    board_sysinit.o(i.Board_SetupClocking) refers to clock_18xx_43xx.o(i.Chip_Clock_SetDivider) for Chip_Clock_SetDivider
    board_sysinit.o(i.Board_SetupClocking) refers to board_sysinit.o(.constdata) for .constdata
    board_sysinit.o(i.Board_SetupMuxing) refers to board_sysinit.o(i.Chip_SCU_SetPinMuxing) for Chip_SCU_SetPinMuxing
    board_sysinit.o(i.Board_SetupMuxing) refers to board_sysinit.o(.constdata) for .constdata
    board_sysinit.o(i.Board_SystemInit) refers to board_sysinit.o(i.Board_SetupMuxing) for Board_SetupMuxing
    board_sysinit.o(i.Board_SystemInit) refers to board_sysinit.o(i.Board_SetupClocking) for Board_SetupClocking
    clock_18xx_43xx.o(i.Chip_Clock_CalcMainPLLValue) refers to clock_18xx_43xx.o(i.Chip_Clock_GetClockInputHz) for Chip_Clock_GetClockInputHz
    clock_18xx_43xx.o(i.Chip_Clock_CalcMainPLLValue) refers to clock_18xx_43xx.o(i.pll_get_frac) for pll_get_frac
    clock_18xx_43xx.o(i.Chip_Clock_EnableCrystal) refers to board.o(.constdata) for OscRateIn
    clock_18xx_43xx.o(i.Chip_Clock_GetBaseClocktHz) refers to clock_18xx_43xx.o(i.Chip_Clock_GetBaseClock) for Chip_Clock_GetBaseClock
    clock_18xx_43xx.o(i.Chip_Clock_GetBaseClocktHz) refers to clock_18xx_43xx.o(i.Chip_Clock_GetClockInputHz) for Chip_Clock_GetClockInputHz
    clock_18xx_43xx.o(i.Chip_Clock_GetClockInputHz) refers to clock_18xx_43xx.o(i.Chip_Clock_GetMainPLLHz) for Chip_Clock_GetMainPLLHz
    clock_18xx_43xx.o(i.Chip_Clock_GetClockInputHz) refers to clock_18xx_43xx.o(i.Chip_Clock_GetDivRate) for Chip_Clock_GetDivRate
    clock_18xx_43xx.o(i.Chip_Clock_GetClockInputHz) refers to clock_18xx_43xx.o(.data) for .data
    clock_18xx_43xx.o(i.Chip_Clock_GetClockInputHz) refers to board.o(.constdata) for ExtRateIn
    clock_18xx_43xx.o(i.Chip_Clock_GetClockInputHz) refers to board.o(.constdata) for OscRateIn
    clock_18xx_43xx.o(i.Chip_Clock_GetDivRate) refers to clock_18xx_43xx.o(i.Chip_Clock_GetDividerSource) for Chip_Clock_GetDividerSource
    clock_18xx_43xx.o(i.Chip_Clock_GetDivRate) refers to clock_18xx_43xx.o(i.Chip_Clock_GetDividerDivisor) for Chip_Clock_GetDividerDivisor
    clock_18xx_43xx.o(i.Chip_Clock_GetDivRate) refers to clock_18xx_43xx.o(i.Chip_Clock_GetClockInputHz) for Chip_Clock_GetClockInputHz
    clock_18xx_43xx.o(i.Chip_Clock_GetEMCRate) refers to clock_18xx_43xx.o(i.Chip_Clock_GetRate) for Chip_Clock_GetRate
    clock_18xx_43xx.o(i.Chip_Clock_GetMainPLLHz) refers to clock_18xx_43xx.o(i.Chip_Clock_GetClockInputHz) for Chip_Clock_GetClockInputHz
    clock_18xx_43xx.o(i.Chip_Clock_GetRate) refers to clock_18xx_43xx.o(i.Chip_Clock_GetBaseClocktHz) for Chip_Clock_GetBaseClocktHz
    clock_18xx_43xx.o(i.Chip_Clock_GetRate) refers to clock_18xx_43xx.o(.constdata) for .constdata
    clock_18xx_43xx.o(i.Chip_Clock_SetupMainPLLHz) refers to clock_18xx_43xx.o(i.Chip_Clock_GetClockInputHz) for Chip_Clock_GetClockInputHz
    clock_18xx_43xx.o(i.Chip_Clock_SetupMainPLLHz) refers to clock_18xx_43xx.o(i.Chip_Clock_TestMainPLLMultiplier) for Chip_Clock_TestMainPLLMultiplier
    clock_18xx_43xx.o(i.Chip_Clock_SetupMainPLLHz) refers to clock_18xx_43xx.o(i.Chip_Clock_SetupMainPLLMult) for Chip_Clock_SetupMainPLLMult
    clock_18xx_43xx.o(i.Chip_Clock_SetupMainPLLMult) refers to clock_18xx_43xx.o(i.Chip_Clock_GetClockInputHz) for Chip_Clock_GetClockInputHz
    clock_18xx_43xx.o(i.Chip_Clock_SetupPLL) refers to clock_18xx_43xx.o(.data) for .data
    clock_18xx_43xx.o(i.pll_calc_divs) refers to clock_18xx_43xx.o(i.ABS) for ABS
    clock_18xx_43xx.o(i.pll_get_frac) refers to rt_memclr_w.o(.text) for __aeabi_memclr4
    clock_18xx_43xx.o(i.pll_get_frac) refers to clock_18xx_43xx.o(i.pll_calc_divs) for pll_calc_divs
    clock_18xx_43xx.o(i.pll_get_frac) refers to clock_18xx_43xx.o(i.ABS) for ABS
    clock_18xx_43xx.o(i.pll_get_frac) refers to rt_memcpy_w.o(.text) for __aeabi_memcpy4
    uart_18xx_43xx.o(i.Chip_UART_DeInit) refers to uart_18xx_43xx.o(i.Chip_UART_GetIndex) for Chip_UART_GetIndex
    uart_18xx_43xx.o(i.Chip_UART_DeInit) refers to clock_18xx_43xx.o(i.Chip_Clock_Disable) for Chip_Clock_Disable
    uart_18xx_43xx.o(i.Chip_UART_DeInit) refers to uart_18xx_43xx.o(.constdata) for .constdata
    uart_18xx_43xx.o(i.Chip_UART_GetABEOStatus) refers to uart_18xx_43xx.o(.data) for .data
    uart_18xx_43xx.o(i.Chip_UART_IRQRBHandler) refers to uart_18xx_43xx.o(i.Chip_UART_TXIntHandlerRB) for Chip_UART_TXIntHandlerRB
    uart_18xx_43xx.o(i.Chip_UART_IRQRBHandler) refers to uart_18xx_43xx.o(i.RingBuffer_IsEmpty) for RingBuffer_IsEmpty
    uart_18xx_43xx.o(i.Chip_UART_IRQRBHandler) refers to uart_18xx_43xx.o(i.Chip_UART_RXIntHandlerRB) for Chip_UART_RXIntHandlerRB
    uart_18xx_43xx.o(i.Chip_UART_IRQRBHandler) refers to uart_18xx_43xx.o(.data) for .data
    uart_18xx_43xx.o(i.Chip_UART_Init) refers to uart_18xx_43xx.o(i.Chip_UART_GetIndex) for Chip_UART_GetIndex
    uart_18xx_43xx.o(i.Chip_UART_Init) refers to clock_18xx_43xx.o(i.Chip_Clock_EnableOpts) for Chip_Clock_EnableOpts
    uart_18xx_43xx.o(i.Chip_UART_Init) refers to uart_18xx_43xx.o(.constdata) for .constdata
    uart_18xx_43xx.o(i.Chip_UART_RXIntHandlerRB) refers to ring_buffer.o(i.RingBuffer_Insert) for RingBuffer_Insert
    uart_18xx_43xx.o(i.Chip_UART_ReadBlocking) refers to uart_18xx_43xx.o(i.Chip_UART_Read) for Chip_UART_Read
    uart_18xx_43xx.o(i.Chip_UART_ReadRB) refers to ring_buffer.o(i.RingBuffer_PopMult) for RingBuffer_PopMult
    uart_18xx_43xx.o(i.Chip_UART_SendBlocking) refers to uart_18xx_43xx.o(i.Chip_UART_Send) for Chip_UART_Send
    uart_18xx_43xx.o(i.Chip_UART_SendRB) refers to ring_buffer.o(i.RingBuffer_InsertMult) for RingBuffer_InsertMult
    uart_18xx_43xx.o(i.Chip_UART_SendRB) refers to uart_18xx_43xx.o(i.Chip_UART_TXIntHandlerRB) for Chip_UART_TXIntHandlerRB
    uart_18xx_43xx.o(i.Chip_UART_SetBaud) refers to uart_18xx_43xx.o(i.Chip_UART_GetIndex) for Chip_UART_GetIndex
    uart_18xx_43xx.o(i.Chip_UART_SetBaud) refers to clock_18xx_43xx.o(i.Chip_Clock_GetRate) for Chip_Clock_GetRate
    uart_18xx_43xx.o(i.Chip_UART_SetBaud) refers to uart_18xx_43xx.o(.constdata) for .constdata
    uart_18xx_43xx.o(i.Chip_UART_SetBaudFDR) refers to uart_18xx_43xx.o(i.Chip_UART_GetIndex) for Chip_UART_GetIndex
    uart_18xx_43xx.o(i.Chip_UART_SetBaudFDR) refers to clock_18xx_43xx.o(i.Chip_Clock_GetRate) for Chip_Clock_GetRate
    uart_18xx_43xx.o(i.Chip_UART_SetBaudFDR) refers to lludivv7m.o(.text) for __aeabi_uldivmod
    uart_18xx_43xx.o(i.Chip_UART_SetBaudFDR) refers to uart_18xx_43xx.o(.constdata) for .constdata
    uart_18xx_43xx.o(i.Chip_UART_TXIntHandlerRB) refers to ring_buffer.o(i.RingBuffer_Pop) for RingBuffer_Pop
    uart_18xx_43xx.o(i.Chip_UART_TXIntHandlerRB) refers to uart_18xx_43xx.o(i.RingBuffer_IsEmpty) for RingBuffer_IsEmpty
    sysinit_18xx_43xx.o(i.Chip_SetupCoreClock) refers to clock_18xx_43xx.o(i.Chip_Clock_EnableCrystal) for Chip_Clock_EnableCrystal
    sysinit_18xx_43xx.o(i.Chip_SetupCoreClock) refers to clock_18xx_43xx.o(i.Chip_Clock_SetBaseClock) for Chip_Clock_SetBaseClock
    sysinit_18xx_43xx.o(i.Chip_SetupCoreClock) refers to clock_18xx_43xx.o(i.Chip_Clock_CalcMainPLLValue) for Chip_Clock_CalcMainPLLValue
    sysinit_18xx_43xx.o(i.Chip_SetupCoreClock) refers to sysinit_18xx_43xx.o(i.Chip_Clock_SetupMainPLL) for Chip_Clock_SetupMainPLL
    sysinit_18xx_43xx.o(i.Chip_SetupCoreClock) refers to sysinit_18xx_43xx.o(.constdata) for .constdata
    sysinit_18xx_43xx.o(i.Chip_SetupIrcClocking) refers to sysinit_18xx_43xx.o(i.Chip_SetupCoreClock) for Chip_SetupCoreClock
    sysinit_18xx_43xx.o(i.Chip_SetupXtalClocking) refers to sysinit_18xx_43xx.o(i.Chip_SetupCoreClock) for Chip_SetupCoreClock
    sysinit_18xx_43xx.o(i.Chip_SystemInit) refers to sysinit_18xx_43xx.o(i.Chip_SetupIrcClocking) for Chip_SetupIrcClocking
    ring_buffer.o(i.RingBuffer_Insert) refers to ring_buffer.o(i.RingBuffer_IsFull) for RingBuffer_IsFull
    ring_buffer.o(i.RingBuffer_Insert) refers to rt_memcpy_v6.o(.text) for __aeabi_memcpy
    ring_buffer.o(i.RingBuffer_InsertMult) refers to ring_buffer.o(i.RingBuffer_IsFull) for RingBuffer_IsFull
    ring_buffer.o(i.RingBuffer_InsertMult) refers to rt_memcpy_v6.o(.text) for __aeabi_memcpy
    ring_buffer.o(i.RingBuffer_Pop) refers to ring_buffer.o(i.RingBuffer_IsEmpty) for RingBuffer_IsEmpty
    ring_buffer.o(i.RingBuffer_Pop) refers to rt_memcpy_v6.o(.text) for __aeabi_memcpy
    ring_buffer.o(i.RingBuffer_PopMult) refers to ring_buffer.o(i.RingBuffer_IsEmpty) for RingBuffer_IsEmpty
    ring_buffer.o(i.RingBuffer_PopMult) refers to rt_memcpy_v6.o(.text) for __aeabi_memcpy
    rt_memcpy_v6.o(.text) refers to rt_memcpy_w.o(.text) for __aeabi_memcpy4
    __main.o(!!!main) refers to __rtentry.o(.ARM.Collect$$rtentry$$00000000) for __rt_entry
    __rtentry.o(.ARM.Collect$$rtentry$$00000000) refers (Special) to __rtentry2.o(.ARM.Collect$$rtentry$$0000000A) for __rt_entry_li
    __rtentry.o(.ARM.Collect$$rtentry$$00000000) refers (Special) to __rtentry2.o(.ARM.Collect$$rtentry$$0000000D) for __rt_entry_main
    __rtentry.o(.ARM.Collect$$rtentry$$00000000) refers (Special) to __rtentry2.o(.ARM.Collect$$rtentry$$0000000C) for __rt_entry_postli_1
    __rtentry.o(.ARM.Collect$$rtentry$$00000000) refers (Special) to __rtentry2.o(.ARM.Collect$$rtentry$$00000009) for __rt_entry_postsh_1
    __rtentry.o(.ARM.Collect$$rtentry$$00000000) refers (Special) to __rtentry2.o(.ARM.Collect$$rtentry$$00000002) for __rt_entry_presh_1
    __rtentry.o(.ARM.Collect$$rtentry$$00000000) refers (Special) to __rtentry4.o(.ARM.Collect$$rtentry$$00000004) for __rt_entry_sh
    aeabi_ldiv0_sigfpe.o(.text) refers to rt_div0.o(.text) for __rt_div0
    __rtentry2.o(.ARM.Collect$$rtentry$$00000008) refers to boardinit2.o(.text) for _platform_post_stackheap_init
    __rtentry2.o(.ARM.Collect$$rtentry$$0000000A) refers to libinit.o(.ARM.Collect$$libinit$$00000000) for __rt_lib_init
    __rtentry2.o(.ARM.Collect$$rtentry$$0000000B) refers to boardinit3.o(.text) for _platform_post_lib_init
    __rtentry2.o(.ARM.Collect$$rtentry$$0000000D) refers to atimer.o(i.main) for main
    __rtentry2.o(.ARM.Collect$$rtentry$$0000000D) refers to exit.o(.text) for exit
    __rtentry2.o(.ARM.exidx) refers to __rtentry2.o(.ARM.Collect$$rtentry$$00000001) for .ARM.Collect$$rtentry$$00000001
    __rtentry2.o(.ARM.exidx) refers to __rtentry2.o(.ARM.Collect$$rtentry$$00000008) for .ARM.Collect$$rtentry$$00000008
    __rtentry2.o(.ARM.exidx) refers to __rtentry2.o(.ARM.Collect$$rtentry$$0000000A) for .ARM.Collect$$rtentry$$0000000A
    __rtentry2.o(.ARM.exidx) refers to __rtentry2.o(.ARM.Collect$$rtentry$$0000000B) for .ARM.Collect$$rtentry$$0000000B
    __rtentry2.o(.ARM.exidx) refers to __rtentry2.o(.ARM.Collect$$rtentry$$0000000D) for .ARM.Collect$$rtentry$$0000000D
    __rtentry4.o(.ARM.Collect$$rtentry$$00000004) refers to sys_stackheap_outer.o(.text) for __user_setup_stackheap
    __rtentry4.o(.ARM.exidx) refers to __rtentry4.o(.ARM.Collect$$rtentry$$00000004) for .ARM.Collect$$rtentry$$00000004
    rt_div0.o(.text) refers to defsig_fpe_outer.o(.text) for __rt_SIGFPE
    sys_stackheap_outer.o(.text) refers to libspace.o(.text) for __user_perproc_libspace
    sys_stackheap_outer.o(.text) refers to keil_startup_lpc18xx43xx.o(.text) for __user_initial_stackheap
    exit.o(.text) refers to rtexit.o(.ARM.Collect$$rtexit$$00000000) for __rt_exit
    defsig_fpe_outer.o(.text) refers to defsig_fpe_inner.o(.text) for __rt_SIGFPE_inner
    defsig_fpe_outer.o(.text) refers to defsig_exit.o(.text) for __sig_exit
    defsig_fpe_formal.o(.text) refers to rt_raise.o(.text) for __rt_raise
    libinit.o(.ARM.Collect$$libinit$$00000000) refers (Special) to libinit2.o(.ARM.Collect$$libinit$$0000002E) for __rt_lib_init_alloca_1
    libinit.o(.ARM.Collect$$libinit$$00000000) refers (Special) to libinit2.o(.ARM.Collect$$libinit$$0000002C) for __rt_lib_init_argv_1
    libinit.o(.ARM.Collect$$libinit$$00000000) refers (Special) to libinit2.o(.ARM.Collect$$libinit$$0000001B) for __rt_lib_init_atexit_1
    libinit.o(.ARM.Collect$$libinit$$00000000) refers (Special) to libinit2.o(.ARM.Collect$$libinit$$00000021) for __rt_lib_init_clock_1
    libinit.o(.ARM.Collect$$libinit$$00000000) refers (Special) to libinit2.o(.ARM.Collect$$libinit$$00000032) for __rt_lib_init_cpp_1
    libinit.o(.ARM.Collect$$libinit$$00000000) refers (Special) to libinit2.o(.ARM.Collect$$libinit$$00000030) for __rt_lib_init_exceptions_1
    libinit.o(.ARM.Collect$$libinit$$00000000) refers (Special) to libinit2.o(.ARM.Collect$$libinit$$00000001) for __rt_lib_init_fp_1
    libinit.o(.ARM.Collect$$libinit$$00000000) refers (Special) to libinit2.o(.ARM.Collect$$libinit$$0000001F) for __rt_lib_init_fp_trap_1
    libinit.o(.ARM.Collect$$libinit$$00000000) refers (Special) to libinit2.o(.ARM.Collect$$libinit$$00000023) for __rt_lib_init_getenv_1
    libinit.o(.ARM.Collect$$libinit$$00000000) refers (Special) to libinit2.o(.ARM.Collect$$libinit$$0000000A) for __rt_lib_init_heap_1
    libinit.o(.ARM.Collect$$libinit$$00000000) refers (Special) to libinit2.o(.ARM.Collect$$libinit$$00000011) for __rt_lib_init_lc_collate_1
    libinit.o(.ARM.Collect$$libinit$$00000000) refers (Special) to libinit2.o(.ARM.Collect$$libinit$$00000013) for __rt_lib_init_lc_ctype_1
    libinit.o(.ARM.Collect$$libinit$$00000000) refers (Special) to libinit2.o(.ARM.Collect$$libinit$$00000015) for __rt_lib_init_lc_monetary_1
    libinit.o(.ARM.Collect$$libinit$$00000000) refers (Special) to libinit2.o(.ARM.Collect$$libinit$$00000017) for __rt_lib_init_lc_numeric_1
    libinit.o(.ARM.Collect$$libinit$$00000000) refers (Special) to libinit2.o(.ARM.Collect$$libinit$$00000019) for __rt_lib_init_lc_time_1
    libinit.o(.ARM.Collect$$libinit$$00000000) refers (Special) to libinit2.o(.ARM.Collect$$libinit$$00000004) for __rt_lib_init_preinit_1
    libinit.o(.ARM.Collect$$libinit$$00000000) refers (Special) to libinit2.o(.ARM.Collect$$libinit$$0000000E) for __rt_lib_init_rand_1
    libinit.o(.ARM.Collect$$libinit$$00000000) refers (Special) to libinit2.o(.ARM.Collect$$libinit$$00000033) for __rt_lib_init_return
    libinit.o(.ARM.Collect$$libinit$$00000000) refers (Special) to libinit2.o(.ARM.Collect$$libinit$$0000001D) for __rt_lib_init_signal_1
    libinit.o(.ARM.Collect$$libinit$$00000000) refers (Special) to libinit2.o(.ARM.Collect$$libinit$$00000025) for __rt_lib_init_stdio_1
    libinit.o(.ARM.Collect$$libinit$$00000000) refers (Special) to libinit2.o(.ARM.Collect$$libinit$$0000000C) for __rt_lib_init_user_alloc_1
    libspace.o(.text) refers to libspace.o(.bss) for __libspace_start
    rtexit.o(.ARM.Collect$$rtexit$$00000000) refers (Special) to rtexit2.o(.ARM.Collect$$rtexit$$00000004) for __rt_exit_exit
    rtexit.o(.ARM.Collect$$rtexit$$00000000) refers (Special) to rtexit2.o(.ARM.Collect$$rtexit$$00000003) for __rt_exit_ls
    rtexit.o(.ARM.Collect$$rtexit$$00000000) refers (Special) to rtexit2.o(.ARM.Collect$$rtexit$$00000002) for __rt_exit_prels_1
    rtexit.o(.ARM.exidx) refers (Special) to rtexit2.o(.ARM.Collect$$rtexit$$00000004) for __rt_exit_exit
    rtexit.o(.ARM.exidx) refers (Special) to rtexit2.o(.ARM.Collect$$rtexit$$00000003) for __rt_exit_ls
    rtexit.o(.ARM.exidx) refers (Special) to rtexit2.o(.ARM.Collect$$rtexit$$00000002) for __rt_exit_prels_1
    rtexit.o(.ARM.exidx) refers to rtexit.o(.ARM.Collect$$rtexit$$00000000) for .ARM.Collect$$rtexit$$00000000
    rt_raise.o(.text) refers to __raise.o(.text) for __raise
    rt_raise.o(.text) refers to board.o(i._sys_exit) for _sys_exit
    defsig_exit.o(.text) refers to board.o(i._sys_exit) for _sys_exit
    defsig_fpe_inner.o(.text) refers to defsig_general.o(.text) for __default_signal_display
    libinit2.o(.ARM.Collect$$libinit$$00000001) refers to fpinit.o(x$fpl$fpinit) for _fp_init
    libinit2.o(.ARM.Collect$$libinit$$00000010) refers to libinit2.o(.ARM.Collect$$libinit$$0000000F) for .ARM.Collect$$libinit$$0000000F
    libinit2.o(.ARM.Collect$$libinit$$00000012) refers to libinit2.o(.ARM.Collect$$libinit$$0000000F) for .ARM.Collect$$libinit$$0000000F
    libinit2.o(.ARM.Collect$$libinit$$00000014) refers to libinit2.o(.ARM.Collect$$libinit$$0000000F) for .ARM.Collect$$libinit$$0000000F
    libinit2.o(.ARM.Collect$$libinit$$00000016) refers to libinit2.o(.ARM.Collect$$libinit$$0000000F) for .ARM.Collect$$libinit$$0000000F
    libinit2.o(.ARM.Collect$$libinit$$00000018) refers to libinit2.o(.ARM.Collect$$libinit$$0000000F) for .ARM.Collect$$libinit$$0000000F
    libinit2.o(.ARM.Collect$$libinit$$00000026) refers to argv_veneer.o(.emb_text) for __ARM_argv_veneer
    libinit2.o(.ARM.Collect$$libinit$$00000027) refers to argv_veneer.o(.emb_text) for __ARM_argv_veneer
    rtexit2.o(.ARM.Collect$$rtexit$$00000003) refers to libshutdown.o(.ARM.Collect$$libshutdown$$00000000) for __rt_lib_shutdown
    rtexit2.o(.ARM.Collect$$rtexit$$00000004) refers to board.o(i._sys_exit) for _sys_exit
    rtexit2.o(.ARM.exidx) refers to rtexit2.o(.ARM.Collect$$rtexit$$00000001) for .ARM.Collect$$rtexit$$00000001
    rtexit2.o(.ARM.exidx) refers to rtexit2.o(.ARM.Collect$$rtexit$$00000003) for .ARM.Collect$$rtexit$$00000003
    rtexit2.o(.ARM.exidx) refers to rtexit2.o(.ARM.Collect$$rtexit$$00000004) for .ARM.Collect$$rtexit$$00000004
    __raise.o(.text) refers to defsig.o(CL$$defsig) for __default_signal_handler
    defsig_general.o(.text) refers to sys_wrch.o(.text) for _ttywrch
    argv_veneer.o(.emb_text) refers to no_argv.o(.text) for __ARM_get_argv
    sys_wrch.o(.text) refers (Special) to use_no_semi.o(.text) for __I$use$semihosting
    sys_wrch.o(.text) refers (Special) to indicate_semi.o(.text) for __semihosting_library_function
    defsig.o(CL$$defsig) refers to defsig_fpe_inner.o(.text) for __rt_SIGFPE_inner
    defsig.o(CL$$defsig) refers to defsig_rtmem_inner.o(.text) for __rt_SIGRTMEM_inner
    _get_argv_nomalloc.o(.text) refers (Special) to hrguard.o(.text) for __heap_region$guard
    _get_argv_nomalloc.o(.text) refers to defsig_rtmem_outer.o(.text) for __rt_SIGRTMEM
    _get_argv_nomalloc.o(.text) refers to sys_command.o(.text) for _sys_command_string
    libshutdown.o(.ARM.Collect$$libshutdown$$00000000) refers (Special) to libshutdown2.o(.ARM.Collect$$libshutdown$$00000002) for __rt_lib_shutdown_cpp_1
    libshutdown.o(.ARM.Collect$$libshutdown$$00000000) refers (Special) to libshutdown2.o(.ARM.Collect$$libshutdown$$00000007) for __rt_lib_shutdown_fp_trap_1
    libshutdown.o(.ARM.Collect$$libshutdown$$00000000) refers (Special) to libshutdown2.o(.ARM.Collect$$libshutdown$$0000000F) for __rt_lib_shutdown_heap_1
    libshutdown.o(.ARM.Collect$$libshutdown$$00000000) refers (Special) to libshutdown2.o(.ARM.Collect$$libshutdown$$00000010) for __rt_lib_shutdown_return
    libshutdown.o(.ARM.Collect$$libshutdown$$00000000) refers (Special) to libshutdown2.o(.ARM.Collect$$libshutdown$$0000000A) for __rt_lib_shutdown_signal_1
    libshutdown.o(.ARM.Collect$$libshutdown$$00000000) refers (Special) to libshutdown2.o(.ARM.Collect$$libshutdown$$00000004) for __rt_lib_shutdown_stdio_1
    libshutdown.o(.ARM.Collect$$libshutdown$$00000000) refers (Special) to libshutdown2.o(.ARM.Collect$$libshutdown$$0000000C) for __rt_lib_shutdown_user_alloc_1
    sys_command.o(.text) refers (Special) to use_no_semi.o(.text) for __I$use$semihosting
    sys_command.o(.text) refers (Special) to indicate_semi.o(.text) for __semihosting_library_function
    defsig_abrt_inner.o(.text) refers to defsig_general.o(.text) for __default_signal_display
    defsig_rtred_inner.o(.text) refers to defsig_general.o(.text) for __default_signal_display
    defsig_rtmem_inner.o(.text) refers to defsig_general.o(.text) for __default_signal_display
    defsig_rtmem_outer.o(.text) refers to defsig_rtmem_inner.o(.text) for __rt_SIGRTMEM_inner
    defsig_rtmem_outer.o(.text) refers to defsig_exit.o(.text) for __sig_exit
    defsig_rtmem_formal.o(.text) refers to rt_raise.o(.text) for __rt_raise
    defsig_stak_inner.o(.text) refers to defsig_general.o(.text) for __default_signal_display
    defsig_pvfn_inner.o(.text) refers to defsig_general.o(.text) for __default_signal_display
    defsig_cppl_inner.o(.text) refers to defsig_general.o(.text) for __default_signal_display
    defsig_segv_inner.o(.text) refers to defsig_general.o(.text) for __default_signal_display
    defsig_other.o(.text) refers to defsig_general.o(.text) for __default_signal_display


==============================================================================

Removing Unused input sections from the image.

    Removing sysinit.o(.rev16_text), (4 bytes).
    Removing sysinit.o(.revsh_text), (4 bytes).
    Removing atimer.o(.rev16_text), (4 bytes).
    Removing atimer.o(.revsh_text), (4 bytes).
    Removing atimer_18xx_43xx.o(.rev16_text), (4 bytes).
    Removing atimer_18xx_43xx.o(.revsh_text), (4 bytes).
    Removing atimer_18xx_43xx.o(i.Chip_ATIMER_DeInit), (12 bytes).
    Removing chip_18xx_43xx.o(.rev16_text), (4 bytes).
    Removing chip_18xx_43xx.o(.revsh_text), (4 bytes).
    Removing chip_18xx_43xx.o(i.Chip_USB0_Init), (52 bytes).
    Removing chip_18xx_43xx.o(i.Chip_USB1_Init), (68 bytes).
    Removing chip_18xx_43xx.o(i.Chip_USB_PllSetup), (52 bytes).
    Removing chip_18xx_43xx.o(.constdata), (20 bytes).
    Removing evrt_18xx_43xx.o(.rev16_text), (4 bytes).
    Removing evrt_18xx_43xx.o(.revsh_text), (4 bytes).
    Removing fpu_init.o(.rev16_text), (4 bytes).
    Removing fpu_init.o(.revsh_text), (4 bytes).
    Removing board.o(.rev16_text), (4 bytes).
    Removing board.o(.revsh_text), (4 bytes).
    Removing board.o(i.Board_ADC_Init), (20 bytes).
    Removing board.o(i.Board_Buttons_Init), (2 bytes).
    Removing board.o(i.Board_DAC_Init), (16 bytes).
    Removing board.o(i.Board_I2C_Init), (36 bytes).
    Removing board.o(i.Board_Joystick_Init), (2 bytes).
    Removing board.o(i.Board_LED_Test), (24 bytes).
    Removing board.o(i.Board_LED_Toggle), (22 bytes).
    Removing board.o(i.Board_SSP_Init), (56 bytes).
    Removing board.o(i.Board_UARTGetChar), (24 bytes).
    Removing board.o(i.Board_UARTPutChar), (16 bytes).
    Removing board.o(i.Board_UARTPutSTR), (20 bytes).
    Removing board.o(i.Buttons_GetStatus), (4 bytes).
    Removing board.o(i.Joystick_GetStatus), (4 bytes).
    Removing board.o(i._sys_open), (4 bytes).
    Removing board.o(i.ferror), (6 bytes).
    Removing board.o(i.fgetc), (4 bytes).
    Removing board.o(i.fputc), (12 bytes).
    Removing board.o(.data), (4 bytes).
    Removing board.o(.data), (4 bytes).
    Removing board.o(.data), (4 bytes).
    Removing board_sysinit.o(.rev16_text), (4 bytes).
    Removing board_sysinit.o(.revsh_text), (4 bytes).
    Removing clock_18xx_43xx.o(.rev16_text), (4 bytes).
    Removing clock_18xx_43xx.o(.revsh_text), (4 bytes).
    Removing clock_18xx_43xx.o(i.Chip_Clock_ClearPowerDown), (20 bytes).
    Removing clock_18xx_43xx.o(i.Chip_Clock_Disable), (44 bytes).
    Removing clock_18xx_43xx.o(i.Chip_Clock_DisableBaseClock), (24 bytes).
    Removing clock_18xx_43xx.o(i.Chip_Clock_DisableCrystal), (16 bytes).
    Removing clock_18xx_43xx.o(i.Chip_Clock_DisablePLL), (20 bytes).
    Removing clock_18xx_43xx.o(i.Chip_Clock_Enable), (44 bytes).
    Removing clock_18xx_43xx.o(i.Chip_Clock_EnableBaseClock), (24 bytes).
    Removing clock_18xx_43xx.o(i.Chip_Clock_EnablePLL), (20 bytes).
    Removing clock_18xx_43xx.o(i.Chip_Clock_GetBaseClockOpts), (52 bytes).
    Removing clock_18xx_43xx.o(i.Chip_Clock_GetEMCRate), (44 bytes).
    Removing clock_18xx_43xx.o(i.Chip_Clock_GetPLLStatus), (16 bytes).
    Removing clock_18xx_43xx.o(i.Chip_Clock_IsBaseClockEnabled), (28 bytes).
    Removing clock_18xx_43xx.o(i.Chip_Clock_RTCEnable), (24 bytes).
    Removing clock_18xx_43xx.o(i.Chip_Clock_SetupMainPLLHz), (130 bytes).
    Removing clock_18xx_43xx.o(i.Chip_Clock_SetupMainPLLMult), (144 bytes).
    Removing clock_18xx_43xx.o(i.Chip_Clock_SetupPLL), (52 bytes).
    Removing clock_18xx_43xx.o(i.Chip_Clock_StartPowerDown), (20 bytes).
    Removing clock_18xx_43xx.o(i.Chip_Clock_TestMainPLLMultiplier), (24 bytes).
    Removing gpio_18xx_43xx.o(.rev16_text), (4 bytes).
    Removing gpio_18xx_43xx.o(.revsh_text), (4 bytes).
    Removing gpio_18xx_43xx.o(i.Chip_GPIO_DeInit), (2 bytes).
    Removing uart_18xx_43xx.o(.rev16_text), (4 bytes).
    Removing uart_18xx_43xx.o(.revsh_text), (4 bytes).
    Removing uart_18xx_43xx.o(i.Chip_UART_ABCmd), (56 bytes).
    Removing uart_18xx_43xx.o(i.Chip_UART_CheckBusy), (14 bytes).
    Removing uart_18xx_43xx.o(i.Chip_UART_DeInit), (28 bytes).
    Removing uart_18xx_43xx.o(i.Chip_UART_GetABEOStatus), (12 bytes).
    Removing uart_18xx_43xx.o(i.Chip_UART_IRQRBHandler), (108 bytes).
    Removing uart_18xx_43xx.o(i.Chip_UART_RXIntHandlerRB), (30 bytes).
    Removing uart_18xx_43xx.o(i.Chip_UART_Read), (28 bytes).
    Removing uart_18xx_43xx.o(i.Chip_UART_ReadBlocking), (36 bytes).
    Removing uart_18xx_43xx.o(i.Chip_UART_ReadRB), (16 bytes).
    Removing uart_18xx_43xx.o(i.Chip_UART_Send), (28 bytes).
    Removing uart_18xx_43xx.o(i.Chip_UART_SendBlocking), (36 bytes).
    Removing uart_18xx_43xx.o(i.Chip_UART_SendRB), (64 bytes).
    Removing uart_18xx_43xx.o(i.Chip_UART_SetBaudFDR), (204 bytes).
    Removing uart_18xx_43xx.o(i.Chip_UART_TXIntHandlerRB), (52 bytes).
    Removing uart_18xx_43xx.o(i.RingBuffer_IsEmpty), (16 bytes).
    Removing uart_18xx_43xx.o(.data), (1 bytes).
    Removing sysinit_18xx_43xx.o(.rev16_text), (4 bytes).
    Removing sysinit_18xx_43xx.o(.revsh_text), (4 bytes).
    Removing sysinit_18xx_43xx.o(i.Chip_SetupIrcClocking), (16 bytes).
    Removing sysinit_18xx_43xx.o(i.Chip_SetupXtalClocking), (16 bytes).
    Removing sysinit_18xx_43xx.o(i.Chip_SystemInit), (4 bytes).
    Removing ring_buffer.o(i.RingBuffer_Init), (16 bytes).
    Removing ring_buffer.o(i.RingBuffer_Insert), (48 bytes).
    Removing ring_buffer.o(i.RingBuffer_InsertMult), (122 bytes).
    Removing ring_buffer.o(i.RingBuffer_IsEmpty), (16 bytes).
    Removing ring_buffer.o(i.RingBuffer_IsFull), (20 bytes).
    Removing ring_buffer.o(i.RingBuffer_Pop), (48 bytes).
    Removing ring_buffer.o(i.RingBuffer_PopMult), (118 bytes).

94 unused section(s) (total 2485 bytes) removed from the image.

==============================================================================

Image Symbol Table

    Local Symbols

    Symbol Name                              Value     Ov Type        Size  Object(Section)

    ../clib/angel/boardlib.s                 0x00000000   Number         0  boardinit1.o ABSOLUTE
    ../clib/angel/boardlib.s                 0x00000000   Number         0  boardinit2.o ABSOLUTE
    ../clib/angel/boardlib.s                 0x00000000   Number         0  boardinit3.o ABSOLUTE
    ../clib/angel/boardlib.s                 0x00000000   Number         0  boardshut.o ABSOLUTE
    ../clib/angel/handlers.s                 0x00000000   Number         0  __scatter_copy.o ABSOLUTE
    ../clib/angel/handlers.s                 0x00000000   Number         0  __scatter_zi.o ABSOLUTE
    ../clib/angel/kernel.s                   0x00000000   Number         0  __rtentry.o ABSOLUTE
    ../clib/angel/kernel.s                   0x00000000   Number         0  rtexit.o ABSOLUTE
    ../clib/angel/kernel.s                   0x00000000   Number         0  __rtentry2.o ABSOLUTE
    ../clib/angel/kernel.s                   0x00000000   Number         0  __rtentry4.o ABSOLUTE
    ../clib/angel/kernel.s                   0x00000000   Number         0  rtexit2.o ABSOLUTE
    ../clib/angel/rt.s                       0x00000000   Number         0  rt_raise.o ABSOLUTE
    ../clib/angel/rt.s                       0x00000000   Number         0  aeabi_ldiv0_sigfpe.o ABSOLUTE
    ../clib/angel/rt.s                       0x00000000   Number         0  aeabi_ldiv0.o ABSOLUTE
    ../clib/angel/rt.s                       0x00000000   Number         0  rt_div0.o ABSOLUTE
    ../clib/angel/scatter.s                  0x00000000   Number         0  __scatter.o ABSOLUTE
    ../clib/angel/startup.s                  0x00000000   Number         0  __main.o ABSOLUTE
    ../clib/angel/sys.s                      0x00000000   Number         0  indicate_semi.o ABSOLUTE
    ../clib/angel/sys.s                      0x00000000   Number         0  libspace.o ABSOLUTE
    ../clib/angel/sys.s                      0x00000000   Number         0  sys_stackheap_outer.o ABSOLUTE
    ../clib/angel/sys.s                      0x00000000   Number         0  use_no_semi.o ABSOLUTE
    ../clib/angel/sysapp.c                   0x00000000   Number         0  sys_wrch.o ABSOLUTE
    ../clib/angel/sysapp.c                   0x00000000   Number         0  sys_command.o ABSOLUTE
    ../clib/armsys.c                         0x00000000   Number         0  no_argv.o ABSOLUTE
    ../clib/armsys.c                         0x00000000   Number         0  argv_veneer.o ABSOLUTE
    ../clib/armsys.c                         0x00000000   Number         0  argv_veneer.o ABSOLUTE
    ../clib/armsys.c                         0x00000000   Number         0  _get_argv_nomalloc.o ABSOLUTE
    ../clib/heapalloc.c                      0x00000000   Number         0  hrguard.o ABSOLUTE
    ../clib/heapaux.c                        0x00000000   Number         0  heapauxi.o ABSOLUTE
    ../clib/libinit.s                        0x00000000   Number         0  libshutdown.o ABSOLUTE
    ../clib/libinit.s                        0x00000000   Number         0  libinit.o ABSOLUTE
    ../clib/libinit.s                        0x00000000   Number         0  libshutdown2.o ABSOLUTE
    ../clib/libinit.s                        0x00000000   Number         0  libinit2.o ABSOLUTE
    ../clib/longlong.s                       0x00000000   Number         0  lludivv7m.o ABSOLUTE
    ../clib/memcpset.s                       0x00000000   Number         0  rt_memclr_w.o ABSOLUTE
    ../clib/memcpset.s                       0x00000000   Number         0  rt_memcpy_w.o ABSOLUTE
    ../clib/memcpset.s                       0x00000000   Number         0  rt_memcpy_v6.o ABSOLUTE
    ../clib/signal.c                         0x00000000   Number         0  defsig_rtred_inner.o ABSOLUTE
    ../clib/signal.c                         0x00000000   Number         0  defsig_abrt_inner.o ABSOLUTE
    ../clib/signal.c                         0x00000000   Number         0  __raise.o ABSOLUTE
    ../clib/signal.c                         0x00000000   Number         0  defsig_fpe_inner.o ABSOLUTE
    ../clib/signal.c                         0x00000000   Number         0  defsig_exit.o ABSOLUTE
    ../clib/signal.c                         0x00000000   Number         0  defsig_general.o ABSOLUTE
    ../clib/signal.c                         0x00000000   Number         0  defsig_fpe_formal.o ABSOLUTE
    ../clib/signal.c                         0x00000000   Number         0  defsig_fpe_outer.o ABSOLUTE
    ../clib/signal.c                         0x00000000   Number         0  defsig_other.o ABSOLUTE
    ../clib/signal.c                         0x00000000   Number         0  defsig_segv_inner.o ABSOLUTE
    ../clib/signal.c                         0x00000000   Number         0  defsig_cppl_inner.o ABSOLUTE
    ../clib/signal.c                         0x00000000   Number         0  defsig_pvfn_inner.o ABSOLUTE
    ../clib/signal.c                         0x00000000   Number         0  defsig_stak_inner.o ABSOLUTE
    ../clib/signal.c                         0x00000000   Number         0  defsig_rtmem_formal.o ABSOLUTE
    ../clib/signal.c                         0x00000000   Number         0  defsig_rtmem_outer.o ABSOLUTE
    ../clib/signal.c                         0x00000000   Number         0  defsig_rtmem_inner.o ABSOLUTE
    ../clib/signal.s                         0x00000000   Number         0  defsig.o ABSOLUTE
    ../clib/stdlib.c                         0x00000000   Number         0  exit.o ABSOLUTE
    ../fplib/fpinit.s                        0x00000000   Number         0  fpinit.o ABSOLUTE
    ..\..\..\brd_link4370\src\board.c        0x00000000   Number         0  board.o ABSOLUTE
    ..\..\..\brd_link4370\src\board_sysinit.c 0x00000000   Number         0  board_sysinit.o ABSOLUTE
    ..\..\..\chip_43xx_18xx\src\atimer_18xx_43xx.c 0x00000000   Number         0  atimer_18xx_43xx.o ABSOLUTE
    ..\..\..\chip_43xx_18xx\src\chip_18xx_43xx.c 0x00000000   Number         0  chip_18xx_43xx.o ABSOLUTE
    ..\..\..\chip_43xx_18xx\src\clock_18xx_43xx.c 0x00000000   Number         0  clock_18xx_43xx.o ABSOLUTE
    ..\..\..\chip_43xx_18xx\src\evrt_18xx_43xx.c 0x00000000   Number         0  evrt_18xx_43xx.o ABSOLUTE
    ..\..\..\chip_43xx_18xx\src\fpu_init.c   0x00000000   Number         0  fpu_init.o ABSOLUTE
    ..\..\..\chip_43xx_18xx\src\gpio_18xx_43xx.c 0x00000000   Number         0  gpio_18xx_43xx.o ABSOLUTE
    ..\..\..\chip_43xx_18xx\src\ring_buffer.c 0x00000000   Number         0  ring_buffer.o ABSOLUTE
    ..\..\..\chip_43xx_18xx\src\sysinit_18xx_43xx.c 0x00000000   Number         0  sysinit_18xx_43xx.o ABSOLUTE
    ..\..\..\chip_43xx_18xx\src\uart_18xx_43xx.c 0x00000000   Number         0  uart_18xx_43xx.o ABSOLUTE
    ..\..\..\chip_43xx_18xx\startup\keil_startup_lpc18xx43xx.s 0x00000000   Number         0  keil_startup_lpc18xx43xx.o ABSOLUTE
    ..\..\..\chip_43xx_18xx\startup\sysinit.c 0x00000000   Number         0  sysinit.o ABSOLUTE
    ..\..\..\examples_43xx_18xx\periph_atimer\src\atimer.c 0x00000000   Number         0  atimer.o ABSOLUTE
    ..\\..\\..\\brd_link4370\\src\\board.c   0x00000000   Number         0  board.o ABSOLUTE
    ..\\..\\..\\brd_link4370\\src\\board_sysinit.c 0x00000000   Number         0  board_sysinit.o ABSOLUTE
    ..\\..\\..\\chip_43xx_18xx\\src\\atimer_18xx_43xx.c 0x00000000   Number         0  atimer_18xx_43xx.o ABSOLUTE
    ..\\..\\..\\chip_43xx_18xx\\src\\chip_18xx_43xx.c 0x00000000   Number         0  chip_18xx_43xx.o ABSOLUTE
    ..\\..\\..\\chip_43xx_18xx\\src\\clock_18xx_43xx.c 0x00000000   Number         0  clock_18xx_43xx.o ABSOLUTE
    ..\\..\\..\\chip_43xx_18xx\\src\\evrt_18xx_43xx.c 0x00000000   Number         0  evrt_18xx_43xx.o ABSOLUTE
    ..\\..\\..\\chip_43xx_18xx\\src\\fpu_init.c 0x00000000   Number         0  fpu_init.o ABSOLUTE
    ..\\..\\..\\chip_43xx_18xx\\src\\gpio_18xx_43xx.c 0x00000000   Number         0  gpio_18xx_43xx.o ABSOLUTE
    ..\\..\\..\\chip_43xx_18xx\\src\\sysinit_18xx_43xx.c 0x00000000   Number         0  sysinit_18xx_43xx.o ABSOLUTE
    ..\\..\\..\\chip_43xx_18xx\\src\\uart_18xx_43xx.c 0x00000000   Number         0  uart_18xx_43xx.o ABSOLUTE
    ..\\..\\..\\chip_43xx_18xx\\startup\\sysinit.c 0x00000000   Number         0  sysinit.o ABSOLUTE
    ..\\..\\..\\examples_43xx_18xx\\periph_atimer\\src\\atimer.c 0x00000000   Number         0  atimer.o ABSOLUTE
    dc.s                                     0x00000000   Number         0  dc.o ABSOLUTE
    .data                                    0x10000000   Section        4  chip_18xx_43xx.o(.data)
    .data                                    0x10000004   Section        8  clock_18xx_43xx.o(.data)
    audio_usb_pll_freq                       0x10000004   Data           8  clock_18xx_43xx.o(.data)
    .bss                                     0x1000000c   Section       96  libspace.o(.bss)
    HEAP                                     0x10000070   Section    24576  keil_startup_lpc18xx43xx.o(HEAP)
    Heap_Mem                                 0x10000070   Data       24576  keil_startup_lpc18xx43xx.o(HEAP)
    STACK                                    0x10006070   Section     2048  keil_startup_lpc18xx43xx.o(STACK)
    Stack_Mem                                0x10006070   Data        2048  keil_startup_lpc18xx43xx.o(STACK)
    __initial_sp                             0x10006870   Data           0  keil_startup_lpc18xx43xx.o(STACK)
    RESET                                    0x14000000   Section      276  keil_startup_lpc18xx43xx.o(RESET)
    !!!main                                  0x14000114   Section        8  __main.o(!!!main)
    !!!scatter                               0x1400011c   Section       52  __scatter.o(!!!scatter)
    !!handler_copy                           0x14000150   Section       26  __scatter_copy.o(!!handler_copy)
    !!handler_zi                             0x1400016c   Section       28  __scatter_zi.o(!!handler_zi)
    .ARM.Collect$$libinit$$00000000          0x14000188   Section        2  libinit.o(.ARM.Collect$$libinit$$00000000)
    .ARM.Collect$$libinit$$00000001          0x1400018a   Section        4  libinit2.o(.ARM.Collect$$libinit$$00000001)
    .ARM.Collect$$libinit$$00000004          0x1400018e   Section        0  libinit2.o(.ARM.Collect$$libinit$$00000004)
    .ARM.Collect$$libinit$$0000000A          0x1400018e   Section        0  libinit2.o(.ARM.Collect$$libinit$$0000000A)
    .ARM.Collect$$libinit$$0000000C          0x1400018e   Section        0  libinit2.o(.ARM.Collect$$libinit$$0000000C)
    .ARM.Collect$$libinit$$0000000E          0x1400018e   Section        0  libinit2.o(.ARM.Collect$$libinit$$0000000E)
    .ARM.Collect$$libinit$$00000011          0x1400018e   Section        0  libinit2.o(.ARM.Collect$$libinit$$00000011)
    .ARM.Collect$$libinit$$00000013          0x1400018e   Section        0  libinit2.o(.ARM.Collect$$libinit$$00000013)
    .ARM.Collect$$libinit$$00000015          0x1400018e   Section        0  libinit2.o(.ARM.Collect$$libinit$$00000015)
    .ARM.Collect$$libinit$$00000017          0x1400018e   Section        0  libinit2.o(.ARM.Collect$$libinit$$00000017)
    .ARM.Collect$$libinit$$00000019          0x1400018e   Section        0  libinit2.o(.ARM.Collect$$libinit$$00000019)
    .ARM.Collect$$libinit$$0000001B          0x1400018e   Section        0  libinit2.o(.ARM.Collect$$libinit$$0000001B)
    .ARM.Collect$$libinit$$0000001D          0x1400018e   Section        0  libinit2.o(.ARM.Collect$$libinit$$0000001D)
    .ARM.Collect$$libinit$$0000001F          0x1400018e   Section        0  libinit2.o(.ARM.Collect$$libinit$$0000001F)
    .ARM.Collect$$libinit$$00000021          0x1400018e   Section        0  libinit2.o(.ARM.Collect$$libinit$$00000021)
    .ARM.Collect$$libinit$$00000023          0x1400018e   Section        0  libinit2.o(.ARM.Collect$$libinit$$00000023)
    .ARM.Collect$$libinit$$00000025          0x1400018e   Section        0  libinit2.o(.ARM.Collect$$libinit$$00000025)
    .ARM.Collect$$libinit$$0000002C          0x1400018e   Section        0  libinit2.o(.ARM.Collect$$libinit$$0000002C)
    .ARM.Collect$$libinit$$0000002E          0x1400018e   Section        0  libinit2.o(.ARM.Collect$$libinit$$0000002E)
    .ARM.Collect$$libinit$$00000030          0x1400018e   Section        0  libinit2.o(.ARM.Collect$$libinit$$00000030)
    .ARM.Collect$$libinit$$00000032          0x1400018e   Section        0  libinit2.o(.ARM.Collect$$libinit$$00000032)
    .ARM.Collect$$libinit$$00000033          0x1400018e   Section        2  libinit2.o(.ARM.Collect$$libinit$$00000033)
    .ARM.Collect$$libshutdown$$00000000      0x14000190   Section        2  libshutdown.o(.ARM.Collect$$libshutdown$$00000000)
    .ARM.Collect$$libshutdown$$00000002      0x14000192   Section        0  libshutdown2.o(.ARM.Collect$$libshutdown$$00000002)
    .ARM.Collect$$libshutdown$$00000004      0x14000192   Section        0  libshutdown2.o(.ARM.Collect$$libshutdown$$00000004)
    .ARM.Collect$$libshutdown$$00000007      0x14000192   Section        0  libshutdown2.o(.ARM.Collect$$libshutdown$$00000007)
    .ARM.Collect$$libshutdown$$0000000A      0x14000192   Section        0  libshutdown2.o(.ARM.Collect$$libshutdown$$0000000A)
    .ARM.Collect$$libshutdown$$0000000C      0x14000192   Section        0  libshutdown2.o(.ARM.Collect$$libshutdown$$0000000C)
    .ARM.Collect$$libshutdown$$0000000F      0x14000192   Section        0  libshutdown2.o(.ARM.Collect$$libshutdown$$0000000F)
    .ARM.Collect$$libshutdown$$00000010      0x14000192   Section        2  libshutdown2.o(.ARM.Collect$$libshutdown$$00000010)
    .ARM.Collect$$rtentry$$00000000          0x14000194   Section        0  __rtentry.o(.ARM.Collect$$rtentry$$00000000)
    .ARM.Collect$$rtentry$$00000002          0x14000194   Section        0  __rtentry2.o(.ARM.Collect$$rtentry$$00000002)
    .ARM.Collect$$rtentry$$00000004          0x14000194   Section        6  __rtentry4.o(.ARM.Collect$$rtentry$$00000004)
    .ARM.Collect$$rtentry$$00000009          0x1400019a   Section        0  __rtentry2.o(.ARM.Collect$$rtentry$$00000009)
    .ARM.Collect$$rtentry$$0000000A          0x1400019a   Section        4  __rtentry2.o(.ARM.Collect$$rtentry$$0000000A)
    .ARM.Collect$$rtentry$$0000000C          0x1400019e   Section        0  __rtentry2.o(.ARM.Collect$$rtentry$$0000000C)
    .ARM.Collect$$rtentry$$0000000D          0x1400019e   Section        8  __rtentry2.o(.ARM.Collect$$rtentry$$0000000D)
    .ARM.Collect$$rtexit$$00000000           0x140001a6   Section        2  rtexit.o(.ARM.Collect$$rtexit$$00000000)
    .ARM.Collect$$rtexit$$00000002           0x140001a8   Section        0  rtexit2.o(.ARM.Collect$$rtexit$$00000002)
    .ARM.Collect$$rtexit$$00000003           0x140001a8   Section        4  rtexit2.o(.ARM.Collect$$rtexit$$00000003)
    .ARM.Collect$$rtexit$$00000004           0x140001ac   Section        6  rtexit2.o(.ARM.Collect$$rtexit$$00000004)
    .text                                    0x140001b4   Section       68  keil_startup_lpc18xx43xx.o(.text)
    $v0                                      0x140001b4   Number         0  keil_startup_lpc18xx43xx.o(.text)
    .text                                    0x140001f8   Section      100  rt_memcpy_w.o(.text)
    .text                                    0x1400025c   Section       78  rt_memclr_w.o(.text)
    .text                                    0x140002aa   Section        0  heapauxi.o(.text)
    .text                                    0x140002b0   Section       74  sys_stackheap_outer.o(.text)
    .text                                    0x140002fa   Section        0  exit.o(.text)
    .text                                    0x1400030c   Section        8  libspace.o(.text)
    i.ABS                                    0x14000314   Section        0  clock_18xx_43xx.o(i.ABS)
    ABS                                      0x14000315   Thumb Code     8  clock_18xx_43xx.o(i.ABS)
    i.ATIMER_ClearInts                       0x1400031c   Section        0  atimer.o(i.ATIMER_ClearInts)
    ATIMER_ClearInts                         0x1400031d   Thumb Code    16  atimer.o(i.ATIMER_ClearInts)
    i.Board_Debug_Init                       0x14000334   Section        0  board.o(i.Board_Debug_Init)
    i.Board_Init                             0x1400035c   Section        0  board.o(i.Board_Init)
    i.Board_LED_Set                          0x14000384   Section        0  board.o(i.Board_LED_Set)
    i.Board_SetupClocking                    0x14000394   Section        0  board_sysinit.o(i.Board_SetupClocking)
    i.Board_SetupMuxing                      0x1400041c   Section        0  board_sysinit.o(i.Board_SetupMuxing)
    i.Board_SystemInit                       0x14000438   Section        0  board_sysinit.o(i.Board_SystemInit)
    i.Board_UART_Init                        0x14000448   Section        0  board.o(i.Board_UART_Init)
    i.Chip_ATIMER_Init                       0x14000478   Section        0  atimer_18xx_43xx.o(i.Chip_ATIMER_Init)
    i.Chip_Clock_CalcMainPLLValue            0x14000484   Section        0  clock_18xx_43xx.o(i.Chip_Clock_CalcMainPLLValue)
    i.Chip_Clock_EnableCrystal               0x140004f4   Section        0  clock_18xx_43xx.o(i.Chip_Clock_EnableCrystal)
    i.Chip_Clock_EnableOpts                  0x14000538   Section        0  clock_18xx_43xx.o(i.Chip_Clock_EnableOpts)
    i.Chip_Clock_GetBaseClock                0x1400056c   Section        0  clock_18xx_43xx.o(i.Chip_Clock_GetBaseClock)
    i.Chip_Clock_GetBaseClocktHz             0x1400058c   Section        0  clock_18xx_43xx.o(i.Chip_Clock_GetBaseClocktHz)
    i.Chip_Clock_GetClockInputHz             0x1400059c   Section        0  clock_18xx_43xx.o(i.Chip_Clock_GetClockInputHz)
    i.Chip_Clock_GetDivRate                  0x1400063c   Section        0  clock_18xx_43xx.o(i.Chip_Clock_GetDivRate)
    Chip_Clock_GetDivRate                    0x1400063d   Thumb Code    34  clock_18xx_43xx.o(i.Chip_Clock_GetDivRate)
    i.Chip_Clock_GetDividerDivisor           0x14000660   Section        0  clock_18xx_43xx.o(i.Chip_Clock_GetDividerDivisor)
    i.Chip_Clock_GetDividerSource            0x14000680   Section        0  clock_18xx_43xx.o(i.Chip_Clock_GetDividerSource)
    i.Chip_Clock_GetMainPLLHz                0x1400069c   Section        0  clock_18xx_43xx.o(i.Chip_Clock_GetMainPLLHz)
    i.Chip_Clock_GetRate                     0x140006f8   Section        0  clock_18xx_43xx.o(i.Chip_Clock_GetRate)
    i.Chip_Clock_SetBaseClock                0x14000770   Section        0  clock_18xx_43xx.o(i.Chip_Clock_SetBaseClock)
    i.Chip_Clock_SetDivider                  0x140007a8   Section        0  clock_18xx_43xx.o(i.Chip_Clock_SetDivider)
    i.Chip_Clock_SetupMainPLL                0x140007ec   Section        0  sysinit_18xx_43xx.o(i.Chip_Clock_SetupMainPLL)
    Chip_Clock_SetupMainPLL                  0x140007ed   Thumb Code    36  sysinit_18xx_43xx.o(i.Chip_Clock_SetupMainPLL)
    i.Chip_EVRT_ConfigIntSrcActiveType       0x14000814   Section        0  evrt_18xx_43xx.o(i.Chip_EVRT_ConfigIntSrcActiveType)
    i.Chip_EVRT_Init                         0x14000854   Section        0  evrt_18xx_43xx.o(i.Chip_EVRT_Init)
    i.Chip_EVRT_IsSourceInterrupting         0x14000890   Section        0  evrt_18xx_43xx.o(i.Chip_EVRT_IsSourceInterrupting)
    i.Chip_EVRT_SetUpIntSrc                  0x140008a8   Section        0  evrt_18xx_43xx.o(i.Chip_EVRT_SetUpIntSrc)
    i.Chip_GPIO_Init                         0x140008c0   Section        0  gpio_18xx_43xx.o(i.Chip_GPIO_Init)
    i.Chip_SCU_SetPinMuxing                  0x140008c4   Section        0  board_sysinit.o(i.Chip_SCU_SetPinMuxing)
    Chip_SCU_SetPinMuxing                    0x140008c5   Thumb Code    36  board_sysinit.o(i.Chip_SCU_SetPinMuxing)
    i.Chip_SetupCoreClock                    0x140008ec   Section        0  sysinit_18xx_43xx.o(i.Chip_SetupCoreClock)
    i.Chip_UART_GetIndex                     0x140009dc   Section        0  uart_18xx_43xx.o(i.Chip_UART_GetIndex)
    Chip_UART_GetIndex                       0x140009dd   Thumb Code    40  uart_18xx_43xx.o(i.Chip_UART_GetIndex)
    i.Chip_UART_Init                         0x14000a08   Section        0  uart_18xx_43xx.o(i.Chip_UART_Init)
    i.Chip_UART_SetBaud                      0x14000a54   Section        0  uart_18xx_43xx.o(i.Chip_UART_SetBaud)
    i.EVRT_IRQHandler                        0x14000a9c   Section        0  atimer.o(i.EVRT_IRQHandler)
    i.SystemCoreClockUpdate                  0x14000ab4   Section        0  chip_18xx_43xx.o(i.SystemCoreClockUpdate)
    i.SystemInit                             0x14000ac8   Section        0  sysinit.o(i.SystemInit)
    i._sys_exit                              0x14000ae4   Section        0  board.o(i._sys_exit)
    i.fpuInit                                0x14000ae8   Section        0  fpu_init.o(i.fpuInit)
    i.main                                   0x14000b24   Section        0  atimer.o(i.main)
    i.pll_calc_divs                          0x14000b78   Section        0  clock_18xx_43xx.o(i.pll_calc_divs)
    pll_calc_divs                            0x14000b79   Thumb Code   152  clock_18xx_43xx.o(i.pll_calc_divs)
    i.pll_get_frac                           0x14000c18   Section        0  clock_18xx_43xx.o(i.pll_get_frac)
    pll_get_frac                             0x14000c19   Thumb Code   184  clock_18xx_43xx.o(i.pll_get_frac)
    x$fpl$fpinit                             0x14000cd4   Section       10  fpinit.o(x$fpl$fpinit)
    $v0                                      0x14000cd4   Number         0  fpinit.o(x$fpl$fpinit)
    .constdata                               0x14000ce0   Section        4  board.o(.constdata)
    .constdata                               0x14000ce4   Section        4  board.o(.constdata)
    .constdata                               0x14000ce8   Section       44  board_sysinit.o(.constdata)
    pinmuxing                                0x14000ce8   Data           4  board_sysinit.o(.constdata)
    InitClkStates                            0x14000cec   Data          16  board_sysinit.o(.constdata)
    spifipinmuxing                           0x14000cfc   Data          24  board_sysinit.o(.constdata)
    .constdata                               0x14000d14   Section      108  clock_18xx_43xx.o(.constdata)
    periph_to_base                           0x14000d14   Data         108  clock_18xx_43xx.o(.constdata)
    .constdata                               0x14000d80   Section       16  uart_18xx_43xx.o(.constdata)
    UART_PClock                              0x14000d80   Data           8  uart_18xx_43xx.o(.constdata)
    UART_BClock                              0x14000d88   Data           8  uart_18xx_43xx.o(.constdata)
    .constdata                               0x14000d90   Section       72  sysinit_18xx_43xx.o(.constdata)
    InitClkStates                            0x14000d90   Data          72  sysinit_18xx_43xx.o(.constdata)

    Global Symbols

    Symbol Name                              Value     Ov Type        Size  Object(Section)

    BuildAttributes$$THM_ISAv4$E$P$D$K$B$S$7EM$VFPi3$EXTD16$VFPS$VFMA$PE$A:L22UL41UL21$X:L11$S22US41US21$IEEE1$IW$USESV6$~STKCKD$USESV7$~SHL$OSPACE$ROPI$EBA8$UX$STANDARDLIB$REQ8$PRES8$EABIv2 0x00000000   Number         0  anon$$obj.o ABSOLUTE
    __ARM_use_no_argv                        0x00000000   Number         0  atimer.o ABSOLUTE
    __ARM_exceptions_init                     - Undefined Weak Reference
    __alloca_initialize                       - Undefined Weak Reference
    __arm_preinit_                            - Undefined Weak Reference
    __cpp_initialize__aeabi_                  - Undefined Weak Reference
    __cxa_finalize                            - Undefined Weak Reference
    __rt_locale                               - Undefined Weak Reference
    __sigvec_lookup                           - Undefined Weak Reference
    _atexit_init                              - Undefined Weak Reference
    _call_atexit_fns                          - Undefined Weak Reference
    _clock_init                               - Undefined Weak Reference
    _fp_trap_init                             - Undefined Weak Reference
    _fp_trap_shutdown                         - Undefined Weak Reference
    _get_lc_collate                           - Undefined Weak Reference
    _get_lc_ctype                             - Undefined Weak Reference
    _get_lc_monetary                          - Undefined Weak Reference
    _get_lc_numeric                           - Undefined Weak Reference
    _get_lc_time                              - Undefined Weak Reference
    _getenv_init                              - Undefined Weak Reference
    _handle_redirection                       - Undefined Weak Reference
    _init_alloc                               - Undefined Weak Reference
    _init_user_alloc                          - Undefined Weak Reference
    _initio                                   - Undefined Weak Reference
    _rand_init                                - Undefined Weak Reference
    _signal_finish                            - Undefined Weak Reference
    _signal_init                              - Undefined Weak Reference
    _terminate_alloc                          - Undefined Weak Reference
    _terminate_user_alloc                     - Undefined Weak Reference
    _terminateio                              - Undefined Weak Reference
    SystemCoreClock                          0x10000000   Data           4  chip_18xx_43xx.o(.data)
    __libspace_start                         0x1000000c   Data          96  libspace.o(.bss)
    __temporary_stack_top$libspace           0x1000006c   Data           0  libspace.o(.bss)
    __Vectors                                0x14000000   Data           4  keil_startup_lpc18xx43xx.o(RESET)
    __main                                   0x14000115   Thumb Code     8  __main.o(!!!main)
    __scatterload                            0x1400011d   Thumb Code     0  __scatter.o(!!!scatter)
    __scatterload_rt2                        0x1400011d   Thumb Code    44  __scatter.o(!!!scatter)
    __scatterload_rt2_thumb_only             0x1400011d   Thumb Code     0  __scatter.o(!!!scatter)
    __scatterload_null                       0x1400012b   Thumb Code     0  __scatter.o(!!!scatter)
    __scatterload_copy                       0x14000151   Thumb Code    26  __scatter_copy.o(!!handler_copy)
    __scatterload_zeroinit                   0x1400016d   Thumb Code    28  __scatter_zi.o(!!handler_zi)
    __rt_lib_init                            0x14000189   Thumb Code     0  libinit.o(.ARM.Collect$$libinit$$00000000)
    __rt_lib_init_fp_1                       0x1400018b   Thumb Code     0  libinit2.o(.ARM.Collect$$libinit$$00000001)
    __rt_lib_init_alloca_1                   0x1400018f   Thumb Code     0  libinit2.o(.ARM.Collect$$libinit$$0000002E)
    __rt_lib_init_argv_1                     0x1400018f   Thumb Code     0  libinit2.o(.ARM.Collect$$libinit$$0000002C)
    __rt_lib_init_atexit_1                   0x1400018f   Thumb Code     0  libinit2.o(.ARM.Collect$$libinit$$0000001B)
    __rt_lib_init_clock_1                    0x1400018f   Thumb Code     0  libinit2.o(.ARM.Collect$$libinit$$00000021)
    __rt_lib_init_cpp_1                      0x1400018f   Thumb Code     0  libinit2.o(.ARM.Collect$$libinit$$00000032)
    __rt_lib_init_exceptions_1               0x1400018f   Thumb Code     0  libinit2.o(.ARM.Collect$$libinit$$00000030)
    __rt_lib_init_fp_trap_1                  0x1400018f   Thumb Code     0  libinit2.o(.ARM.Collect$$libinit$$0000001F)
    __rt_lib_init_getenv_1                   0x1400018f   Thumb Code     0  libinit2.o(.ARM.Collect$$libinit$$00000023)
    __rt_lib_init_heap_1                     0x1400018f   Thumb Code     0  libinit2.o(.ARM.Collect$$libinit$$0000000A)
    __rt_lib_init_lc_collate_1               0x1400018f   Thumb Code     0  libinit2.o(.ARM.Collect$$libinit$$00000011)
    __rt_lib_init_lc_ctype_1                 0x1400018f   Thumb Code     0  libinit2.o(.ARM.Collect$$libinit$$00000013)
    __rt_lib_init_lc_monetary_1              0x1400018f   Thumb Code     0  libinit2.o(.ARM.Collect$$libinit$$00000015)
    __rt_lib_init_lc_numeric_1               0x1400018f   Thumb Code     0  libinit2.o(.ARM.Collect$$libinit$$00000017)
    __rt_lib_init_lc_time_1                  0x1400018f   Thumb Code     0  libinit2.o(.ARM.Collect$$libinit$$00000019)
    __rt_lib_init_preinit_1                  0x1400018f   Thumb Code     0  libinit2.o(.ARM.Collect$$libinit$$00000004)
    __rt_lib_init_rand_1                     0x1400018f   Thumb Code     0  libinit2.o(.ARM.Collect$$libinit$$0000000E)
    __rt_lib_init_return                     0x1400018f   Thumb Code     0  libinit2.o(.ARM.Collect$$libinit$$00000033)
    __rt_lib_init_signal_1                   0x1400018f   Thumb Code     0  libinit2.o(.ARM.Collect$$libinit$$0000001D)
    __rt_lib_init_stdio_1                    0x1400018f   Thumb Code     0  libinit2.o(.ARM.Collect$$libinit$$00000025)
    __rt_lib_init_user_alloc_1               0x1400018f   Thumb Code     0  libinit2.o(.ARM.Collect$$libinit$$0000000C)
    __rt_lib_shutdown                        0x14000191   Thumb Code     0  libshutdown.o(.ARM.Collect$$libshutdown$$00000000)
    __rt_lib_shutdown_cpp_1                  0x14000193   Thumb Code     0  libshutdown2.o(.ARM.Collect$$libshutdown$$00000002)
    __rt_lib_shutdown_fp_trap_1              0x14000193   Thumb Code     0  libshutdown2.o(.ARM.Collect$$libshutdown$$00000007)
    __rt_lib_shutdown_heap_1                 0x14000193   Thumb Code     0  libshutdown2.o(.ARM.Collect$$libshutdown$$0000000F)
    __rt_lib_shutdown_return                 0x14000193   Thumb Code     0  libshutdown2.o(.ARM.Collect$$libshutdown$$00000010)
    __rt_lib_shutdown_signal_1               0x14000193   Thumb Code     0  libshutdown2.o(.ARM.Collect$$libshutdown$$0000000A)
    __rt_lib_shutdown_stdio_1                0x14000193   Thumb Code     0  libshutdown2.o(.ARM.Collect$$libshutdown$$00000004)
    __rt_lib_shutdown_user_alloc_1           0x14000193   Thumb Code     0  libshutdown2.o(.ARM.Collect$$libshutdown$$0000000C)
    __rt_entry                               0x14000195   Thumb Code     0  __rtentry.o(.ARM.Collect$$rtentry$$00000000)
    __rt_entry_presh_1                       0x14000195   Thumb Code     0  __rtentry2.o(.ARM.Collect$$rtentry$$00000002)
    __rt_entry_sh                            0x14000195   Thumb Code     0  __rtentry4.o(.ARM.Collect$$rtentry$$00000004)
    __rt_entry_li                            0x1400019b   Thumb Code     0  __rtentry2.o(.ARM.Collect$$rtentry$$0000000A)
    __rt_entry_postsh_1                      0x1400019b   Thumb Code     0  __rtentry2.o(.ARM.Collect$$rtentry$$00000009)
    __rt_entry_main                          0x1400019f   Thumb Code     0  __rtentry2.o(.ARM.Collect$$rtentry$$0000000D)
    __rt_entry_postli_1                      0x1400019f   Thumb Code     0  __rtentry2.o(.ARM.Collect$$rtentry$$0000000C)
    __rt_exit                                0x140001a7   Thumb Code     0  rtexit.o(.ARM.Collect$$rtexit$$00000000)
    __rt_exit_ls                             0x140001a9   Thumb Code     0  rtexit2.o(.ARM.Collect$$rtexit$$00000003)
    __rt_exit_prels_1                        0x140001a9   Thumb Code     0  rtexit2.o(.ARM.Collect$$rtexit$$00000002)
    __rt_exit_exit                           0x140001ad   Thumb Code     0  rtexit2.o(.ARM.Collect$$rtexit$$00000004)
    Reset_Handler                            0x140001b5   Thumb Code     8  keil_startup_lpc18xx43xx.o(.text)
    NMI_Handler                              0x140001bd   Thumb Code     2  keil_startup_lpc18xx43xx.o(.text)
    HardFault_Handler                        0x140001bf   Thumb Code     2  keil_startup_lpc18xx43xx.o(.text)
    MemManage_Handler                        0x140001c1   Thumb Code     2  keil_startup_lpc18xx43xx.o(.text)
    BusFault_Handler                         0x140001c3   Thumb Code     2  keil_startup_lpc18xx43xx.o(.text)
    UsageFault_Handler                       0x140001c5   Thumb Code     2  keil_startup_lpc18xx43xx.o(.text)
    SVC_Handler                              0x140001c7   Thumb Code     2  keil_startup_lpc18xx43xx.o(.text)
    DebugMon_Handler                         0x140001c9   Thumb Code     2  keil_startup_lpc18xx43xx.o(.text)
    PendSV_Handler                           0x140001cb   Thumb Code     2  keil_startup_lpc18xx43xx.o(.text)
    SysTick_Handler                          0x140001cd   Thumb Code     2  keil_startup_lpc18xx43xx.o(.text)
    UnHandled_Vector                         0x140001cf   Thumb Code     2  keil_startup_lpc18xx43xx.o(.text)
    ADC0_IRQHandler                          0x140001d1   Thumb Code     0  keil_startup_lpc18xx43xx.o(.text)
    ADC1_IRQHandler                          0x140001d1   Thumb Code     0  keil_startup_lpc18xx43xx.o(.text)
    ADCHS_IRQHandler                         0x140001d1   Thumb Code     0  keil_startup_lpc18xx43xx.o(.text)
    ATIMER_IRQHandler                        0x140001d1   Thumb Code     0  keil_startup_lpc18xx43xx.o(.text)
    CAN0_IRQHandler                          0x140001d1   Thumb Code     0  keil_startup_lpc18xx43xx.o(.text)
    CAN1_IRQHandler                          0x140001d1   Thumb Code     0  keil_startup_lpc18xx43xx.o(.text)
    DAC_IRQHandler                           0x140001d1   Thumb Code     0  keil_startup_lpc18xx43xx.o(.text)
    DMA_IRQHandler                           0x140001d1   Thumb Code     0  keil_startup_lpc18xx43xx.o(.text)
    ETH_IRQHandler                           0x140001d1   Thumb Code     0  keil_startup_lpc18xx43xx.o(.text)
    FLASHEEPROM_IRQHandler                   0x140001d1   Thumb Code     0  keil_startup_lpc18xx43xx.o(.text)
    GINT0_IRQHandler                         0x140001d1   Thumb Code     0  keil_startup_lpc18xx43xx.o(.text)
    GINT1_IRQHandler                         0x140001d1   Thumb Code     0  keil_startup_lpc18xx43xx.o(.text)
    GPIO0_IRQHandler                         0x140001d1   Thumb Code     0  keil_startup_lpc18xx43xx.o(.text)
    GPIO1_IRQHandler                         0x140001d1   Thumb Code     0  keil_startup_lpc18xx43xx.o(.text)
    GPIO2_IRQHandler                         0x140001d1   Thumb Code     0  keil_startup_lpc18xx43xx.o(.text)
    GPIO3_IRQHandler                         0x140001d1   Thumb Code     0  keil_startup_lpc18xx43xx.o(.text)
    GPIO4_IRQHandler                         0x140001d1   Thumb Code     0  keil_startup_lpc18xx43xx.o(.text)
    GPIO5_IRQHandler                         0x140001d1   Thumb Code     0  keil_startup_lpc18xx43xx.o(.text)
    GPIO6_IRQHandler                         0x140001d1   Thumb Code     0  keil_startup_lpc18xx43xx.o(.text)
    GPIO7_IRQHandler                         0x140001d1   Thumb Code     0  keil_startup_lpc18xx43xx.o(.text)
    I2C0_IRQHandler                          0x140001d1   Thumb Code     0  keil_startup_lpc18xx43xx.o(.text)
    I2C1_IRQHandler                          0x140001d1   Thumb Code     0  keil_startup_lpc18xx43xx.o(.text)
    I2S0_IRQHandler                          0x140001d1   Thumb Code     0  keil_startup_lpc18xx43xx.o(.text)
    I2S1_IRQHandler                          0x140001d1   Thumb Code     0  keil_startup_lpc18xx43xx.o(.text)
    LCD_IRQHandler                           0x140001d1   Thumb Code     0  keil_startup_lpc18xx43xx.o(.text)
    MCPWM_IRQHandler                         0x140001d1   Thumb Code     0  keil_startup_lpc18xx43xx.o(.text)
    MX_CORE_IRQHandler                       0x140001d1   Thumb Code     0  keil_startup_lpc18xx43xx.o(.text)
    QEI_IRQHandler                           0x140001d1   Thumb Code     0  keil_startup_lpc18xx43xx.o(.text)
    RIT_IRQHandler                           0x140001d1   Thumb Code     0  keil_startup_lpc18xx43xx.o(.text)
    RTC_IRQHandler                           0x140001d1   Thumb Code     0  keil_startup_lpc18xx43xx.o(.text)
    SCT_IRQHandler                           0x140001d1   Thumb Code     0  keil_startup_lpc18xx43xx.o(.text)
    SDIO_IRQHandler                          0x140001d1   Thumb Code     0  keil_startup_lpc18xx43xx.o(.text)
    SGPIO_IRQHandler                         0x140001d1   Thumb Code     0  keil_startup_lpc18xx43xx.o(.text)
    SPIFI_IRQHandler                         0x140001d1   Thumb Code     0  keil_startup_lpc18xx43xx.o(.text)
    SPI_IRQHandler                           0x140001d1   Thumb Code     0  keil_startup_lpc18xx43xx.o(.text)
    SSP0_IRQHandler                          0x140001d1   Thumb Code     0  keil_startup_lpc18xx43xx.o(.text)
    SSP1_IRQHandler                          0x140001d1   Thumb Code     0  keil_startup_lpc18xx43xx.o(.text)
    TIMER0_IRQHandler                        0x140001d1   Thumb Code     0  keil_startup_lpc18xx43xx.o(.text)
    TIMER1_IRQHandler                        0x140001d1   Thumb Code     0  keil_startup_lpc18xx43xx.o(.text)
    TIMER2_IRQHandler                        0x140001d1   Thumb Code     0  keil_startup_lpc18xx43xx.o(.text)
    TIMER3_IRQHandler                        0x140001d1   Thumb Code     0  keil_startup_lpc18xx43xx.o(.text)
    UART0_IRQHandler                         0x140001d1   Thumb Code     0  keil_startup_lpc18xx43xx.o(.text)
    UART1_IRQHandler                         0x140001d1   Thumb Code     0  keil_startup_lpc18xx43xx.o(.text)
    UART2_IRQHandler                         0x140001d1   Thumb Code     0  keil_startup_lpc18xx43xx.o(.text)
    UART3_IRQHandler                         0x140001d1   Thumb Code     0  keil_startup_lpc18xx43xx.o(.text)
    USB0_IRQHandler                          0x140001d1   Thumb Code     0  keil_startup_lpc18xx43xx.o(.text)
    USB1_IRQHandler                          0x140001d1   Thumb Code     0  keil_startup_lpc18xx43xx.o(.text)
    WDT_IRQHandler                           0x140001d1   Thumb Code     0  keil_startup_lpc18xx43xx.o(.text)
    __user_initial_stackheap                 0x140001d5   Thumb Code     0  keil_startup_lpc18xx43xx.o(.text)
    __aeabi_memcpy4                          0x140001f9   Thumb Code     0  rt_memcpy_w.o(.text)
    __aeabi_memcpy8                          0x140001f9   Thumb Code     0  rt_memcpy_w.o(.text)
    __rt_memcpy_w                            0x140001f9   Thumb Code   100  rt_memcpy_w.o(.text)
    _memcpy_lastbytes_aligned                0x14000241   Thumb Code     0  rt_memcpy_w.o(.text)
    __aeabi_memclr4                          0x1400025d   Thumb Code     0  rt_memclr_w.o(.text)
    __aeabi_memclr8                          0x1400025d   Thumb Code     0  rt_memclr_w.o(.text)
    __rt_memclr_w                            0x1400025d   Thumb Code    78  rt_memclr_w.o(.text)
    _memset_w                                0x14000261   Thumb Code     0  rt_memclr_w.o(.text)
    __use_two_region_memory                  0x140002ab   Thumb Code     2  heapauxi.o(.text)
    __rt_heap_escrow$2region                 0x140002ad   Thumb Code     2  heapauxi.o(.text)
    __rt_heap_expand$2region                 0x140002af   Thumb Code     2  heapauxi.o(.text)
    __user_setup_stackheap                   0x140002b1   Thumb Code    74  sys_stackheap_outer.o(.text)
    exit                                     0x140002fb   Thumb Code    18  exit.o(.text)
    __user_libspace                          0x1400030d   Thumb Code     8  libspace.o(.text)
    __user_perproc_libspace                  0x1400030d   Thumb Code     0  libspace.o(.text)
    __user_perthread_libspace                0x1400030d   Thumb Code     0  libspace.o(.text)
    Board_Debug_Init                         0x14000335   Thumb Code    36  board.o(i.Board_Debug_Init)
    Board_Init                               0x1400035d   Thumb Code    30  board.o(i.Board_Init)
    Board_LED_Set                            0x14000385   Thumb Code    10  board.o(i.Board_LED_Set)
    Board_SetupClocking                      0x14000395   Thumb Code   118  board_sysinit.o(i.Board_SetupClocking)
    Board_SetupMuxing                        0x1400041d   Thumb Code    24  board_sysinit.o(i.Board_SetupMuxing)
    Board_SystemInit                         0x14000439   Thumb Code    14  board_sysinit.o(i.Board_SystemInit)
    Board_UART_Init                          0x14000449   Thumb Code    32  board.o(i.Board_UART_Init)
    Chip_ATIMER_Init                         0x14000479   Thumb Code    10  atimer_18xx_43xx.o(i.Chip_ATIMER_Init)
    Chip_Clock_CalcMainPLLValue              0x14000485   Thumb Code    98  clock_18xx_43xx.o(i.Chip_Clock_CalcMainPLLValue)
    Chip_Clock_EnableCrystal                 0x140004f5   Thumb Code    54  clock_18xx_43xx.o(i.Chip_Clock_EnableCrystal)
    Chip_Clock_EnableOpts                    0x14000539   Thumb Code    46  clock_18xx_43xx.o(i.Chip_Clock_EnableOpts)
    Chip_Clock_GetBaseClock                  0x1400056d   Thumb Code    26  clock_18xx_43xx.o(i.Chip_Clock_GetBaseClock)
    Chip_Clock_GetBaseClocktHz               0x1400058d   Thumb Code    14  clock_18xx_43xx.o(i.Chip_Clock_GetBaseClocktHz)
    Chip_Clock_GetClockInputHz               0x1400059d   Thumb Code   132  clock_18xx_43xx.o(i.Chip_Clock_GetClockInputHz)
    Chip_Clock_GetDividerDivisor             0x14000661   Thumb Code    18  clock_18xx_43xx.o(i.Chip_Clock_GetDividerDivisor)
    Chip_Clock_GetDividerSource              0x14000681   Thumb Code    22  clock_18xx_43xx.o(i.Chip_Clock_GetDividerSource)
    Chip_Clock_GetMainPLLHz                  0x1400069d   Thumb Code    84  clock_18xx_43xx.o(i.Chip_Clock_GetMainPLLHz)
    Chip_Clock_GetRate                       0x140006f9   Thumb Code   112  clock_18xx_43xx.o(i.Chip_Clock_GetRate)
    Chip_Clock_SetBaseClock                  0x14000771   Thumb Code    48  clock_18xx_43xx.o(i.Chip_Clock_SetBaseClock)
    Chip_Clock_SetDivider                    0x140007a9   Thumb Code    50  clock_18xx_43xx.o(i.Chip_Clock_SetDivider)
    Chip_EVRT_ConfigIntSrcActiveType         0x14000815   Thumb Code    58  evrt_18xx_43xx.o(i.Chip_EVRT_ConfigIntSrcActiveType)
    Chip_EVRT_Init                           0x14000855   Thumb Code    46  evrt_18xx_43xx.o(i.Chip_EVRT_Init)
    Chip_EVRT_IsSourceInterrupting           0x14000891   Thumb Code    20  evrt_18xx_43xx.o(i.Chip_EVRT_IsSourceInterrupting)
    Chip_EVRT_SetUpIntSrc                    0x140008a9   Thumb Code    20  evrt_18xx_43xx.o(i.Chip_EVRT_SetUpIntSrc)
    Chip_GPIO_Init                           0x140008c1   Thumb Code     2  gpio_18xx_43xx.o(i.Chip_GPIO_Init)
    Chip_SetupCoreClock                      0x140008ed   Thumb Code   226  sysinit_18xx_43xx.o(i.Chip_SetupCoreClock)
    Chip_UART_Init                           0x14000a09   Thumb Code    66  uart_18xx_43xx.o(i.Chip_UART_Init)
    Chip_UART_SetBaud                        0x14000a55   Thumb Code    66  uart_18xx_43xx.o(i.Chip_UART_SetBaud)
    EVRT_IRQHandler                          0x14000a9d   Thumb Code    22  atimer.o(i.EVRT_IRQHandler)
    SystemCoreClockUpdate                    0x14000ab5   Thumb Code    14  chip_18xx_43xx.o(i.SystemCoreClockUpdate)
    SystemInit                               0x14000ac9   Thumb Code    20  sysinit.o(i.SystemInit)
    _sys_exit                                0x14000ae5   Thumb Code     4  board.o(i._sys_exit)
    fpuInit                                  0x14000ae9   Thumb Code    46  fpu_init.o(i.fpuInit)
    main                                     0x14000b25   Thumb Code    76  atimer.o(i.main)
    _fp_init                                 0x14000cd5   Thumb Code    10  fpinit.o(x$fpl$fpinit)
    __fplib_config_fpu_vfp                   0x14000cdd   Thumb Code     0  fpinit.o(x$fpl$fpinit)
    __fplib_config_pureend_doubles           0x14000cdd   Thumb Code     0  fpinit.o(x$fpl$fpinit)
    ExtRateIn                                0x14000ce0   Data           4  board.o(.constdata)
    OscRateIn                                0x14000ce4   Data           4  board.o(.constdata)
    Region$$Table$$Base                      0x14000dd8   Number         0  anon$$obj.o(Region$$Table)
    Region$$Table$$Limit                     0x14000df8   Number         0  anon$$obj.o(Region$$Table)



==============================================================================

Memory Map of the image

  Image Entry point : 0x14000115

  Load Region LR_IROM1 (Base: 0x14000000, Size: 0x00000e04, Max: 0x00010000, ABSOLUTE)

    Execution Region RW_IRAM1 (Exec base: 0x10000000, Load base: 0x14000df8, Size: 0x00006870, Max: 0x00020000, ABSOLUTE)

    Exec Addr    Load Addr    Size         Type   Attr      Idx    E Section Name        Object

    0x10000000   0x14000df8   0x00000004   Data   RW          498    .data               lib_lpc_chip_43xx.lib(chip_18xx_43xx.o)
    0x10000004   0x14000dfc   0x00000008   Data   RW         1048    .data               lib_lpc_chip_43xx.lib(clock_18xx_43xx.o)
    0x1000000c        -       0x00000060   Zero   RW         1534    .bss                c_w.l(libspace.o)
    0x1000006c   0x14000e04   0x00000004   PAD
    0x10000070        -       0x00006000   Zero   RW          271    HEAP                keil_startup_lpc18xx43xx.o
    0x10006070        -       0x00000800   Zero   RW          270    STACK               keil_startup_lpc18xx43xx.o


    Execution Region ER_IROM1 (Exec base: 0x14000000, Load base: 0x14000000, Size: 0x00000df8, Max: 0x00010000, ABSOLUTE)

    Exec Addr    Load Addr    Size         Type   Attr      Idx    E Section Name        Object

    0x14000000   0x14000000   0x00000114   Data   RO          272    RESET               keil_startup_lpc18xx43xx.o
    0x14000114   0x14000114   0x00000008   Code   RO         1495  * !!!main             c_w.l(__main.o)
    0x1400011c   0x1400011c   0x00000034   Code   RO         1660    !!!scatter          c_w.l(__scatter.o)
    0x14000150   0x14000150   0x0000001a   Code   RO         1662    !!handler_copy      c_w.l(__scatter_copy.o)
    0x1400016a   0x1400016a   0x00000002   PAD
    0x1400016c   0x1400016c   0x0000001c   Code   RO         1664    !!handler_zi        c_w.l(__scatter_zi.o)
    0x14000188   0x14000188   0x00000002   Code   RO         1532    .ARM.Collect$$libinit$$00000000  c_w.l(libinit.o)
    0x1400018a   0x1400018a   0x00000004   Code   RO         1544    .ARM.Collect$$libinit$$00000001  c_w.l(libinit2.o)
    0x1400018e   0x1400018e   0x00000000   Code   RO         1547    .ARM.Collect$$libinit$$00000004  c_w.l(libinit2.o)
    0x1400018e   0x1400018e   0x00000000   Code   RO         1550    .ARM.Collect$$libinit$$0000000A  c_w.l(libinit2.o)
    0x1400018e   0x1400018e   0x00000000   Code   RO         1552    .ARM.Collect$$libinit$$0000000C  c_w.l(libinit2.o)
    0x1400018e   0x1400018e   0x00000000   Code   RO         1554    .ARM.Collect$$libinit$$0000000E  c_w.l(libinit2.o)
    0x1400018e   0x1400018e   0x00000000   Code   RO         1557    .ARM.Collect$$libinit$$00000011  c_w.l(libinit2.o)
    0x1400018e   0x1400018e   0x00000000   Code   RO         1559    .ARM.Collect$$libinit$$00000013  c_w.l(libinit2.o)
    0x1400018e   0x1400018e   0x00000000   Code   RO         1561    .ARM.Collect$$libinit$$00000015  c_w.l(libinit2.o)
    0x1400018e   0x1400018e   0x00000000   Code   RO         1563    .ARM.Collect$$libinit$$00000017  c_w.l(libinit2.o)
    0x1400018e   0x1400018e   0x00000000   Code   RO         1565    .ARM.Collect$$libinit$$00000019  c_w.l(libinit2.o)
    0x1400018e   0x1400018e   0x00000000   Code   RO         1567    .ARM.Collect$$libinit$$0000001B  c_w.l(libinit2.o)
    0x1400018e   0x1400018e   0x00000000   Code   RO         1569    .ARM.Collect$$libinit$$0000001D  c_w.l(libinit2.o)
    0x1400018e   0x1400018e   0x00000000   Code   RO         1571    .ARM.Collect$$libinit$$0000001F  c_w.l(libinit2.o)
    0x1400018e   0x1400018e   0x00000000   Code   RO         1573    .ARM.Collect$$libinit$$00000021  c_w.l(libinit2.o)
    0x1400018e   0x1400018e   0x00000000   Code   RO         1575    .ARM.Collect$$libinit$$00000023  c_w.l(libinit2.o)
    0x1400018e   0x1400018e   0x00000000   Code   RO         1577    .ARM.Collect$$libinit$$00000025  c_w.l(libinit2.o)
    0x1400018e   0x1400018e   0x00000000   Code   RO         1581    .ARM.Collect$$libinit$$0000002C  c_w.l(libinit2.o)
    0x1400018e   0x1400018e   0x00000000   Code   RO         1583    .ARM.Collect$$libinit$$0000002E  c_w.l(libinit2.o)
    0x1400018e   0x1400018e   0x00000000   Code   RO         1585    .ARM.Collect$$libinit$$00000030  c_w.l(libinit2.o)
    0x1400018e   0x1400018e   0x00000000   Code   RO         1587    .ARM.Collect$$libinit$$00000032  c_w.l(libinit2.o)
    0x1400018e   0x1400018e   0x00000002   Code   RO         1588    .ARM.Collect$$libinit$$00000033  c_w.l(libinit2.o)
    0x14000190   0x14000190   0x00000002   Code   RO         1614    .ARM.Collect$$libshutdown$$00000000  c_w.l(libshutdown.o)
    0x14000192   0x14000192   0x00000000   Code   RO         1643    .ARM.Collect$$libshutdown$$00000002  c_w.l(libshutdown2.o)
    0x14000192   0x14000192   0x00000000   Code   RO         1645    .ARM.Collect$$libshutdown$$00000004  c_w.l(libshutdown2.o)
    0x14000192   0x14000192   0x00000000   Code   RO         1648    .ARM.Collect$$libshutdown$$00000007  c_w.l(libshutdown2.o)
    0x14000192   0x14000192   0x00000000   Code   RO         1651    .ARM.Collect$$libshutdown$$0000000A  c_w.l(libshutdown2.o)
    0x14000192   0x14000192   0x00000000   Code   RO         1653    .ARM.Collect$$libshutdown$$0000000C  c_w.l(libshutdown2.o)
    0x14000192   0x14000192   0x00000000   Code   RO         1656    .ARM.Collect$$libshutdown$$0000000F  c_w.l(libshutdown2.o)
    0x14000192   0x14000192   0x00000002   Code   RO         1657    .ARM.Collect$$libshutdown$$00000010  c_w.l(libshutdown2.o)
    0x14000194   0x14000194   0x00000000   Code   RO         1497    .ARM.Collect$$rtentry$$00000000  c_w.l(__rtentry.o)
    0x14000194   0x14000194   0x00000000   Code   RO         1503    .ARM.Collect$$rtentry$$00000002  c_w.l(__rtentry2.o)
    0x14000194   0x14000194   0x00000006   Code   RO         1515    .ARM.Collect$$rtentry$$00000004  c_w.l(__rtentry4.o)
    0x1400019a   0x1400019a   0x00000000   Code   RO         1505    .ARM.Collect$$rtentry$$00000009  c_w.l(__rtentry2.o)
    0x1400019a   0x1400019a   0x00000004   Code   RO         1506    .ARM.Collect$$rtentry$$0000000A  c_w.l(__rtentry2.o)
    0x1400019e   0x1400019e   0x00000000   Code   RO         1508    .ARM.Collect$$rtentry$$0000000C  c_w.l(__rtentry2.o)
    0x1400019e   0x1400019e   0x00000008   Code   RO         1509    .ARM.Collect$$rtentry$$0000000D  c_w.l(__rtentry2.o)
    0x140001a6   0x140001a6   0x00000002   Code   RO         1536    .ARM.Collect$$rtexit$$00000000  c_w.l(rtexit.o)
    0x140001a8   0x140001a8   0x00000000   Code   RO         1590    .ARM.Collect$$rtexit$$00000002  c_w.l(rtexit2.o)
    0x140001a8   0x140001a8   0x00000004   Code   RO         1591    .ARM.Collect$$rtexit$$00000003  c_w.l(rtexit2.o)
    0x140001ac   0x140001ac   0x00000006   Code   RO         1592    .ARM.Collect$$rtexit$$00000004  c_w.l(rtexit2.o)
    0x140001b2   0x140001b2   0x00000002   PAD
    0x140001b4   0x140001b4   0x00000044   Code   RO          273    .text               keil_startup_lpc18xx43xx.o
    0x140001f8   0x140001f8   0x00000064   Code   RO         1489    .text               c_w.l(rt_memcpy_w.o)
    0x1400025c   0x1400025c   0x0000004e   Code   RO         1491    .text               c_w.l(rt_memclr_w.o)
    0x140002aa   0x140002aa   0x00000006   Code   RO         1493    .text               c_w.l(heapauxi.o)
    0x140002b0   0x140002b0   0x0000004a   Code   RO         1519    .text               c_w.l(sys_stackheap_outer.o)
    0x140002fa   0x140002fa   0x00000012   Code   RO         1521    .text               c_w.l(exit.o)
    0x1400030c   0x1400030c   0x00000008   Code   RO         1533    .text               c_w.l(libspace.o)
    0x14000314   0x14000314   0x00000008   Code   RO         1013    i.ABS               lib_lpc_chip_43xx.lib(clock_18xx_43xx.o)
    0x1400031c   0x1400031c   0x00000018   Code   RO          231    i.ATIMER_ClearInts  atimer.o
    0x14000334   0x14000334   0x00000028   Code   RO          605    i.Board_Debug_Init  lib_lpc_board_nxp_lpclink2_4370.lib(board.o)
    0x1400035c   0x1400035c   0x00000028   Code   RO          607    i.Board_Init        lib_lpc_board_nxp_lpclink2_4370.lib(board.o)
    0x14000384   0x14000384   0x00000010   Code   RO          609    i.Board_LED_Set     lib_lpc_board_nxp_lpclink2_4370.lib(board.o)
    0x14000394   0x14000394   0x00000088   Code   RO          961    i.Board_SetupClocking  lib_lpc_board_nxp_lpclink2_4370.lib(board_sysinit.o)
    0x1400041c   0x1400041c   0x0000001c   Code   RO          962    i.Board_SetupMuxing  lib_lpc_board_nxp_lpclink2_4370.lib(board_sysinit.o)
    0x14000438   0x14000438   0x0000000e   Code   RO          963    i.Board_SystemInit  lib_lpc_board_nxp_lpclink2_4370.lib(board_sysinit.o)
    0x14000446   0x14000446   0x00000002   PAD
    0x14000448   0x14000448   0x00000030   Code   RO          616    i.Board_UART_Init   lib_lpc_board_nxp_lpclink2_4370.lib(board.o)
    0x14000478   0x14000478   0x0000000a   Code   RO          280    i.Chip_ATIMER_Init  lib_lpc_chip_43xx.lib(atimer_18xx_43xx.o)
    0x14000482   0x14000482   0x00000002   PAD
    0x14000484   0x14000484   0x00000070   Code   RO         1014    i.Chip_Clock_CalcMainPLLValue  lib_lpc_chip_43xx.lib(clock_18xx_43xx.o)
    0x140004f4   0x140004f4   0x00000044   Code   RO         1022    i.Chip_Clock_EnableCrystal  lib_lpc_chip_43xx.lib(clock_18xx_43xx.o)
    0x14000538   0x14000538   0x00000034   Code   RO         1023    i.Chip_Clock_EnableOpts  lib_lpc_chip_43xx.lib(clock_18xx_43xx.o)
    0x1400056c   0x1400056c   0x00000020   Code   RO         1025    i.Chip_Clock_GetBaseClock  lib_lpc_chip_43xx.lib(clock_18xx_43xx.o)
    0x1400058c   0x1400058c   0x0000000e   Code   RO         1027    i.Chip_Clock_GetBaseClocktHz  lib_lpc_chip_43xx.lib(clock_18xx_43xx.o)
    0x1400059a   0x1400059a   0x00000002   PAD
    0x1400059c   0x1400059c   0x000000a0   Code   RO         1028    i.Chip_Clock_GetClockInputHz  lib_lpc_chip_43xx.lib(clock_18xx_43xx.o)
    0x1400063c   0x1400063c   0x00000022   Code   RO         1029    i.Chip_Clock_GetDivRate  lib_lpc_chip_43xx.lib(clock_18xx_43xx.o)
    0x1400065e   0x1400065e   0x00000002   PAD
    0x14000660   0x14000660   0x00000020   Code   RO         1030    i.Chip_Clock_GetDividerDivisor  lib_lpc_chip_43xx.lib(clock_18xx_43xx.o)
    0x14000680   0x14000680   0x0000001c   Code   RO         1031    i.Chip_Clock_GetDividerSource  lib_lpc_chip_43xx.lib(clock_18xx_43xx.o)
    0x1400069c   0x1400069c   0x0000005c   Code   RO         1033    i.Chip_Clock_GetMainPLLHz  lib_lpc_chip_43xx.lib(clock_18xx_43xx.o)
    0x140006f8   0x140006f8   0x00000078   Code   RO         1035    i.Chip_Clock_GetRate  lib_lpc_chip_43xx.lib(clock_18xx_43xx.o)
    0x14000770   0x14000770   0x00000038   Code   RO         1038    i.Chip_Clock_SetBaseClock  lib_lpc_chip_43xx.lib(clock_18xx_43xx.o)
    0x140007a8   0x140007a8   0x00000044   Code   RO         1039    i.Chip_Clock_SetDivider  lib_lpc_chip_43xx.lib(clock_18xx_43xx.o)
    0x140007ec   0x140007ec   0x00000028   Code   RO         1382    i.Chip_Clock_SetupMainPLL  lib_lpc_chip_43xx.lib(sysinit_18xx_43xx.o)
    0x14000814   0x14000814   0x00000040   Code   RO          544    i.Chip_EVRT_ConfigIntSrcActiveType  lib_lpc_chip_43xx.lib(evrt_18xx_43xx.o)
    0x14000854   0x14000854   0x0000003c   Code   RO          545    i.Chip_EVRT_Init    lib_lpc_chip_43xx.lib(evrt_18xx_43xx.o)
    0x14000890   0x14000890   0x00000018   Code   RO          546    i.Chip_EVRT_IsSourceInterrupting  lib_lpc_chip_43xx.lib(evrt_18xx_43xx.o)
    0x140008a8   0x140008a8   0x00000018   Code   RO          547    i.Chip_EVRT_SetUpIntSrc  lib_lpc_chip_43xx.lib(evrt_18xx_43xx.o)
    0x140008c0   0x140008c0   0x00000002   Code   RO         1230    i.Chip_GPIO_Init    lib_lpc_chip_43xx.lib(gpio_18xx_43xx.o)
    0x140008c2   0x140008c2   0x00000002   PAD
    0x140008c4   0x140008c4   0x00000028   Code   RO          964    i.Chip_SCU_SetPinMuxing  lib_lpc_board_nxp_lpclink2_4370.lib(board_sysinit.o)
    0x140008ec   0x140008ec   0x000000f0   Code   RO         1383    i.Chip_SetupCoreClock  lib_lpc_chip_43xx.lib(sysinit_18xx_43xx.o)
    0x140009dc   0x140009dc   0x0000002c   Code   RO         1259    i.Chip_UART_GetIndex  lib_lpc_chip_43xx.lib(uart_18xx_43xx.o)
    0x14000a08   0x14000a08   0x0000004c   Code   RO         1261    i.Chip_UART_Init    lib_lpc_chip_43xx.lib(uart_18xx_43xx.o)
    0x14000a54   0x14000a54   0x00000048   Code   RO         1269    i.Chip_UART_SetBaud  lib_lpc_chip_43xx.lib(uart_18xx_43xx.o)
    0x14000a9c   0x14000a9c   0x00000016   Code   RO          232    i.EVRT_IRQHandler   atimer.o
    0x14000ab2   0x14000ab2   0x00000002   PAD
    0x14000ab4   0x14000ab4   0x00000014   Code   RO          496    i.SystemCoreClockUpdate  lib_lpc_chip_43xx.lib(chip_18xx_43xx.o)
    0x14000ac8   0x14000ac8   0x0000001c   Code   RO            3    i.SystemInit        sysinit.o
    0x14000ae4   0x14000ae4   0x00000004   Code   RO          619    i._sys_exit         lib_lpc_board_nxp_lpclink2_4370.lib(board.o)
    0x14000ae8   0x14000ae8   0x0000003c   Code   RO          582    i.fpuInit           lib_lpc_chip_43xx.lib(fpu_init.o)
    0x14000b24   0x14000b24   0x00000054   Code   RO          233    i.main              atimer.o
    0x14000b78   0x14000b78   0x000000a0   Code   RO         1045    i.pll_calc_divs     lib_lpc_chip_43xx.lib(clock_18xx_43xx.o)
    0x14000c18   0x14000c18   0x000000bc   Code   RO         1046    i.pll_get_frac      lib_lpc_chip_43xx.lib(clock_18xx_43xx.o)
    0x14000cd4   0x14000cd4   0x0000000a   Code   RO         1602    x$fpl$fpinit        fz_wm.l(fpinit.o)
    0x14000cde   0x14000cde   0x00000002   PAD
    0x14000ce0   0x14000ce0   0x00000004   Data   RO          624    .constdata          lib_lpc_board_nxp_lpclink2_4370.lib(board.o)
    0x14000ce4   0x14000ce4   0x00000004   Data   RO          625    .constdata          lib_lpc_board_nxp_lpclink2_4370.lib(board.o)
    0x14000ce8   0x14000ce8   0x0000002c   Data   RO          965    .constdata          lib_lpc_board_nxp_lpclink2_4370.lib(board_sysinit.o)
    0x14000d14   0x14000d14   0x0000006c   Data   RO         1047    .constdata          lib_lpc_chip_43xx.lib(clock_18xx_43xx.o)
    0x14000d80   0x14000d80   0x00000010   Data   RO         1273    .constdata          lib_lpc_chip_43xx.lib(uart_18xx_43xx.o)
    0x14000d90   0x14000d90   0x00000048   Data   RO         1387    .constdata          lib_lpc_chip_43xx.lib(sysinit_18xx_43xx.o)
    0x14000dd8   0x14000dd8   0x00000020   Data   RO         1658    Region$$Table       anon$$obj.o


==============================================================================

Image component sizes


      Code (inc. data)   RO Data    RW Data    ZI Data      Debug   Object Name

       130         16          0          0          0      31940   atimer.o
        68         28        276          0      26624        996   keil_startup_lpc18xx43xx.o
        28          8          0          0          0       6613   sysinit.o

    ----------------------------------------------------------------------
       228         52        308          0      26624      39549   Object Totals
         0          0         32          0          0          0   (incl. Generated)
         2          0          0          0          0          0   (incl. Padding)

    ----------------------------------------------------------------------

      Code (inc. data)   RO Data    RW Data    ZI Data      Debug   Library Member Name

         8          0          0          0          0         68   __main.o
         0          0          0          0          0          0   __rtentry.o
        12          0          0          0          0          0   __rtentry2.o
         6          0          0          0          0          0   __rtentry4.o
        52          8          0          0          0          0   __scatter.o
        26          0          0          0          0          0   __scatter_copy.o
        28          0          0          0          0          0   __scatter_zi.o
        18          0          0          0          0         80   exit.o
         6          0          0          0          0        152   heapauxi.o
         2          0          0          0          0          0   libinit.o
         6          0          0          0          0          0   libinit2.o
         2          0          0          0          0          0   libshutdown.o
         2          0          0          0          0          0   libshutdown2.o
         8          4          0          0         96         68   libspace.o
        78          0          0          0          0         80   rt_memclr_w.o
       100          0          0          0          0         80   rt_memcpy_w.o
         2          0          0          0          0          0   rtexit.o
        10          0          0          0          0          0   rtexit2.o
        74          0          0          0          0         80   sys_stackheap_outer.o
        10          0          0          0          0        116   fpinit.o
       148         36          8          0          0      20377   board.o
       218         26         44          0          0       6125   board_sysinit.o
        10          0          0          0          0      11415   atimer_18xx_43xx.o
        20          6          0          4          0       1302   chip_18xx_43xx.o
      1224        160        108          8          0      15497   clock_18xx_43xx.o
       172         28          0          0          0       2757   evrt_18xx_43xx.o
        60         14          0          0          0       1350   fpu_init.o
         2          0          0          0          0        561   gpio_18xx_43xx.o
       280         18         72          0          0       3570   sysinit_18xx_43xx.o
       192         20         16          0          0      10578   uart_18xx_43xx.o

    ----------------------------------------------------------------------
      2792        320        248         12        100      74256   Library Totals
        16          0          0          0          4          0   (incl. Padding)

    ----------------------------------------------------------------------

      Code (inc. data)   RO Data    RW Data    ZI Data      Debug   Library Name

       440         12          0          0         96        608   c_w.l
        10          0          0          0          0        116   fz_wm.l
       366         62         52          0          0      26502   lib_lpc_board_nxp_lpclink2_4370.lib
      1960        246        196         12          0      47030   lib_lpc_chip_43xx.lib

    ----------------------------------------------------------------------
      2792        320        248         12        100      74256   Library Totals

    ----------------------------------------------------------------------

==============================================================================


      Code (inc. data)   RO Data    RW Data    ZI Data      Debug   

      3020        372        556         12      26724     109949   Grand Totals
      3020        372        556         12      26724     109949   ELF Image Totals
      3020        372        556         12          0          0   ROM Totals

==============================================================================

    Total RO  Size (Code + RO Data)                 3576 (   3.49kB)
    Total RW  Size (RW Data + ZI Data)             26736 (  26.11kB)
    Total ROM Size (Code + RO Data + RW Data)       3588 (   3.50kB)

==============================================================================

